[
    [
        1771529501229,
        "[2026-02-19T19:31:41.228+0000][0.961s][info][gc,start    ] GC(0) Pause Young (Normal) (G1 Evacuation Pause)"
    ],
    [
        1771529501234,
        "[2026-02-19T19:31:41.234+0000][0.966s][info][gc          ] GC(0) Pause Young (Normal) (G1 Evacuation Pause) 6M->1M(18M) 5.184ms"
    ],
    [
        1771529501811,
        "[2026-02-19T19:31:41.811+0000][1.544s][info][gc,start    ] GC(1) Pause Young (Normal) (G1 Evacuation Pause)"
    ],
    [
        1771529501818,
        "[2026-02-19T19:31:41.818+0000][1.550s][info][gc          ] GC(1) Pause Young (Normal) (G1 Evacuation Pause) 7M->2M(18M) 6.259ms"
    ],
    [
        1771529502013,
        "[2026-02-19T19:31:42.013+0000][1.745s][info][gc,start    ] GC(2) Pause Young (Normal) (G1 Evacuation Pause)"
    ],
    [
        1771529502016,
        "[2026-02-19T19:31:42.016+0000][1.749s][info][gc          ] GC(2) Pause Young (Normal) (G1 Evacuation Pause) 9M->2M(18M) 3.752ms"
    ],
    [
        1771529503027,
        "[2026-02-19T19:31:43.027+0000][2.760s][info][gc,start    ] GC(3) Pause Young (Normal) (G1 Evacuation Pause)"
    ],
    [
        1771529503031,
        "[2026-02-19T19:31:43.031+0000][2.763s][info][gc          ] GC(3) Pause Young (Normal) (G1 Evacuation Pause) 10M->3M(18M) 3.403ms"
    ],
    [
        1771529503821,
        "[2026-02-19T19:31:43.821+0000][3.553s][info][gc,start    ] GC(4) Pause Young (Normal) (G1 Evacuation Pause)"
    ],
    [
        1771529503828,
        "[2026-02-19T19:31:43.828+0000][3.560s][info][gc          ] GC(4) Pause Young (Normal) (G1 Evacuation Pause) 11M->3M(18M) 7.295ms"
    ],
    [
        1771529504426,
        "[2026-02-19T19:31:44.426+0000][4.159s][info][gc,start    ] GC(5) Pause Young (Normal) (G1 Evacuation Pause)"
    ],
    [
        1771529504429,
        "[2026-02-19T19:31:44.429+0000][4.162s][info][gc          ] GC(5) Pause Young (Normal) (G1 Evacuation Pause) 10M->3M(18M) 2.942ms"
    ],
    [
        1771529504912,
        "[2026-02-19T19:31:44.912+0000][4.645s][info][gc,start    ] GC(6) Pause Young (Normal) (G1 Evacuation Pause)"
    ],
    [
        1771529504916,
        "[2026-02-19T19:31:44.916+0000][4.649s][info][gc          ] GC(6) Pause Young (Normal) (G1 Evacuation Pause) 11M->3M(18M) 4.358ms"
    ],
    [
        1771529505727,
        "[2026-02-19T19:31:45.727+0000][5.460s][info][gc,start    ] GC(7) Pause Young (Normal) (G1 Evacuation Pause)"
    ],
    [
        1771529505733,
        "[2026-02-19T19:31:45.733+0000][5.466s][info][gc          ] GC(7) Pause Young (Normal) (G1 Evacuation Pause) 11M->4M(18M) 5.867ms"
    ],
    [
        1771529506431,
        "[2026-02-19T19:31:46.430+0000][6.163s][info][gc,start    ] GC(8) Pause Young (Normal) (G1 Evacuation Pause)"
    ],
    [
        1771529506434,
        "[2026-02-19T19:31:46.434+0000][6.166s][info][gc          ] GC(8) Pause Young (Normal) (G1 Evacuation Pause) 11M->4M(18M) 3.441ms"
    ],
    [
        1771529507217,
        "[2026-02-19T19:31:47.217+0000][6.950s][info][gc,start    ] GC(9) Pause Young (Normal) (G1 Evacuation Pause)"
    ],
    [
        1771529507225,
        "[2026-02-19T19:31:47.225+0000][6.958s][info][gc          ] GC(9) Pause Young (Normal) (G1 Evacuation Pause) 11M->5M(18M) 7.991ms"
    ],
    [
        1771529507530,
        "[2026-02-19T19:31:47.530+0000][7.262s][info][gc,start    ] GC(10) Pause Young (Normal) (G1 Evacuation Pause)"
    ],
    [
        1771529507533,
        "[2026-02-19T19:31:47.533+0000][7.266s][info][gc          ] GC(10) Pause Young (Normal) (G1 Evacuation Pause) 11M->5M(18M) 3.858ms"
    ],
    [
        1771529507834,
        "[2026-02-19T19:31:47.834+0000][7.566s][info][gc,start    ] GC(11) Pause Young (Normal) (G1 Evacuation Pause)"
    ],
    [
        1771529507916,
        "[2026-02-19T19:31:47.916+0000][7.648s][info][gc          ] GC(11) Pause Young (Normal) (G1 Evacuation Pause) 12M->5M(18M) 81.710ms"
    ],
    [
        1771529508124,
        "[2026-02-19T19:31:48.124+0000][7.857s][info][gc,start    ] GC(12) Pause Young (Normal) (G1 Evacuation Pause)"
    ],
    [
        1771529508128,
        "[2026-02-19T19:31:48.128+0000][7.860s][info][gc          ] GC(12) Pause Young (Normal) (G1 Evacuation Pause) 12M->5M(18M) 3.503ms"
    ],
    [
        1771529508426,
        "[2026-02-19T19:31:48.426+0000][8.159s][info][gc,start    ] GC(13) Pause Young (Normal) (G1 Evacuation Pause)"
    ],
    [
        1771529508432,
        "[2026-02-19T19:31:48.432+0000][8.165s][info][gc          ] GC(13) Pause Young (Normal) (G1 Evacuation Pause) 12M->5M(22M) 6.439ms"
    ],
    [
        1771529508749,
        "[2026-02-19T19:31:48.749+0000][8.481s][info][gc,start    ] GC(14) Pause Young (Normal) (G1 Evacuation Pause)"
    ],
    [
        1771529508814,
        "[2026-02-19T19:31:48.814+0000][8.547s][info][gc          ] GC(14) Pause Young (Normal) (G1 Evacuation Pause) 14M->6M(22M) 65.309ms"
    ],
    [
        1771529509120,
        "[2026-02-19T19:31:49.120+0000][8.852s][info][gc,start    ] GC(15) Pause Young (Normal) (G1 Evacuation Pause)"
    ],
    [
        1771529509122,
        "[2026-02-19T19:31:49.122+0000][8.855s][info][gc          ] GC(15) Pause Young (Normal) (G1 Evacuation Pause) 15M->6M(22M) 2.443ms"
    ],
    [
        1771529509420,
        "[2026-02-19T19:31:49.420+0000][9.152s][info][gc,start    ] GC(16) Pause Young (Normal) (G1 Evacuation Pause)"
    ],
    [
        1771529509424,
        "[2026-02-19T19:31:49.424+0000][9.156s][info][gc          ] GC(16) Pause Young (Normal) (G1 Evacuation Pause) 14M->6M(22M) 3.847ms"
    ],
    [
        1771529509812,
        "[2026-02-19T19:31:49.812+0000][9.544s][info][gc,start    ] GC(17) Pause Young (Normal) (G1 Evacuation Pause)"
    ],
    [
        1771529509816,
        "[2026-02-19T19:31:49.816+0000][9.549s][info][gc          ] GC(17) Pause Young (Normal) (G1 Evacuation Pause) 14M->6M(22M) 4.568ms"
    ],
    [
        1771529510312,
        "[2026-02-19T19:31:50.312+0000][10.045s][info][gc,start    ] GC(18) Pause Young (Normal) (G1 Evacuation Pause)"
    ],
    [
        1771529510318,
        "[2026-02-19T19:31:50.318+0000][10.050s][info][gc          ] GC(18) Pause Young (Normal) (G1 Evacuation Pause) 14M->7M(22M) 5.466ms"
    ],
    [
        1771529510722,
        "[2026-02-19T19:31:50.722+0000][10.455s][info][gc,start    ] GC(19) Pause Young (Normal) (G1 Evacuation Pause)"
    ],
    [
        1771529510727,
        "[2026-02-19T19:31:50.727+0000][10.460s][info][gc          ] GC(19) Pause Young (Normal) (G1 Evacuation Pause) 15M->8M(22M) 4.940ms"
    ],
    [
        1771529511123,
        "[2026-02-19T19:31:51.123+0000][10.856s][info][gc,start    ] GC(20) Pause Young (Normal) (G1 Evacuation Pause)"
    ],
    [
        1771529511125,
        "[2026-02-19T19:31:51.125+0000][10.858s][info][gc          ] GC(20) Pause Young (Normal) (G1 Evacuation Pause) 15M->8M(35M) 2.227ms"
    ],
    [
        1771529512026,
        "[2026-02-19T19:31:52.026+0000][11.758s][info][gc,start    ] GC(21) Pause Young (Normal) (G1 Evacuation Pause)"
    ],
    [
        1771529512030,
        "[2026-02-19T19:31:52.030+0000][11.763s][info][gc          ] GC(21) Pause Young (Normal) (G1 Evacuation Pause) 26M->9M(35M) 4.373ms"
    ],
    [
        1771529512320,
        "[2026-02-19T19:31:52.320+0000][12.053s][info][gc,start    ] GC(22) Pause Young (Concurrent Start) (Metadata GC Threshold)"
    ],
    [
        1771529512324,
        "[2026-02-19T19:31:52.324+0000][12.056s][info][gc          ] GC(22) Pause Young (Concurrent Start) (Metadata GC Threshold) 12M->9M(35M) 3.708ms"
    ],
    [
        1771529512428,
        "[2026-02-19T19:31:52.428+0000][12.160s][info][gc,start    ] GC(23) Pause Remark"
    ],
    [
        1771529512431,
        "[2026-02-19T19:31:52.431+0000][12.163s][info][gc          ] GC(23) Pause Remark 11M->11M(35M) 2.967ms"
    ],
    [
        1771529512432,
        "[2026-02-19T19:31:52.431+0000][12.164s][info][gc,start    ] GC(23) Pause Cleanup"
    ],
    [
        1771529512432,
        "[2026-02-19T19:31:52.432+0000][12.164s][info][gc          ] GC(23) Pause Cleanup 11M->11M(35M) 0.067ms"
    ],
    [
        1771529513723,
        "[2026-02-19T19:31:53.723+0000][13.455s][info][gc,start    ] GC(24) Pause Young (Concurrent Start) (G1 Evacuation Pause)"
    ],
    [
        1771529513728,
        "[2026-02-19T19:31:53.728+0000][13.460s][info][gc          ] GC(24) Pause Young (Concurrent Start) (G1 Evacuation Pause) 25M->11M(35M) 5.048ms"
    ],
    [
        1771529513833,
        "[2026-02-19T19:31:53.833+0000][13.565s][info][gc,start    ] GC(25) Pause Remark"
    ],
    [
        1771529513836,
        "[2026-02-19T19:31:53.836+0000][13.569s][info][gc          ] GC(25) Pause Remark 12M->12M(35M) 3.382ms"
    ],
    [
        1771529513933,
        "[2026-02-19T19:31:53.933+0000][13.666s][info][gc,start    ] GC(25) Pause Cleanup"
    ],
    [
        1771529513934,
        "[2026-02-19T19:31:53.934+0000][13.666s][info][gc          ] GC(25) Pause Cleanup 13M->13M(35M) 0.142ms"
    ],
    [
        1771529514734,
        "[2026-02-19T19:31:54.733+0000][14.466s][info][gc,start    ] GC(26) Pause Young (Normal) (G1 Evacuation Pause)"
    ],
    [
        1771529514825,
        "[2026-02-19T19:31:54.825+0000][14.558s][info][gc          ] GC(26) Pause Young (Normal) (G1 Evacuation Pause) 24M->12M(35M) 91.624ms"
    ],
    [
        1771529516023,
        "[2026-02-19T19:31:56.023+0000][15.755s][info][gc,start    ] GC(27) Pause Young (Normal) (G1 Evacuation Pause)"
    ],
    [
        1771529516028,
        "[2026-02-19T19:31:56.028+0000][15.760s][info][gc          ] GC(27) Pause Young (Normal) (G1 Evacuation Pause) 25M->12M(35M) 5.231ms"
    ],
    [
        1771529517127,
        "[2026-02-19T19:31:57.127+0000][16.859s][info][gc,start    ] GC(28) Pause Young (Normal) (G1 Evacuation Pause)"
    ],
    [
        1771529517132,
        "[2026-02-19T19:31:57.132+0000][16.865s][info][gc          ] GC(28) Pause Young (Normal) (G1 Evacuation Pause) 25M->13M(35M) 5.467ms"
    ],
    [
        1771529517813,
        "[2026-02-19T19:31:57.813+0000][17.546s][info][gc,start    ] GC(29) Pause Young (Normal) (G1 Evacuation Pause)"
    ],
    [
        1771529517817,
        "[2026-02-19T19:31:57.817+0000][17.549s][info][gc          ] GC(29) Pause Young (Normal) (G1 Evacuation Pause) 25M->13M(35M) 3.889ms"
    ],
    [
        1771529518734,
        "[2026-02-19T19:31:58.734+0000][18.467s][info][gc,start    ] GC(30) Pause Young (Normal) (G1 Evacuation Pause)"
    ],
    [
        1771529518816,
        "[2026-02-19T19:31:58.816+0000][18.548s][info][gc          ] GC(30) Pause Young (Normal) (G1 Evacuation Pause) 25M->14M(35M) 81.855ms"
    ],
    [
        1771529519419,
        "[2026-02-19T19:31:59.419+0000][19.151s][info][gc,start    ] GC(31) Pause Young (Normal) (G1 Evacuation Pause)"
    ],
    [
        1771529519425,
        "[2026-02-19T19:31:59.425+0000][19.158s][info][gc          ] GC(31) Pause Young (Normal) (G1 Evacuation Pause) 25M->15M(35M) 6.811ms"
    ],
    [
        1771529520333,
        "[2026-02-19T19:32:00.333+0000][20.066s][info][gc,start    ] GC(32) Pause Young (Concurrent Start) (G1 Evacuation Pause)"
    ],
    [
        1771529520413,
        "[2026-02-19T19:32:00.413+0000][20.145s][info][gc          ] GC(32) Pause Young (Concurrent Start) (G1 Evacuation Pause) 26M->16M(35M) 79.527ms"
    ],
    [
        1771529520711,
        "[2026-02-19T19:32:00.711+0000][20.444s][info][gc,start    ] GC(33) Pause Remark"
    ],
    [
        1771529520716,
        "[2026-02-19T19:32:00.716+0000][20.449s][info][gc          ] GC(33) Pause Remark 19M->19M(37M) 5.089ms"
    ],
    [
        1771529520824,
        "[2026-02-19T19:32:00.824+0000][20.556s][info][gc,start    ] GC(33) Pause Cleanup"
    ],
    [
        1771529520824,
        "[2026-02-19T19:32:00.824+0000][20.557s][info][gc          ] GC(33) Pause Cleanup 20M->20M(37M) 0.100ms"
    ],
    [
        1771529521339,
        "[2026-02-19T19:32:01.339+0000][21.072s][info][gc,start    ] GC(34) Pause Young (Normal) (G1 Evacuation Pause)"
    ],
    [
        1771529521411,
        "[2026-02-19T19:32:01.411+0000][21.143s][info][gc          ] GC(34) Pause Young (Normal) (G1 Evacuation Pause) 26M->17M(37M) 71.866ms"
    ],
    [
        1771529521707,
        "[2026-02-19T19:32:01.707+0000][1.226s][info][gc,start    ] GC(0) Pause Young (Normal) (G1 Evacuation Pause)"
    ],
    [
        1771529521720,
        "[2026-02-19T19:32:01.720+0000][1.240s][info][gc          ] GC(0) Pause Young (Normal) (G1 Evacuation Pause) 6M->1M(18M) 13.311ms"
    ],
    [
        1771529522142,
        "[2026-02-19T19:32:02.142+0000][21.874s][info][gc,start    ] GC(35) Pause Young (Concurrent Start) (G1 Evacuation Pause)"
    ],
    [
        1771529522165,
        "[2026-02-19T19:32:02.165+0000][21.897s][info][gc          ] GC(35) Pause Young (Concurrent Start) (G1 Evacuation Pause) 28M->17M(37M) 23.033ms"
    ],
    [
        1771529522207,
        "[2026-02-19T19:32:02.207+0000][1.726s][info][gc,start    ] GC(1) Pause Young (Normal) (G1 Evacuation Pause)"
    ],
    [
        1771529522217,
        "[2026-02-19T19:32:02.217+0000][1.737s][info][gc          ] GC(1) Pause Young (Normal) (G1 Evacuation Pause) 8M->2M(18M) 10.483ms"
    ],
    [
        1771529522528,
        "[2026-02-19T19:32:02.528+0000][22.260s][info][gc,start    ] GC(36) Pause Remark"
    ],
    [
        1771529522530,
        "[2026-02-19T19:32:02.529+0000][2.049s][info][gc,start    ] GC(2) Pause Young (Normal) (G1 Evacuation Pause)"
    ],
    [
        1771529522539,
        "[2026-02-19T19:32:02.539+0000][22.271s][info][gc          ] GC(36) Pause Remark 19M->19M(37M) 10.959ms"
    ],
    [
        1771529522591,
        "[2026-02-19T19:32:02.591+0000][2.111s][info][gc          ] GC(2) Pause Young (Normal) (G1 Evacuation Pause) 10M->2M(18M) 62.068ms"
    ],
    [
        1771529522716,
        "[2026-02-19T19:32:02.715+0000][22.447s][info][gc,start    ] GC(36) Pause Cleanup"
    ],
    [
        1771529522716,
        "[2026-02-19T19:32:02.716+0000][22.448s][info][gc          ] GC(36) Pause Cleanup 19M->19M(37M) 1.028ms"
    ],
    [
        1771529523321,
        "[2026-02-19T19:32:03.321+0000][23.053s][info][gc,start    ] GC(37) Pause Young (Normal) (G1 Evacuation Pause)"
    ],
    [
        1771529523330,
        "[2026-02-19T19:32:03.330+0000][23.063s][info][gc          ] GC(37) Pause Young (Normal) (G1 Evacuation Pause) 27M->18M(37M) 9.518ms"
    ],
    [
        1771529523824,
        "[2026-02-19T19:32:03.824+0000][23.557s][info][gc,start    ] GC(38) Pause Young (Concurrent Start) (G1 Evacuation Pause)"
    ],
    [
        1771529523830,
        "[2026-02-19T19:32:03.830+0000][23.562s][info][gc          ] GC(38) Pause Young (Concurrent Start) (G1 Evacuation Pause) 27M->18M(71M) 5.529ms"
    ],
    [
        1771529524096,
        "[2026-02-19T19:32:04.096+0000][3.615s][info][gc,start    ] GC(3) Pause Young (Normal) (G1 Evacuation Pause)"
    ],
    [
        1771529524101,
        "[2026-02-19T19:32:04.101+0000][3.621s][info][gc          ] GC(3) Pause Young (Normal) (G1 Evacuation Pause) 10M->3M(18M) 5.253ms"
    ],
    [
        1771529524122,
        "[2026-02-19T19:32:04.122+0000][23.855s][info][gc,start    ] GC(39) Pause Remark"
    ],
    [
        1771529524127,
        "[2026-02-19T19:32:04.127+0000][23.860s][info][gc          ] GC(39) Pause Remark 22M->22M(71M) 5.171ms"
    ],
    [
        1771529524329,
        "[2026-02-19T19:32:04.329+0000][24.062s][info][gc,start    ] GC(39) Pause Cleanup"
    ],
    [
        1771529524330,
        "[2026-02-19T19:32:04.330+0000][24.062s][info][gc          ] GC(39) Pause Cleanup 23M->23M(71M) 0.150ms"
    ],
    [
        1771529524596,
        "[2026-02-19T19:32:04.595+0000][4.115s][info][gc,start    ] GC(4) Pause Young (Normal) (G1 Evacuation Pause)"
    ],
    [
        1771529524601,
        "[2026-02-19T19:32:04.601+0000][4.121s][info][gc          ] GC(4) Pause Young (Normal) (G1 Evacuation Pause) 10M->3M(18M) 5.853ms"
    ],
    [
        1771529525195,
        "[2026-02-19T19:32:05.195+0000][4.715s][info][gc,start    ] GC(5) Pause Young (Normal) (G1 Evacuation Pause)"
    ],
    [
        1771529525197,
        "[2026-02-19T19:32:05.197+0000][4.717s][info][gc          ] GC(5) Pause Young (Normal) (G1 Evacuation Pause) 11M->3M(18M) 2.188ms"
    ],
    [
        1771529525694,
        "[2026-02-19T19:32:05.693+0000][5.213s][info][gc,start    ] GC(6) Pause Young (Normal) (G1 Evacuation Pause)"
    ],
    [
        1771529525696,
        "[2026-02-19T19:32:05.696+0000][5.216s][info][gc          ] GC(6) Pause Young (Normal) (G1 Evacuation Pause) 10M->4M(18M) 3.001ms"
    ],
    [
        1771529526403,
        "[2026-02-19T19:32:06.403+0000][5.923s][info][gc,start    ] GC(7) Pause Young (Normal) (G1 Evacuation Pause)"
    ],
    [
        1771529526411,
        "[2026-02-19T19:32:06.411+0000][5.931s][info][gc          ] GC(7) Pause Young (Normal) (G1 Evacuation Pause) 12M->4M(18M) 7.937ms"
    ],
    [
        1771529527098,
        "[2026-02-19T19:32:07.098+0000][6.617s][info][gc,start    ] GC(8) Pause Young (Normal) (G1 Evacuation Pause)"
    ],
    [
        1771529527108,
        "[2026-02-19T19:32:07.108+0000][6.628s][info][gc          ] GC(8) Pause Young (Normal) (G1 Evacuation Pause) 11M->4M(18M) 10.526ms"
    ],
    [
        1771529527802,
        "[2026-02-19T19:32:07.802+0000][7.322s][info][gc,start    ] GC(9) Pause Young (Normal) (G1 Evacuation Pause)"
    ],
    [
        1771529527808,
        "[2026-02-19T19:32:07.808+0000][7.328s][info][gc          ] GC(9) Pause Young (Normal) (G1 Evacuation Pause) 11M->5M(28M) 6.196ms"
    ],
    [
        1771529527836,
        "[2026-02-19T19:32:07.836+0000][27.568s][info][gc,start    ] GC(40) Pause Young (Normal) (G1 Evacuation Pause)"
    ],
    [
        1771529527913,
        "[2026-02-19T19:32:07.913+0000][27.646s][info][gc          ] GC(40) Pause Young (Normal) (G1 Evacuation Pause) 54M->20M(71M) 76.999ms"
    ],
    [
        1771529528410,
        "[2026-02-19T19:32:08.410+0000][7.929s][info][gc,start    ] GC(10) Pause Young (Normal) (G1 Evacuation Pause)"
    ],
    [
        1771529528414,
        "[2026-02-19T19:32:08.414+0000][7.933s][info][gc          ] GC(10) Pause Young (Normal) (G1 Evacuation Pause) 19M->5M(28M) 3.744ms"
    ],
    [
        1771529528991,
        "[2026-02-19T19:32:08.991+0000][8.511s][info][gc,start    ] GC(11) Pause Young (Normal) (G1 Evacuation Pause)"
    ],
    [
        1771529528996,
        "[2026-02-19T19:32:08.996+0000][8.516s][info][gc          ] GC(11) Pause Young (Normal) (G1 Evacuation Pause) 19M->5M(28M) 5.061ms"
    ],
    [
        1771529529498,
        "[2026-02-19T19:32:09.497+0000][9.017s][info][gc,start    ] GC(12) Pause Young (Normal) (G1 Evacuation Pause)"
    ],
    [
        1771529529501,
        "[2026-02-19T19:32:09.501+0000][9.021s][info][gc          ] GC(12) Pause Young (Normal) (G1 Evacuation Pause) 19M->6M(28M) 3.641ms"
    ],
    [
        1771529530191,
        "[2026-02-19T19:32:10.191+0000][9.711s][info][gc,start    ] GC(13) Pause Young (Normal) (G1 Evacuation Pause)"
    ],
    [
        1771529530197,
        "[2026-02-19T19:32:10.197+0000][9.716s][info][gc          ] GC(13) Pause Young (Normal) (G1 Evacuation Pause) 20M->7M(28M) 5.348ms"
    ],
    [
        1771529530603,
        "[2026-02-19T19:32:10.603+0000][10.122s][info][gc,start    ] GC(14) Pause Young (Normal) (G1 Evacuation Pause)"
    ],
    [
        1771529530608,
        "[2026-02-19T19:32:10.608+0000][10.127s][info][gc          ] GC(14) Pause Young (Normal) (G1 Evacuation Pause) 21M->7M(28M) 5.013ms"
    ],
    [
        1771529530619,
        "[2026-02-19T19:32:10.619+0000][30.351s][info][gc,start    ] GC(41) Pause Young (Normal) (G1 Evacuation Pause)"
    ],
    [
        1771529530634,
        "[2026-02-19T19:32:10.634+0000][30.367s][info][gc          ] GC(41) Pause Young (Normal) (G1 Evacuation Pause) 53M->21M(71M) 15.647ms"
    ],
    [
        1771529531192,
        "[2026-02-19T19:32:11.191+0000][10.711s][info][gc,start    ] GC(15) Pause Young (Normal) (G1 Evacuation Pause)"
    ],
    [
        1771529531196,
        "[2026-02-19T19:32:11.196+0000][10.716s][info][gc          ] GC(15) Pause Young (Normal) (G1 Evacuation Pause) 20M->8M(28M) 4.631ms"
    ],
    [
        1771529531813,
        "[2026-02-19T19:32:11.813+0000][11.332s][info][gc,start    ] GC(16) Pause Young (Normal) (G1 Evacuation Pause)"
    ],
    [
        1771529531897,
        "[2026-02-19T19:32:11.897+0000][11.417s][info][gc          ] GC(16) Pause Young (Normal) (G1 Evacuation Pause) 19M->9M(28M) 84.459ms"
    ],
    [
        1771529532126,
        "[2026-02-19T19:32:12.126+0000][31.858s][info][gc,start    ] GC(42) Pause Young (Normal) (G1 Evacuation Pause)"
    ],
    [
        1771529532212,
        "[2026-02-19T19:32:12.212+0000][31.944s][info][gc          ] GC(42) Pause Young (Normal) (G1 Evacuation Pause) 53M->22M(71M) 86.301ms"
    ],
    [
        1771529532311,
        "[2026-02-19T19:32:12.311+0000][11.830s][info][gc,start    ] GC(17) Pause Young (Normal) (G1 Evacuation Pause)"
    ],
    [
        1771529532316,
        "[2026-02-19T19:32:12.316+0000][11.836s][info][gc          ] GC(17) Pause Young (Normal) (G1 Evacuation Pause) 20M->9M(28M) 5.516ms"
    ],
    [
        1771529532603,
        "[2026-02-19T19:32:12.603+0000][12.122s][info][gc,start    ] GC(18) Pause Young (Concurrent Start) (Metadata GC Threshold)"
    ],
    [
        1771529532606,
        "[2026-02-19T19:32:12.606+0000][12.126s][info][gc          ] GC(18) Pause Young (Concurrent Start) (Metadata GC Threshold) 12M->9M(28M) 3.486ms"
    ],
    [
        1771529532703,
        "[2026-02-19T19:32:12.703+0000][12.223s][info][gc,start    ] GC(19) Pause Remark"
    ],
    [
        1771529532706,
        "[2026-02-19T19:32:12.706+0000][12.225s][info][gc          ] GC(19) Pause Remark 10M->10M(28M) 2.767ms"
    ],
    [
        1771529532800,
        "[2026-02-19T19:32:12.800+0000][12.319s][info][gc,start    ] GC(19) Pause Cleanup"
    ],
    [
        1771529532800,
        "[2026-02-19T19:32:12.800+0000][12.320s][info][gc          ] GC(19) Pause Cleanup 11M->11M(28M) 0.082ms"
    ],
    [
        1771529533410,
        "[2026-02-19T19:32:13.410+0000][12.930s][info][gc,start    ] GC(20) Pause Young (Normal) (G1 Evacuation Pause)"
    ],
    [
        1771529533492,
        "[2026-02-19T19:32:13.491+0000][13.011s][info][gc          ] GC(20) Pause Young (Normal) (G1 Evacuation Pause) 19M->11M(28M) 81.291ms"
    ],
    [
        1771529533915,
        "[2026-02-19T19:32:13.915+0000][33.647s][info][gc,start    ] GC(43) Pause Young (Normal) (G1 Evacuation Pause)"
    ],
    [
        1771529533922,
        "[2026-02-19T19:32:13.922+0000][33.654s][info][gc          ] GC(43) Pause Young (Normal) (G1 Evacuation Pause) 56M->23M(71M) 6.939ms"
    ],
    [
        1771529534108,
        "[2026-02-19T19:32:14.107+0000][13.627s][info][gc,start    ] GC(21) Pause Young (Normal) (G1 Evacuation Pause)"
    ],
    [
        1771529534112,
        "[2026-02-19T19:32:14.112+0000][13.632s][info][gc          ] GC(21) Pause Young (Normal) (G1 Evacuation Pause) 20M->11M(28M) 4.609ms"
    ],
    [
        1771529534508,
        "[2026-02-19T19:32:14.507+0000][14.027s][info][gc,start    ] GC(22) Pause Young (Concurrent Start) (G1 Evacuation Pause)"
    ],
    [
        1771529534511,
        "[2026-02-19T19:32:14.511+0000][14.030s][info][gc          ] GC(22) Pause Young (Concurrent Start) (G1 Evacuation Pause) 19M->12M(28M) 3.428ms"
    ],
    [
        1771529534606,
        "[2026-02-19T19:32:14.606+0000][14.126s][info][gc,start    ] GC(23) Pause Remark"
    ],
    [
        1771529534610,
        "[2026-02-19T19:32:14.610+0000][14.129s][info][gc          ] GC(23) Pause Remark 13M->13M(29M) 3.516ms"
    ],
    [
        1771529534703,
        "[2026-02-19T19:32:14.703+0000][14.222s][info][gc,start    ] GC(23) Pause Cleanup"
    ],
    [
        1771529534703,
        "[2026-02-19T19:32:14.703+0000][14.222s][info][gc          ] GC(23) Pause Cleanup 13M->13M(29M) 0.181ms"
    ],
    [
        1771529535309,
        "[2026-02-19T19:32:15.309+0000][14.828s][info][gc,start    ] GC(24) Pause Young (Prepare Mixed) (G1 Evacuation Pause)"
    ],
    [
        1771529535312,
        "[2026-02-19T19:32:15.312+0000][14.832s][info][gc          ] GC(24) Pause Young (Prepare Mixed) (G1 Evacuation Pause) 20M->12M(29M) 3.603ms"
    ],
    [
        1771529535397,
        "[2026-02-19T19:32:15.396+0000][14.916s][info][gc,start    ] GC(25) Pause Young (Mixed) (G1 Evacuation Pause)"
    ],
    [
        1771529535402,
        "[2026-02-19T19:32:15.402+0000][14.921s][info][gc          ] GC(25) Pause Young (Mixed) (G1 Evacuation Pause) 13M->12M(29M) 5.507ms"
    ],
    [
        1771529535425,
        "[2026-02-19T19:32:15.424+0000][35.157s][info][gc,start    ] GC(44) Pause Young (Normal) (G1 Evacuation Pause)"
    ],
    [
        1771529535511,
        "[2026-02-19T19:32:15.511+0000][35.244s][info][gc          ] GC(44) Pause Young (Normal) (G1 Evacuation Pause) 57M->24M(71M) 87.004ms"
    ],
    [
        1771529535714,
        "[2026-02-19T19:32:15.714+0000][35.447s][info][gc,start    ] GC(45) Pause Young (Concurrent Start) (Metadata GC Threshold)"
    ],
    [
        1771529535722,
        "[2026-02-19T19:32:15.722+0000][35.454s][info][gc          ] GC(45) Pause Young (Concurrent Start) (Metadata GC Threshold) 28M->24M(71M) 7.786ms"
    ],
    [
        1771529536008,
        "[2026-02-19T19:32:16.008+0000][15.527s][info][gc,start    ] GC(26) Pause Young (Concurrent Start) (G1 Evacuation Pause)"
    ],
    [
        1771529536013,
        "[2026-02-19T19:32:16.013+0000][15.533s][info][gc          ] GC(26) Pause Young (Concurrent Start) (G1 Evacuation Pause) 20M->12M(55M) 5.637ms"
    ],
    [
        1771529536132,
        "[2026-02-19T19:32:16.132+0000][35.865s][info][gc,start    ] GC(46) Pause Remark"
    ],
    [
        1771529536196,
        "[2026-02-19T19:32:16.195+0000][15.715s][info][gc,start    ] GC(27) Pause Remark"
    ],
    [
        1771529536202,
        "[2026-02-19T19:32:16.202+0000][15.721s][info][gc          ] GC(27) Pause Remark 14M->14M(55M) 6.195ms"
    ],
    [
        1771529536215,
        "[2026-02-19T19:32:16.215+0000][15.734s][info][gc,start    ] GC(27) Pause Cleanup"
    ],
    [
        1771529536215,
        "[2026-02-19T19:32:16.215+0000][15.734s][info][gc          ] GC(27) Pause Cleanup 14M->14M(55M) 0.144ms"
    ],
    [
        1771529536216,
        "[2026-02-19T19:32:16.216+0000][35.949s][info][gc          ] GC(46) Pause Remark 26M->26M(71M) 84.182ms"
    ],
    [
        1771529536416,
        "[2026-02-19T19:32:16.416+0000][36.149s][info][gc,start    ] GC(46) Pause Cleanup"
    ],
    [
        1771529536416,
        "[2026-02-19T19:32:16.416+0000][36.149s][info][gc          ] GC(46) Pause Cleanup 27M->27M(71M) 0.228ms"
    ],
    [
        1771529537930,
        "[2026-02-19T19:32:17.930+0000][37.663s][info][gc,start    ] GC(47) Pause Young (Concurrent Start) (G1 Evacuation Pause)"
    ],
    [
        1771529538010,
        "[2026-02-19T19:32:18.010+0000][17.530s][info][gc,start    ] GC(28) Pause Young (Normal) (G1 Evacuation Pause)"
    ],
    [
        1771529538012,
        "[2026-02-19T19:32:18.012+0000][37.744s][info][gc          ] GC(47) Pause Young (Concurrent Start) (G1 Evacuation Pause) 58M->24M(71M) 81.631ms"
    ],
    [
        1771529538092,
        "[2026-02-19T19:32:18.092+0000][17.611s][info][gc          ] GC(28) Pause Young (Normal) (G1 Evacuation Pause) 39M->14M(55M) 81.540ms"
    ],
    [
        1771529538211,
        "[2026-02-19T19:32:18.211+0000][37.944s][info][gc,start    ] GC(48) Pause Remark"
    ],
    [
        1771529538217,
        "[2026-02-19T19:32:18.217+0000][37.949s][info][gc          ] GC(48) Pause Remark 26M->26M(71M) 5.841ms"
    ],
    [
        1771529538318,
        "[2026-02-19T19:32:18.318+0000][38.051s][info][gc,start    ] GC(48) Pause Cleanup"
    ],
    [
        1771529538318,
        "[2026-02-19T19:32:18.318+0000][38.051s][info][gc          ] GC(48) Pause Cleanup 27M->27M(71M) 0.136ms"
    ],
    [
        1771529539610,
        "[2026-02-19T19:32:19.610+0000][19.129s][info][gc,start    ] GC(29) Pause Young (Normal) (G1 Evacuation Pause)"
    ],
    [
        1771529539692,
        "[2026-02-19T19:32:19.692+0000][19.211s][info][gc          ] GC(29) Pause Young (Normal) (G1 Evacuation Pause) 41M->16M(55M) 81.850ms"
    ],
    [
        1771529539832,
        "[2026-02-19T19:32:19.832+0000][39.565s][info][gc,start    ] GC(49) Pause Young (Normal) (G1 Evacuation Pause)"
    ],
    [
        1771529539922,
        "[2026-02-19T19:32:19.922+0000][39.654s][info][gc          ] GC(49) Pause Young (Normal) (G1 Evacuation Pause) 56M->26M(71M) 89.447ms"
    ],
    [
        1771529541104,
        "[2026-02-19T19:32:21.104+0000][20.623s][info][gc,start    ] GC(30) Pause Young (Normal) (G1 Evacuation Pause)"
    ],
    [
        1771529541113,
        "[2026-02-19T19:32:21.113+0000][20.632s][info][gc          ] GC(30) Pause Young (Normal) (G1 Evacuation Pause) 41M->17M(55M) 8.913ms"
    ],
    [
        1771529541311,
        "[2026-02-19T19:32:21.311+0000][41.044s][info][gc,start    ] GC(50) Pause Young (Normal) (G1 Evacuation Pause)"
    ],
    [
        1771529541321,
        "[2026-02-19T19:32:21.321+0000][41.053s][info][gc          ] GC(50) Pause Young (Normal) (G1 Evacuation Pause) 57M->27M(101M) 9.475ms"
    ],
    [
        1771529542407,
        "[2026-02-19T19:32:22.407+0000][21.926s][info][gc,start    ] GC(31) Pause Young (Normal) (G1 Evacuation Pause)"
    ],
    [
        1771529542412,
        "[2026-02-19T19:32:22.412+0000][21.932s][info][gc          ] GC(31) Pause Young (Normal) (G1 Evacuation Pause) 41M->18M(55M) 5.388ms"
    ],
    [
        1771529542735,
        "[2026-02-19T19:32:22.735+0000][42.468s][info][gc,start    ] GC(51) Pause Young (Normal) (G1 Evacuation Pause)"
    ],
    [
        1771529542819,
        "[2026-02-19T19:32:22.819+0000][42.551s][info][gc          ] GC(51) Pause Young (Normal) (G1 Evacuation Pause) 82M->28M(101M) 83.455ms"
    ],
    [
        1771529543999,
        "[2026-02-19T19:32:23.999+0000][23.518s][info][gc,start    ] GC(32) Pause Young (Concurrent Start) (Metadata GC Threshold)"
    ],
    [
        1771529544005,
        "[2026-02-19T19:32:24.005+0000][23.525s][info][gc          ] GC(32) Pause Young (Concurrent Start) (Metadata GC Threshold) 30M->19M(55M) 6.479ms"
    ],
    [
        1771529544111,
        "[2026-02-19T19:32:24.111+0000][23.630s][info][gc,start    ] GC(33) Pause Remark"
    ],
    [
        1771529544192,
        "[2026-02-19T19:32:24.191+0000][23.711s][info][gc          ] GC(33) Pause Remark 21M->21M(55M) 80.868ms"
    ],
    [
        1771529544208,
        "[2026-02-19T19:32:24.208+0000][23.727s][info][gc,start    ] GC(33) Pause Cleanup"
    ],
    [
        1771529544208,
        "[2026-02-19T19:32:24.208+0000][23.727s][info][gc          ] GC(33) Pause Cleanup 22M->22M(55M) 0.073ms"
    ],
    [
        1771529545622,
        "[2026-02-19T19:32:25.622+0000][45.355s][info][gc,start    ] GC(52) Pause Young (Normal) (G1 Evacuation Pause)"
    ],
    [
        1771529545714,
        "[2026-02-19T19:32:25.714+0000][45.446s][info][gc          ] GC(52) Pause Young (Normal) (G1 Evacuation Pause) 83M->31M(101M) 91.812ms"
    ],
    [
        1771529545911,
        "[2026-02-19T19:32:25.911+0000][25.431s][info][gc,start    ] GC(34) Pause Young (Normal) (G1 Evacuation Pause)"
    ],
    [
        1771529545992,
        "[2026-02-19T19:32:25.992+0000][25.512s][info][gc          ] GC(34) Pause Young (Normal) (G1 Evacuation Pause) 43M->20M(55M) 80.869ms"
    ],
    [
        1771529546698,
        "[2026-02-19T19:32:26.698+0000][26.217s][info][gc,start    ] GC(35) Pause Young (Normal) (G1 Evacuation Pause)"
    ],
    [
        1771529546704,
        "[2026-02-19T19:32:26.704+0000][26.223s][info][gc          ] GC(35) Pause Young (Normal) (G1 Evacuation Pause) 42M->21M(55M) 5.932ms"
    ],
    [
        1771529547494,
        "[2026-02-19T19:32:27.494+0000][27.013s][info][gc,start    ] GC(36) Pause Young (Normal) (G1 Evacuation Pause)"
    ],
    [
        1771529547499,
        "[2026-02-19T19:32:27.499+0000][27.018s][info][gc          ] GC(36) Pause Young (Normal) (G1 Evacuation Pause) 43M->21M(55M) 5.317ms"
    ],
    [
        1771529548306,
        "[2026-02-19T19:32:28.306+0000][27.825s][info][gc,start    ] GC(37) Pause Young (Normal) (G1 Evacuation Pause)"
    ],
    [
        1771529548312,
        "[2026-02-19T19:32:28.312+0000][27.831s][info][gc          ] GC(37) Pause Young (Normal) (G1 Evacuation Pause) 43M->22M(55M) 5.870ms"
    ],
    [
        1771529549112,
        "[2026-02-19T19:32:29.112+0000][28.631s][info][gc,start    ] GC(38) Pause Young (Normal) (G1 Evacuation Pause)"
    ],
    [
        1771529549192,
        "[2026-02-19T19:32:29.192+0000][28.711s][info][gc          ] GC(38) Pause Young (Normal) (G1 Evacuation Pause) 44M->22M(55M) 79.820ms"
    ],
    [
        1771529549809,
        "[2026-02-19T19:32:29.809+0000][29.329s][info][gc,start    ] GC(39) Pause Young (Normal) (G1 Evacuation Pause)"
    ],
    [
        1771529549815,
        "[2026-02-19T19:32:29.815+0000][29.334s][info][gc          ] GC(39) Pause Young (Normal) (G1 Evacuation Pause) 43M->23M(89M) 5.259ms"
    ],
    [
        1771529552211,
        "[2026-02-19T19:32:32.211+0000][31.730s][info][gc,start    ] GC(40) Pause Young (Normal) (G1 Evacuation Pause)"
    ],
    [
        1771529552297,
        "[2026-02-19T19:32:32.297+0000][31.817s][info][gc          ] GC(40) Pause Young (Normal) (G1 Evacuation Pause) 73M->24M(89M) 86.398ms"
    ],
    [
        1771529554497,
        "[2026-02-19T19:32:34.497+0000][34.017s][info][gc,start    ] GC(41) Pause Young (Normal) (G1 Evacuation Pause)"
    ],
    [
        1771529554509,
        "[2026-02-19T19:32:34.509+0000][34.028s][info][gc          ] GC(41) Pause Young (Normal) (G1 Evacuation Pause) 73M->25M(89M) 11.769ms"
    ],
    [
        1771529555094,
        "[2026-02-19T19:32:35.094+0000][34.614s][info][gc,start    ] GC(42) Pause Young (Concurrent Start) (Metadata GC Threshold)"
    ],
    [
        1771529555106,
        "[2026-02-19T19:32:35.106+0000][34.626s][info][gc          ] GC(42) Pause Young (Concurrent Start) (Metadata GC Threshold) 42M->27M(89M) 12.258ms"
    ],
    [
        1771529555493,
        "[2026-02-19T19:32:35.493+0000][35.012s][info][gc,start    ] GC(43) Pause Remark"
    ],
    [
        1771529555499,
        "[2026-02-19T19:32:35.499+0000][35.018s][info][gc          ] GC(43) Pause Remark 33M->33M(89M) 6.145ms"
    ],
    [
        1771529555707,
        "[2026-02-19T19:32:35.704+0000][35.223s][info][gc,start    ] GC(43) Pause Cleanup"
    ],
    [
        1771529555707,
        "[2026-02-19T19:32:35.704+0000][35.223s][info][gc          ] GC(43) Pause Cleanup 42M->42M(89M) 0.081ms"
    ],
    [
        1771529556297,
        "[2026-02-19T19:32:36.297+0000][35.817s][info][gc,start    ] GC(44) Pause Young (Normal) (G1 Evacuation Pause)"
    ],
    [
        1771529556312,
        "[2026-02-19T19:32:36.312+0000][35.832s][info][gc          ] GC(44) Pause Young (Normal) (G1 Evacuation Pause) 73M->30M(89M) 14.641ms"
    ],
    [
        1771529557498,
        "[2026-02-19T19:32:37.498+0000][37.018s][info][gc,start    ] GC(45) Pause Young (Normal) (G1 Evacuation Pause)"
    ],
    [
        1771529557506,
        "[2026-02-19T19:32:37.506+0000][37.026s][info][gc          ] GC(45) Pause Young (Normal) (G1 Evacuation Pause) 70M->29M(89M) 8.093ms"
    ],
    [
        1771529559765,
        "[2026-02-19T19:32:39.765+0000][0.902s][info][gc,start    ] GC(0) Pause Young (Normal) (G1 Evacuation Pause)"
    ],
    [
        1771529559845,
        "[2026-02-19T19:32:39.845+0000][0.982s][info][gc          ] GC(0) Pause Young (Normal) (G1 Evacuation Pause) 6M->1M(18M) 80.013ms"
    ],
    [
        1771529560077,
        "[2026-02-19T19:32:40.077+0000][1.214s][info][gc,start    ] GC(1) Pause Young (Normal) (G1 Evacuation Pause)"
    ],
    [
        1771529560144,
        "[2026-02-19T19:32:40.144+0000][1.281s][info][gc          ] GC(1) Pause Young (Normal) (G1 Evacuation Pause) 7M->2M(18M) 67.214ms"
    ],
    [
        1771529560208,
        "[2026-02-19T19:32:40.207+0000][39.727s][info][gc,start    ] GC(46) Pause Young (Normal) (G1 Evacuation Pause)"
    ],
    [
        1771529560296,
        "[2026-02-19T19:32:40.296+0000][39.815s][info][gc          ] GC(46) Pause Young (Normal) (G1 Evacuation Pause) 71M->32M(89M) 88.047ms"
    ],
    [
        1771529560350,
        "[2026-02-19T19:32:40.350+0000][1.487s][info][gc,start    ] GC(2) Pause Young (Normal) (G1 Evacuation Pause)"
    ],
    [
        1771529560351,
        "[2026-02-19T19:32:40.351+0000][1.488s][info][gc          ] GC(2) Pause Young (Normal) (G1 Evacuation Pause) 9M->2M(18M) 1.202ms"
    ],
    [
        1771529561360,
        "[2026-02-19T19:32:41.360+0000][2.497s][info][gc,start    ] GC(3) Pause Young (Normal) (G1 Evacuation Pause)"
    ],
    [
        1771529561365,
        "[2026-02-19T19:32:41.365+0000][2.502s][info][gc          ] GC(3) Pause Young (Normal) (G1 Evacuation Pause) 10M->3M(18M) 4.941ms"
    ],
    [
        1771529561847,
        "[2026-02-19T19:32:41.847+0000][2.984s][info][gc,start    ] GC(4) Pause Young (Normal) (G1 Evacuation Pause)"
    ],
    [
        1771529561849,
        "[2026-02-19T19:32:41.849+0000][2.986s][info][gc          ] GC(4) Pause Young (Normal) (G1 Evacuation Pause) 10M->3M(18M) 1.714ms"
    ],
    [
        1771529562548,
        "[2026-02-19T19:32:42.548+0000][3.685s][info][gc,start    ] GC(5) Pause Young (Normal) (G1 Evacuation Pause)"
    ],
    [
        1771529562550,
        "[2026-02-19T19:32:42.550+0000][3.687s][info][gc          ] GC(5) Pause Young (Normal) (G1 Evacuation Pause) 10M->3M(18M) 2.447ms"
    ],
    [
        1771529562858,
        "[2026-02-19T19:32:42.858+0000][3.995s][info][gc,start    ] GC(6) Pause Young (Normal) (G1 Evacuation Pause)"
    ],
    [
        1771529562860,
        "[2026-02-19T19:32:42.860+0000][3.997s][info][gc          ] GC(6) Pause Young (Normal) (G1 Evacuation Pause) 10M->3M(18M) 2.741ms"
    ],
    [
        1771529563545,
        "[2026-02-19T19:32:43.545+0000][4.682s][info][gc,start    ] GC(7) Pause Young (Normal) (G1 Evacuation Pause)"
    ],
    [
        1771529563548,
        "[2026-02-19T19:32:43.548+0000][4.685s][info][gc          ] GC(7) Pause Young (Normal) (G1 Evacuation Pause) 11M->4M(18M) 2.994ms"
    ],
    [
        1771529564162,
        "[2026-02-19T19:32:44.162+0000][5.299s][info][gc,start    ] GC(8) Pause Young (Normal) (G1 Evacuation Pause)"
    ],
    [
        1771529564165,
        "[2026-02-19T19:32:44.165+0000][5.302s][info][gc          ] GC(8) Pause Young (Normal) (G1 Evacuation Pause) 11M->4M(18M) 3.204ms"
    ],
    [
        1771529564844,
        "[2026-02-19T19:32:44.844+0000][5.981s][info][gc,start    ] GC(9) Pause Young (Normal) (G1 Evacuation Pause)"
    ],
    [
        1771529564848,
        "[2026-02-19T19:32:44.848+0000][5.985s][info][gc          ] GC(9) Pause Young (Normal) (G1 Evacuation Pause) 11M->5M(18M) 3.549ms"
    ],
    [
        1771529565164,
        "[2026-02-19T19:32:45.164+0000][6.301s][info][gc,start    ] GC(10) Pause Young (Normal) (G1 Evacuation Pause)"
    ],
    [
        1771529565245,
        "[2026-02-19T19:32:45.245+0000][6.382s][info][gc          ] GC(10) Pause Young (Normal) (G1 Evacuation Pause) 12M->5M(18M) 80.648ms"
    ],
    [
        1771529565452,
        "[2026-02-19T19:32:45.452+0000][6.589s][info][gc,start    ] GC(11) Pause Young (Normal) (G1 Evacuation Pause)"
    ],
    [
        1771529565457,
        "[2026-02-19T19:32:45.457+0000][6.594s][info][gc          ] GC(11) Pause Young (Normal) (G1 Evacuation Pause) 11M->5M(23M) 5.468ms"
    ],
    [
        1771529565965,
        "[2026-02-19T19:32:45.965+0000][7.102s][info][gc,start    ] GC(12) Pause Young (Normal) (G1 Evacuation Pause)"
    ],
    [
        1771529566045,
        "[2026-02-19T19:32:46.045+0000][7.182s][info][gc          ] GC(12) Pause Young (Normal) (G1 Evacuation Pause) 15M->5M(23M) 80.014ms"
    ],
    [
        1771529566366,
        "[2026-02-19T19:32:46.366+0000][7.503s][info][gc,start    ] GC(13) Pause Young (Normal) (G1 Evacuation Pause)"
    ],
    [
        1771529566445,
        "[2026-02-19T19:32:46.445+0000][7.582s][info][gc          ] GC(13) Pause Young (Normal) (G1 Evacuation Pause) 15M->6M(23M) 78.506ms"
    ],
    [
        1771529566847,
        "[2026-02-19T19:32:46.847+0000][7.984s][info][gc,start    ] GC(14) Pause Young (Normal) (G1 Evacuation Pause)"
    ],
    [
        1771529566850,
        "[2026-02-19T19:32:46.850+0000][7.987s][info][gc          ] GC(14) Pause Young (Normal) (G1 Evacuation Pause) 16M->6M(23M) 2.590ms"
    ],
    [
        1771529567249,
        "[2026-02-19T19:32:47.249+0000][8.386s][info][gc,start    ] GC(15) Pause Young (Normal) (G1 Evacuation Pause)"
    ],
    [
        1771529567252,
        "[2026-02-19T19:32:47.252+0000][8.389s][info][gc          ] GC(15) Pause Young (Normal) (G1 Evacuation Pause) 15M->6M(23M) 3.360ms"
    ],
    [
        1771529567744,
        "[2026-02-19T19:32:47.744+0000][8.881s][info][gc,start    ] GC(16) Pause Young (Normal) (G1 Evacuation Pause)"
    ],
    [
        1771529567749,
        "[2026-02-19T19:32:47.749+0000][8.886s][info][gc          ] GC(16) Pause Young (Normal) (G1 Evacuation Pause) 15M->7M(23M) 4.579ms"
    ],
    [
        1771529567962,
        "[2026-02-19T19:32:47.962+0000][9.099s][info][gc,start    ] GC(17) Pause Young (Normal) (G1 Evacuation Pause)"
    ],
    [
        1771529567965,
        "[2026-02-19T19:32:47.965+0000][9.102s][info][gc          ] GC(17) Pause Young (Normal) (G1 Evacuation Pause) 16M->7M(23M) 2.929ms"
    ],
    [
        1771529568244,
        "[2026-02-19T19:32:48.244+0000][9.381s][info][gc,start    ] GC(18) Pause Young (Normal) (G1 Evacuation Pause)"
    ],
    [
        1771529568247,
        "[2026-02-19T19:32:48.247+0000][9.384s][info][gc          ] GC(18) Pause Young (Normal) (G1 Evacuation Pause) 15M->7M(46M) 2.869ms"
    ],
    [
        1771529569555,
        "[2026-02-19T19:32:49.554+0000][10.691s][info][gc,start    ] GC(19) Pause Young (Normal) (G1 Evacuation Pause)"
    ],
    [
        1771529569561,
        "[2026-02-19T19:32:49.561+0000][10.698s][info][gc          ] GC(19) Pause Young (Normal) (G1 Evacuation Pause) 32M->9M(46M) 6.394ms"
    ],
    [
        1771529570055,
        "[2026-02-19T19:32:50.055+0000][11.192s][info][gc,start    ] GC(20) Pause Young (Concurrent Start) (Metadata GC Threshold)"
    ],
    [
        1771529570060,
        "[2026-02-19T19:32:50.060+0000][11.197s][info][gc          ] GC(20) Pause Young (Concurrent Start) (Metadata GC Threshold) 17M->9M(46M) 4.831ms"
    ],
    [
        1771529570165,
        "[2026-02-19T19:32:50.165+0000][11.302s][info][gc,start    ] GC(21) Pause Remark"
    ],
    [
        1771529570244,
        "[2026-02-19T19:32:50.244+0000][11.381s][info][gc          ] GC(21) Pause Remark 10M->10M(44M) 79.471ms"
    ],
    [
        1771529570250,
        "[2026-02-19T19:32:50.250+0000][11.387s][info][gc,start    ] GC(21) Pause Cleanup"
    ],
    [
        1771529570250,
        "[2026-02-19T19:32:50.250+0000][11.387s][info][gc          ] GC(21) Pause Cleanup 11M->11M(44M) 0.078ms"
    ],
    [
        1771529571759,
        "[2026-02-19T19:32:51.759+0000][12.896s][info][gc,start    ] GC(22) Pause Young (Prepare Mixed) (G1 Evacuation Pause)"
    ],
    [
        1771529571766,
        "[2026-02-19T19:32:51.766+0000][12.903s][info][gc          ] GC(22) Pause Young (Prepare Mixed) (G1 Evacuation Pause) 32M->11M(44M) 6.497ms"
    ],
    [
        1771529571847,
        "[2026-02-19T19:32:51.847+0000][12.984s][info][gc,start    ] GC(23) Pause Young (Mixed) (G1 Evacuation Pause)"
    ],
    [
        1771529571852,
        "[2026-02-19T19:32:51.852+0000][12.989s][info][gc          ] GC(23) Pause Young (Mixed) (G1 Evacuation Pause) 12M->12M(44M) 4.804ms"
    ],
    [
        1771529573258,
        "[2026-02-19T19:32:53.258+0000][14.395s][info][gc,start    ] GC(24) Pause Young (Normal) (G1 Evacuation Pause)"
    ],
    [
        1771529573263,
        "[2026-02-19T19:32:53.263+0000][14.400s][info][gc          ] GC(24) Pause Young (Normal) (G1 Evacuation Pause) 32M->13M(44M) 4.586ms"
    ],
    [
        1771529574366,
        "[2026-02-19T19:32:54.366+0000][15.503s][info][gc,start    ] GC(25) Pause Young (Normal) (G1 Evacuation Pause)"
    ],
    [
        1771529574447,
        "[2026-02-19T19:32:54.447+0000][15.584s][info][gc          ] GC(25) Pause Young (Normal) (G1 Evacuation Pause) 33M->13M(44M) 81.265ms"
    ],
    [
        1771529575766,
        "[2026-02-19T19:32:55.766+0000][16.903s][info][gc,start    ] GC(26) Pause Young (Normal) (G1 Evacuation Pause)"
    ],
    [
        1771529575848,
        "[2026-02-19T19:32:55.848+0000][16.985s][info][gc          ] GC(26) Pause Young (Normal) (G1 Evacuation Pause) 33M->15M(44M) 82.274ms"
    ],
    [
        1771529577044,
        "[2026-02-19T19:32:57.044+0000][18.181s][info][gc,start    ] GC(27) Pause Young (Normal) (G1 Evacuation Pause)"
    ],
    [
        1771529577053,
        "[2026-02-19T19:32:57.053+0000][18.190s][info][gc          ] GC(27) Pause Young (Normal) (G1 Evacuation Pause) 33M->17M(44M) 9.300ms"
    ],
    [
        1771529578046,
        "[2026-02-19T19:32:58.046+0000][19.183s][info][gc,start    ] GC(28) Pause Young (Normal) (G1 Evacuation Pause)"
    ],
    [
        1771529578053,
        "[2026-02-19T19:32:58.053+0000][19.190s][info][gc          ] GC(28) Pause Young (Normal) (G1 Evacuation Pause) 33M->17M(44M) 7.235ms"
    ],
    [
        1771529578947,
        "[2026-02-19T19:32:58.947+0000][20.084s][info][gc,start    ] GC(29) Pause Young (Normal) (G1 Evacuation Pause)"
    ],
    [
        1771529578952,
        "[2026-02-19T19:32:58.952+0000][20.089s][info][gc          ] GC(29) Pause Young (Normal) (G1 Evacuation Pause) 33M->18M(44M) 5.220ms"
    ],
    [
        1771529579454,
        "[2026-02-19T19:32:59.454+0000][20.591s][info][gc,start    ] GC(30) Pause Young (Concurrent Start) (Metadata GC Threshold)"
    ],
    [
        1771529579461,
        "[2026-02-19T19:32:59.461+0000][20.598s][info][gc          ] GC(30) Pause Young (Concurrent Start) (Metadata GC Threshold) 28M->18M(44M) 6.758ms"
    ],
    [
        1771529579750,
        "[2026-02-19T19:32:59.750+0000][20.887s][info][gc,start    ] GC(31) Pause Remark"
    ],
    [
        1771529579754,
        "[2026-02-19T19:32:59.754+0000][20.891s][info][gc          ] GC(31) Pause Remark 21M->21M(44M) 4.039ms"
    ],
    [
        1771529579858,
        "[2026-02-19T19:32:59.858+0000][20.995s][info][gc,start    ] GC(31) Pause Cleanup"
    ],
    [
        1771529579858,
        "[2026-02-19T19:32:59.858+0000][20.995s][info][gc          ] GC(31) Pause Cleanup 22M->22M(44M) 0.072ms"
    ],
    [
        1771529581706,
        "[2026-02-19T19:33:01.698+0000][22.835s][info][gc,start    ] GC(32) Pause Young (Concurrent Start) (G1 Evacuation Pause)"
    ],
    [
        1771529581721,
        "[2026-02-19T19:33:01.720+0000][22.858s][info][gc          ] GC(32) Pause Young (Concurrent Start) (G1 Evacuation Pause) 33M->19M(44M) 22.069ms"
    ],
    [
        1771529582146,
        "[2026-02-19T19:33:02.146+0000][23.283s][info][gc,start    ] GC(33) Pause Remark"
    ],
    [
        1771529582183,
        "[2026-02-19T19:33:02.183+0000][23.320s][info][gc          ] GC(33) Pause Remark 22M->22M(44M) 37.706ms"
    ],
    [
        1771529582352,
        "[2026-02-19T19:33:02.352+0000][23.489s][info][gc,start    ] GC(33) Pause Cleanup"
    ],
    [
        1771529582352,
        "[2026-02-19T19:33:02.352+0000][23.489s][info][gc          ] GC(33) Pause Cleanup 23M->23M(44M) 0.110ms"
    ],
    [
        1771529583656,
        "[2026-02-19T19:33:03.656+0000][24.793s][info][gc,start    ] GC(34) Pause Young (Normal) (G1 Evacuation Pause)"
    ],
    [
        1771529583664,
        "[2026-02-19T19:33:03.664+0000][24.801s][info][gc          ] GC(34) Pause Young (Normal) (G1 Evacuation Pause) 33M->20M(44M) 7.556ms"
    ],
    [
        1771529584356,
        "[2026-02-19T19:33:04.356+0000][25.493s][info][gc,start    ] GC(35) Pause Young (Concurrent Start) (G1 Evacuation Pause)"
    ],
    [
        1771529584361,
        "[2026-02-19T19:33:04.361+0000][25.498s][info][gc          ] GC(35) Pause Young (Concurrent Start) (G1 Evacuation Pause) 33M->21M(44M) 5.197ms"
    ],
    [
        1771529584848,
        "[2026-02-19T19:33:04.848+0000][25.985s][info][gc,start    ] GC(36) Pause Remark"
    ],
    [
        1771529584854,
        "[2026-02-19T19:33:04.854+0000][25.991s][info][gc          ] GC(36) Pause Remark 27M->27M(49M) 6.635ms"
    ],
    [
        1771529584966,
        "[2026-02-19T19:33:04.966+0000][26.103s][info][gc,start    ] GC(36) Pause Cleanup"
    ],
    [
        1771529584966,
        "[2026-02-19T19:33:04.966+0000][26.103s][info][gc          ] GC(36) Pause Cleanup 30M->30M(49M) 0.164ms"
    ],
    [
        1771529585151,
        "[2026-02-19T19:33:05.151+0000][26.288s][info][gc,start    ] GC(37) Pause Young (Normal) (G1 Evacuation Pause)"
    ],
    [
        1771529585156,
        "[2026-02-19T19:33:05.156+0000][26.293s][info][gc          ] GC(37) Pause Young (Normal) (G1 Evacuation Pause) 34M->21M(59M) 4.433ms"
    ],
    [
        1771529586059,
        "[2026-02-19T19:33:06.058+0000][27.195s][info][gc,start    ] GC(38) Pause Young (Normal) (G1 Evacuation Pause)"
    ],
    [
        1771529586063,
        "[2026-02-19T19:33:06.063+0000][27.200s][info][gc          ] GC(38) Pause Young (Normal) (G1 Evacuation Pause) 45M->22M(59M) 4.165ms"
    ],
    [
        1771529587154,
        "[2026-02-19T19:33:07.154+0000][28.291s][info][gc,start    ] GC(39) Pause Young (Normal) (G1 Evacuation Pause)"
    ],
    [
        1771529587159,
        "[2026-02-19T19:33:07.159+0000][28.296s][info][gc          ] GC(39) Pause Young (Normal) (G1 Evacuation Pause) 47M->22M(59M) 4.230ms"
    ],
    [
        1771529588055,
        "[2026-02-19T19:33:08.055+0000][29.192s][info][gc,start    ] GC(40) Pause Young (Normal) (G1 Evacuation Pause)"
    ],
    [
        1771529588061,
        "[2026-02-19T19:33:08.061+0000][29.198s][info][gc          ] GC(40) Pause Young (Normal) (G1 Evacuation Pause) 46M->23M(59M) 5.183ms"
    ],
    [
        1771529588859,
        "[2026-02-19T19:33:08.859+0000][29.996s][info][gc,start    ] GC(41) Pause Young (Normal) (G1 Evacuation Pause)"
    ],
    [
        1771529588865,
        "[2026-02-19T19:33:08.865+0000][30.002s][info][gc          ] GC(41) Pause Young (Normal) (G1 Evacuation Pause) 48M->23M(59M) 6.549ms"
    ],
    [
        1771529590059,
        "[2026-02-19T19:33:10.059+0000][31.196s][info][gc,start    ] GC(42) Pause Young (Normal) (G1 Evacuation Pause)"
    ],
    [
        1771529590151,
        "[2026-02-19T19:33:10.151+0000][31.288s][info][gc          ] GC(42) Pause Young (Normal) (G1 Evacuation Pause) 47M->24M(59M) 91.812ms"
    ],
    [
        1771529591253,
        "[2026-02-19T19:33:11.253+0000][32.390s][info][gc,start    ] GC(43) Pause Young (Normal) (G1 Evacuation Pause)"
    ],
    [
        1771529591259,
        "[2026-02-19T19:33:11.259+0000][32.396s][info][gc          ] GC(43) Pause Young (Normal) (G1 Evacuation Pause) 48M->24M(59M) 5.625ms"
    ],
    [
        1771529592448,
        "[2026-02-19T19:33:12.447+0000][33.585s][info][gc,start    ] GC(44) Pause Young (Normal) (G1 Evacuation Pause)"
    ],
    [
        1771529592457,
        "[2026-02-19T19:33:12.457+0000][33.594s][info][gc          ] GC(44) Pause Young (Normal) (G1 Evacuation Pause) 48M->25M(59M) 9.216ms"
    ],
    [
        1771529593646,
        "[2026-02-19T19:33:13.646+0000][34.783s][info][gc,start    ] GC(45) Pause Young (Normal) (G1 Evacuation Pause)"
    ],
    [
        1771529593656,
        "[2026-02-19T19:33:13.656+0000][34.793s][info][gc          ] GC(45) Pause Young (Normal) (G1 Evacuation Pause) 48M->26M(59M) 10.022ms"
    ],
    [
        1771529594452,
        "[2026-02-19T19:33:14.452+0000][35.589s][info][gc,start    ] GC(46) Pause Young (Normal) (G1 Evacuation Pause)"
    ],
    [
        1771529594464,
        "[2026-02-19T19:33:14.464+0000][35.601s][info][gc          ] GC(46) Pause Young (Normal) (G1 Evacuation Pause) 47M->27M(59M) 12.608ms"
    ],
    [
        1771529594852,
        "[2026-02-19T19:33:14.852+0000][35.989s][info][gc,start    ] GC(47) Pause Young (Concurrent Start) (G1 Evacuation Pause)"
    ],
    [
        1771529594857,
        "[2026-02-19T19:33:14.857+0000][35.994s][info][gc          ] GC(47) Pause Young (Concurrent Start) (G1 Evacuation Pause) 48M->27M(59M) 5.055ms"
    ],
    [
        1771529595347,
        "[2026-02-19T19:33:15.347+0000][36.484s][info][gc,start    ] GC(48) Pause Remark"
    ],
    [
        1771529595352,
        "[2026-02-19T19:33:15.352+0000][36.489s][info][gc          ] GC(48) Pause Remark 41M->41M(74M) 5.406ms"
    ],
    [
        1771529595455,
        "[2026-02-19T19:33:15.455+0000][36.592s][info][gc,start    ] GC(49) Pause Young (Normal) (G1 Evacuation Pause)"
    ],
    [
        1771529595462,
        "[2026-02-19T19:33:15.462+0000][36.599s][info][gc          ] GC(49) Pause Young (Normal) (G1 Evacuation Pause) 47M->30M(89M) 7.388ms"
    ],
    [
        1771529595553,
        "[2026-02-19T19:33:15.553+0000][36.690s][info][gc,start    ] GC(48) Pause Cleanup"
    ],
    [
        1771529595554,
        "[2026-02-19T19:33:15.553+0000][36.690s][info][gc          ] GC(48) Pause Cleanup 32M->32M(89M) 0.118ms"
    ],
    [
        1771529596962,
        "[2026-02-19T19:33:16.962+0000][38.099s][info][gc,start    ] GC(50) Pause Young (Prepare Mixed) (G1 Evacuation Pause)"
    ],
    [
        1771529597045,
        "[2026-02-19T19:33:17.045+0000][38.182s][info][gc          ] GC(50) Pause Young (Prepare Mixed) (G1 Evacuation Pause) 72M->32M(89M) 83.047ms"
    ],
    [
        1771529597057,
        "[2026-02-19T19:33:17.057+0000][38.194s][info][gc,start    ] GC(51) Pause Young (Mixed) (G1 Evacuation Pause)"
    ],
    [
        1771529597066,
        "[2026-02-19T19:33:17.066+0000][38.203s][info][gc          ] GC(51) Pause Young (Mixed) (G1 Evacuation Pause) 33M->32M(89M) 8.486ms"
    ],
    [
        1771529597698,
        "[2026-02-19T19:33:17.698+0000][0.792s][info][gc,start    ] GC(0) Pause Young (Normal) (G1 Evacuation Pause)"
    ],
    [
        1771529597704,
        "[2026-02-19T19:33:17.704+0000][0.798s][info][gc          ] GC(0) Pause Young (Normal) (G1 Evacuation Pause) 6M->1M(18M) 6.006ms"
    ],
    [
        1771529598003,
        "[2026-02-19T19:33:18.003+0000][1.096s][info][gc,start    ] GC(1) Pause Young (Normal) (G1 Evacuation Pause)"
    ],
    [
        1771529598006,
        "[2026-02-19T19:33:18.006+0000][1.100s][info][gc          ] GC(1) Pause Young (Normal) (G1 Evacuation Pause) 7M->2M(18M) 3.437ms"
    ],
    [
        1771529598296,
        "[2026-02-19T19:33:18.296+0000][1.389s][info][gc,start    ] GC(2) Pause Young (Normal) (G1 Evacuation Pause)"
    ],
    [
        1771529598297,
        "[2026-02-19T19:33:18.297+0000][1.391s][info][gc          ] GC(2) Pause Young (Normal) (G1 Evacuation Pause) 9M->2M(18M) 1.547ms"
    ],
    [
        1771529598913,
        "[2026-02-19T19:33:18.913+0000][2.006s][info][gc,start    ] GC(3) Pause Young (Normal) (G1 Evacuation Pause)"
    ],
    [
        1771529598915,
        "[2026-02-19T19:33:18.915+0000][2.008s][info][gc          ] GC(3) Pause Young (Normal) (G1 Evacuation Pause) 10M->3M(18M) 2.161ms"
    ],
    [
        1771529599397,
        "[2026-02-19T19:33:19.397+0000][2.491s][info][gc,start    ] GC(4) Pause Young (Normal) (G1 Evacuation Pause)"
    ],
    [
        1771529599400,
        "[2026-02-19T19:33:19.399+0000][2.493s][info][gc          ] GC(4) Pause Young (Normal) (G1 Evacuation Pause) 10M->3M(18M) 2.211ms"
    ],
    [
        1771529599756,
        "[2026-02-19T19:33:19.756+0000][40.893s][info][gc,start    ] GC(52) Pause Young (Normal) (G1 Evacuation Pause)"
    ],
    [
        1771529599763,
        "[2026-02-19T19:33:19.763+0000][40.900s][info][gc          ] GC(52) Pause Young (Normal) (G1 Evacuation Pause) 71M->34M(89M) 7.247ms"
    ],
    [
        1771529599913,
        "[2026-02-19T19:33:19.913+0000][3.007s][info][gc,start    ] GC(5) Pause Young (Normal) (G1 Evacuation Pause)"
    ],
    [
        1771529599992,
        "[2026-02-19T19:33:19.992+0000][3.086s][info][gc          ] GC(5) Pause Young (Normal) (G1 Evacuation Pause) 11M->3M(18M) 79.313ms"
    ],
    [
        1771529600315,
        "[2026-02-19T19:33:20.315+0000][3.408s][info][gc,start    ] GC(6) Pause Young (Normal) (G1 Evacuation Pause)"
    ],
    [
        1771529600319,
        "[2026-02-19T19:33:20.319+0000][3.413s][info][gc          ] GC(6) Pause Young (Normal) (G1 Evacuation Pause) 10M->3M(18M) 4.486ms"
    ],
    [
        1771529600993,
        "[2026-02-19T19:33:20.993+0000][4.087s][info][gc,start    ] GC(7) Pause Young (Normal) (G1 Evacuation Pause)"
    ],
    [
        1771529601000,
        "[2026-02-19T19:33:21.000+0000][4.094s][info][gc          ] GC(7) Pause Young (Normal) (G1 Evacuation Pause) 11M->4M(18M) 7.035ms"
    ],
    [
        1771529601592,
        "[2026-02-19T19:33:21.592+0000][4.686s][info][gc,start    ] GC(8) Pause Young (Normal) (G1 Evacuation Pause)"
    ],
    [
        1771529601596,
        "[2026-02-19T19:33:21.596+0000][4.689s][info][gc          ] GC(8) Pause Young (Normal) (G1 Evacuation Pause) 11M->4M(18M) 3.554ms"
    ],
    [
        1771529602199,
        "[2026-02-19T19:33:22.199+0000][5.292s][info][gc,start    ] GC(9) Pause Young (Normal) (G1 Evacuation Pause)"
    ],
    [
        1771529602203,
        "[2026-02-19T19:33:22.203+0000][5.297s][info][gc          ] GC(9) Pause Young (Normal) (G1 Evacuation Pause) 11M->5M(18M) 4.687ms"
    ],
    [
        1771529602507,
        "[2026-02-19T19:33:22.507+0000][5.601s][info][gc,start    ] GC(10) Pause Young (Normal) (G1 Evacuation Pause)"
    ],
    [
        1771529602511,
        "[2026-02-19T19:33:22.511+0000][5.604s][info][gc          ] GC(10) Pause Young (Normal) (G1 Evacuation Pause) 12M->5M(18M) 3.518ms"
    ],
    [
        1771529602709,
        "[2026-02-19T19:33:22.709+0000][5.802s][info][gc,start    ] GC(11) Pause Young (Normal) (G1 Evacuation Pause)"
    ],
    [
        1771529602712,
        "[2026-02-19T19:33:22.712+0000][5.806s][info][gc          ] GC(11) Pause Young (Normal) (G1 Evacuation Pause) 11M->5M(18M) 3.427ms"
    ],
    [
        1771529603097,
        "[2026-02-19T19:33:23.096+0000][6.190s][info][gc,start    ] GC(12) Pause Young (Normal) (G1 Evacuation Pause)"
    ],
    [
        1771529603099,
        "[2026-02-19T19:33:23.099+0000][6.192s][info][gc          ] GC(12) Pause Young (Normal) (G1 Evacuation Pause) 11M->5M(18M) 2.193ms"
    ],
    [
        1771529603404,
        "[2026-02-19T19:33:23.404+0000][6.497s][info][gc,start    ] GC(13) Pause Young (Normal) (G1 Evacuation Pause)"
    ],
    [
        1771529603407,
        "[2026-02-19T19:33:23.407+0000][6.500s][info][gc          ] GC(13) Pause Young (Normal) (G1 Evacuation Pause) 12M->5M(18M) 2.940ms"
    ],
    [
        1771529603706,
        "[2026-02-19T19:33:23.705+0000][6.799s][info][gc,start    ] GC(14) Pause Young (Normal) (G1 Evacuation Pause)"
    ],
    [
        1771529603708,
        "[2026-02-19T19:33:23.708+0000][6.802s][info][gc          ] GC(14) Pause Young (Normal) (G1 Evacuation Pause) 12M->5M(18M) 2.625ms"
    ],
    [
        1771529603906,
        "[2026-02-19T19:33:23.906+0000][6.999s][info][gc,start    ] GC(15) Pause Young (Normal) (G1 Evacuation Pause)"
    ],
    [
        1771529603909,
        "[2026-02-19T19:33:23.909+0000][7.003s][info][gc          ] GC(15) Pause Young (Normal) (G1 Evacuation Pause) 12M->6M(18M) 3.267ms"
    ],
    [
        1771529604299,
        "[2026-02-19T19:33:24.299+0000][7.392s][info][gc,start    ] GC(16) Pause Young (Normal) (G1 Evacuation Pause)"
    ],
    [
        1771529604303,
        "[2026-02-19T19:33:24.303+0000][7.396s][info][gc          ] GC(16) Pause Young (Normal) (G1 Evacuation Pause) 13M->6M(22M) 4.158ms"
    ],
    [
        1771529604902,
        "[2026-02-19T19:33:24.902+0000][7.995s][info][gc,start    ] GC(17) Pause Young (Normal) (G1 Evacuation Pause)"
    ],
    [
        1771529604904,
        "[2026-02-19T19:33:24.904+0000][7.998s][info][gc          ] GC(17) Pause Young (Normal) (G1 Evacuation Pause) 16M->6M(22M) 2.682ms"
    ],
    [
        1771529605291,
        "[2026-02-19T19:33:25.291+0000][8.385s][info][gc,start    ] GC(18) Pause Young (Normal) (G1 Evacuation Pause)"
    ],
    [
        1771529605294,
        "[2026-02-19T19:33:25.294+0000][8.388s][info][gc          ] GC(18) Pause Young (Normal) (G1 Evacuation Pause) 16M->7M(22M) 3.057ms"
    ],
    [
        1771529605492,
        "[2026-02-19T19:33:25.492+0000][8.585s][info][gc,start    ] GC(19) Pause Young (Normal) (G1 Evacuation Pause)"
    ],
    [
        1771529605497,
        "[2026-02-19T19:33:25.497+0000][8.591s][info][gc          ] GC(19) Pause Young (Normal) (G1 Evacuation Pause) 15M->7M(22M) 5.533ms"
    ],
    [
        1771529605713,
        "[2026-02-19T19:33:25.713+0000][8.806s][info][gc,start    ] GC(20) Pause Young (Normal) (G1 Evacuation Pause)"
    ],
    [
        1771529605791,
        "[2026-02-19T19:33:25.791+0000][8.885s][info][gc          ] GC(20) Pause Young (Normal) (G1 Evacuation Pause) 16M->8M(22M) 78.751ms"
    ],
    [
        1771529606201,
        "[2026-02-19T19:33:26.201+0000][9.295s][info][gc,start    ] GC(21) Pause Young (Normal) (G1 Evacuation Pause)"
    ],
    [
        1771529606208,
        "[2026-02-19T19:33:26.208+0000][9.301s][info][gc          ] GC(21) Pause Young (Normal) (G1 Evacuation Pause) 15M->8M(22M) 6.183ms"
    ],
    [
        1771529606505,
        "[2026-02-19T19:33:26.505+0000][9.599s][info][gc,start    ] GC(22) Pause Young (Normal) (G1 Evacuation Pause)"
    ],
    [
        1771529606515,
        "[2026-02-19T19:33:26.515+0000][9.609s][info][gc          ] GC(22) Pause Young (Normal) (G1 Evacuation Pause) 14M->9M(22M) 10.047ms"
    ],
    [
        1771529606812,
        "[2026-02-19T19:33:26.812+0000][9.905s][info][gc,start    ] GC(23) Pause Young (Concurrent Start) (G1 Evacuation Pause)"
    ],
    [
        1771529606895,
        "[2026-02-19T19:33:26.895+0000][9.989s][info][gc          ] GC(23) Pause Young (Concurrent Start) (G1 Evacuation Pause) 15M->9M(43M) 83.484ms"
    ],
    [
        1771529607006,
        "[2026-02-19T19:33:27.005+0000][10.099s][info][gc,start    ] GC(24) Pause Remark"
    ],
    [
        1771529607011,
        "[2026-02-19T19:33:27.011+0000][10.105s][info][gc          ] GC(24) Pause Remark 10M->10M(43M) 5.526ms"
    ],
    [
        1771529607011,
        "[2026-02-19T19:33:27.011+0000][10.105s][info][gc,start    ] GC(24) Pause Cleanup"
    ],
    [
        1771529607011,
        "[2026-02-19T19:33:27.011+0000][10.105s][info][gc          ] GC(24) Pause Cleanup 10M->10M(43M) 0.017ms"
    ],
    [
        1771529608098,
        "[2026-02-19T19:33:28.098+0000][11.191s][info][gc,start    ] GC(25) Pause Young (Normal) (G1 Evacuation Pause)"
    ],
    [
        1771529608106,
        "[2026-02-19T19:33:28.106+0000][11.200s][info][gc          ] GC(25) Pause Young (Normal) (G1 Evacuation Pause) 30M->11M(43M) 8.802ms"
    ],
    [
        1771529609297,
        "[2026-02-19T19:33:29.297+0000][12.390s][info][gc,start    ] GC(26) Pause Young (Normal) (G1 Evacuation Pause)"
    ],
    [
        1771529609323,
        "[2026-02-19T19:33:29.323+0000][12.417s][info][gc          ] GC(26) Pause Young (Normal) (G1 Evacuation Pause) 30M->12M(43M) 26.622ms"
    ],
    [
        1771529610791,
        "[2026-02-19T19:33:30.791+0000][13.885s][info][gc,start    ] GC(27) Pause Young (Normal) (G1 Evacuation Pause)"
    ],
    [
        1771529610799,
        "[2026-02-19T19:33:30.799+0000][13.893s][info][gc          ] GC(27) Pause Young (Normal) (G1 Evacuation Pause) 30M->13M(43M) 8.377ms"
    ],
    [
        1771529611709,
        "[2026-02-19T19:33:31.709+0000][14.802s][info][gc,start    ] GC(28) Pause Young (Normal) (G1 Evacuation Pause)"
    ],
    [
        1771529611714,
        "[2026-02-19T19:33:31.714+0000][14.808s][info][gc          ] GC(28) Pause Young (Normal) (G1 Evacuation Pause) 30M->14M(43M) 5.649ms"
    ],
    [
        1771529612913,
        "[2026-02-19T19:33:32.913+0000][16.007s][info][gc,start    ] GC(29) Pause Young (Normal) (G1 Evacuation Pause)"
    ],
    [
        1771529612996,
        "[2026-02-19T19:33:32.996+0000][16.090s][info][gc          ] GC(29) Pause Young (Normal) (G1 Evacuation Pause) 32M->15M(43M) 83.128ms"
    ],
    [
        1771529614306,
        "[2026-02-19T19:33:34.306+0000][17.399s][info][gc,start    ] GC(30) Pause Young (Normal) (G1 Evacuation Pause)"
    ],
    [
        1771529614313,
        "[2026-02-19T19:33:34.313+0000][17.406s][info][gc          ] GC(30) Pause Young (Normal) (G1 Evacuation Pause) 31M->16M(43M) 6.725ms"
    ],
    [
        1771529615291,
        "[2026-02-19T19:33:35.291+0000][18.385s][info][gc,start    ] GC(31) Pause Young (Normal) (G1 Evacuation Pause)"
    ],
    [
        1771529615298,
        "[2026-02-19T19:33:35.298+0000][18.391s][info][gc          ] GC(31) Pause Young (Normal) (G1 Evacuation Pause) 32M->17M(43M) 6.729ms"
    ],
    [
        1771529616009,
        "[2026-02-19T19:33:36.009+0000][19.103s][info][gc,start    ] GC(32) Pause Young (Normal) (G1 Evacuation Pause)"
    ],
    [
        1771529616098,
        "[2026-02-19T19:33:36.098+0000][19.192s][info][gc          ] GC(32) Pause Young (Normal) (G1 Evacuation Pause) 31M->18M(43M) 89.263ms"
    ],
    [
        1771529616107,
        "[2026-02-19T19:33:36.107+0000][19.200s][info][gc,start    ] GC(33) Pause Young (Concurrent Start) (Metadata GC Threshold)"
    ],
    [
        1771529616114,
        "[2026-02-19T19:33:36.114+0000][19.208s][info][gc          ] GC(33) Pause Young (Concurrent Start) (Metadata GC Threshold) 19M->18M(43M) 7.458ms"
    ],
    [
        1771529616314,
        "[2026-02-19T19:33:36.314+0000][19.408s][info][gc,start    ] GC(34) Pause Remark"
    ],
    [
        1771529616393,
        "[2026-02-19T19:33:36.393+0000][19.487s][info][gc          ] GC(34) Pause Remark 20M->20M(43M) 78.766ms"
    ],
    [
        1771529616507,
        "[2026-02-19T19:33:36.507+0000][19.600s][info][gc,start    ] GC(34) Pause Cleanup"
    ],
    [
        1771529616507,
        "[2026-02-19T19:33:36.507+0000][19.601s][info][gc          ] GC(34) Pause Cleanup 22M->22M(43M) 0.253ms"
    ],
    [
        1771529617194,
        "[2026-02-19T19:33:37.194+0000][20.288s][info][gc,start    ] GC(35) Pause Young (Concurrent Start) (G1 Evacuation Pause)"
    ],
    [
        1771529617199,
        "[2026-02-19T19:33:37.199+0000][20.292s][info][gc          ] GC(35) Pause Young (Concurrent Start) (G1 Evacuation Pause) 33M->18M(43M) 4.433ms"
    ],
    [
        1771529617305,
        "[2026-02-19T19:33:37.305+0000][20.399s][info][gc,start    ] GC(36) Pause Remark"
    ],
    [
        1771529617309,
        "[2026-02-19T19:33:37.309+0000][20.403s][info][gc          ] GC(36) Pause Remark 20M->20M(43M) 3.959ms"
    ],
    [
        1771529617397,
        "[2026-02-19T19:33:37.397+0000][20.490s][info][gc,start    ] GC(36) Pause Cleanup"
    ],
    [
        1771529617397,
        "[2026-02-19T19:33:37.397+0000][20.490s][info][gc          ] GC(36) Pause Cleanup 20M->20M(43M) 0.067ms"
    ],
    [
        1771529619003,
        "[2026-02-19T19:33:39.003+0000][22.097s][info][gc,start    ] GC(37) Pause Young (Normal) (G1 Evacuation Pause)"
    ],
    [
        1771529619010,
        "[2026-02-19T19:33:39.010+0000][22.103s][info][gc          ] GC(37) Pause Young (Normal) (G1 Evacuation Pause) 32M->20M(43M) 6.511ms"
    ],
    [
        1771529620691,
        "[2026-02-19T19:33:40.691+0000][23.785s][info][gc,start    ] GC(38) Pause Young (Concurrent Start) (G1 Evacuation Pause)"
    ],
    [
        1771529620696,
        "[2026-02-19T19:33:40.696+0000][23.790s][info][gc          ] GC(38) Pause Young (Concurrent Start) (G1 Evacuation Pause) 33M->20M(43M) 5.467ms"
    ],
    [
        1771529620910,
        "[2026-02-19T19:33:40.910+0000][24.004s][info][gc,start    ] GC(39) Pause Remark"
    ],
    [
        1771529620991,
        "[2026-02-19T19:33:40.991+0000][24.085s][info][gc          ] GC(39) Pause Remark 25M->25M(47M) 81.122ms"
    ],
    [
        1771529621098,
        "[2026-02-19T19:33:41.097+0000][24.191s][info][gc,start    ] GC(39) Pause Cleanup"
    ],
    [
        1771529621098,
        "[2026-02-19T19:33:41.098+0000][24.191s][info][gc          ] GC(39) Pause Cleanup 26M->26M(47M) 0.165ms"
    ],
    [
        1771529621310,
        "[2026-02-19T19:33:41.310+0000][24.404s][info][gc,start    ] GC(40) Pause Young (Normal) (G1 Evacuation Pause)"
    ],
    [
        1771529621392,
        "[2026-02-19T19:33:41.392+0000][24.485s][info][gc          ] GC(40) Pause Young (Normal) (G1 Evacuation Pause) 32M->21M(64M) 81.443ms"
    ],
    [
        1771529622297,
        "[2026-02-19T19:33:42.297+0000][25.391s][info][gc,start    ] GC(41) Pause Young (Normal) (G1 Evacuation Pause)"
    ],
    [
        1771529622302,
        "[2026-02-19T19:33:42.302+0000][25.396s][info][gc          ] GC(41) Pause Young (Normal) (G1 Evacuation Pause) 50M->21M(64M) 5.122ms"
    ],
    [
        1771529623299,
        "[2026-02-19T19:33:43.299+0000][26.393s][info][gc,start    ] GC(42) Pause Young (Normal) (G1 Evacuation Pause)"
    ],
    [
        1771529623304,
        "[2026-02-19T19:33:43.304+0000][26.398s][info][gc          ] GC(42) Pause Young (Normal) (G1 Evacuation Pause) 50M->22M(64M) 5.267ms"
    ],
    [
        1771529624592,
        "[2026-02-19T19:33:44.592+0000][27.685s][info][gc,start    ] GC(43) Pause Young (Normal) (G1 Evacuation Pause)"
    ],
    [
        1771529624598,
        "[2026-02-19T19:33:44.598+0000][27.691s][info][gc          ] GC(43) Pause Young (Normal) (G1 Evacuation Pause) 51M->23M(64M) 6.150ms"
    ],
    [
        1771529625695,
        "[2026-02-19T19:33:45.695+0000][28.788s][info][gc,start    ] GC(44) Pause Young (Normal) (G1 Evacuation Pause)"
    ],
    [
        1771529625701,
        "[2026-02-19T19:33:45.701+0000][28.794s][info][gc          ] GC(44) Pause Young (Normal) (G1 Evacuation Pause) 52M->23M(64M) 5.958ms"
    ],
    [
        1771529626905,
        "[2026-02-19T19:33:46.905+0000][29.998s][info][gc,start    ] GC(45) Pause Young (Normal) (G1 Evacuation Pause)"
    ],
    [
        1771529626911,
        "[2026-02-19T19:33:46.911+0000][30.005s][info][gc          ] GC(45) Pause Young (Normal) (G1 Evacuation Pause) 51M->24M(64M) 6.567ms"
    ],
    [
        1771529628201,
        "[2026-02-19T19:33:48.201+0000][31.295s][info][gc,start    ] GC(46) Pause Young (Normal) (G1 Evacuation Pause)"
    ],
    [
        1771529628208,
        "[2026-02-19T19:33:48.208+0000][31.301s][info][gc          ] GC(46) Pause Young (Normal) (G1 Evacuation Pause) 52M->24M(64M) 6.688ms"
    ],
    [
        1771529629594,
        "[2026-02-19T19:33:49.594+0000][32.687s][info][gc,start    ] GC(47) Pause Young (Normal) (G1 Evacuation Pause)"
    ],
    [
        1771529629601,
        "[2026-02-19T19:33:49.601+0000][32.695s][info][gc          ] GC(47) Pause Young (Normal) (G1 Evacuation Pause) 51M->26M(64M) 7.832ms"
    ],
    [
        1771529630694,
        "[2026-02-19T19:33:50.694+0000][33.788s][info][gc,start    ] GC(48) Pause Young (Normal) (G1 Evacuation Pause)"
    ],
    [
        1771529630702,
        "[2026-02-19T19:33:50.702+0000][33.796s][info][gc          ] GC(48) Pause Young (Normal) (G1 Evacuation Pause) 50M->27M(64M) 7.795ms"
    ],
    [
        1771529631310,
        "[2026-02-19T19:33:51.310+0000][34.404s][info][gc,start    ] GC(49) Pause Young (Normal) (G1 Evacuation Pause)"
    ],
    [
        1771529631392,
        "[2026-02-19T19:33:51.392+0000][34.485s][info][gc          ] GC(49) Pause Young (Normal) (G1 Evacuation Pause) 52M->27M(64M) 81.394ms"
    ],
    [
        1771529631900,
        "[2026-02-19T19:33:51.900+0000][34.994s][info][gc,start    ] GC(50) Pause Young (Normal) (G1 Evacuation Pause)"
    ],
    [
        1771529631904,
        "[2026-02-19T19:33:51.904+0000][34.998s][info][gc          ] GC(50) Pause Young (Normal) (G1 Evacuation Pause) 51M->28M(64M) 3.965ms"
    ],
    [
        1771529632512,
        "[2026-02-19T19:33:52.512+0000][35.605s][info][gc,start    ] GC(51) Pause Young (Normal) (G1 Evacuation Pause)"
    ],
    [
        1771529632599,
        "[2026-02-19T19:33:52.599+0000][35.693s][info][gc          ] GC(51) Pause Young (Normal) (G1 Evacuation Pause) 52M->29M(64M) 87.420ms"
    ],
    [
        1771529633091,
        "[2026-02-19T19:33:53.091+0000][36.185s][info][gc,start    ] GC(52) Pause Young (Concurrent Start) (Metadata GC Threshold)"
    ],
    [
        1771529633098,
        "[2026-02-19T19:33:53.098+0000][36.191s][info][gc          ] GC(52) Pause Young (Concurrent Start) (Metadata GC Threshold) 40M->29M(64M) 6.709ms"
    ],
    [
        1771529633593,
        "[2026-02-19T19:33:53.593+0000][36.687s][info][gc,start    ] GC(53) Pause Remark"
    ],
    [
        1771529633599,
        "[2026-02-19T19:33:53.599+0000][36.693s][info][gc          ] GC(53) Pause Remark 34M->34M(64M) 6.001ms"
    ],
    [
        1771529633796,
        "[2026-02-19T19:33:53.796+0000][36.889s][info][gc,start    ] GC(53) Pause Cleanup"
    ],
    [
        1771529633796,
        "[2026-02-19T19:33:53.796+0000][36.889s][info][gc          ] GC(53) Pause Cleanup 36M->36M(64M) 0.111ms"
    ],
    [
        1771529634797,
        "[2026-02-19T19:33:54.796+0000][37.890s][info][gc,start    ] GC(54) Pause Young (Concurrent Start) (G1 Evacuation Pause)"
    ],
    [
        1771529634809,
        "[2026-02-19T19:33:54.809+0000][37.903s][info][gc          ] GC(54) Pause Young (Concurrent Start) (G1 Evacuation Pause) 51M->30M(64M) 12.826ms"
    ],
    [
        1771529635303,
        "[2026-02-19T19:33:55.303+0000][38.397s][info][gc,start    ] GC(55) Pause Remark"
    ],
    [
        1771529635308,
        "[2026-02-19T19:33:55.308+0000][38.402s][info][gc          ] GC(55) Pause Remark 35M->35M(64M) 5.078ms"
    ],
    [
        1771529635505,
        "[2026-02-19T19:33:55.505+0000][38.599s][info][gc,start    ] GC(55) Pause Cleanup"
    ],
    [
        1771529635505,
        "[2026-02-19T19:33:55.505+0000][38.599s][info][gc          ] GC(55) Pause Cleanup 37M->37M(64M) 0.117ms"
    ],
    [
        1771529636504,
        "[2026-02-19T19:33:56.504+0000][39.597s][info][gc,start    ] GC(56) Pause Young (Normal) (G1 Evacuation Pause)"
    ],
    [
        1771529636592,
        "[2026-02-19T19:33:56.592+0000][39.685s][info][gc          ] GC(56) Pause Young (Normal) (G1 Evacuation Pause) 50M->32M(64M) 88.215ms"
    ],
    [
        1771529657712,
        "[2026-02-19T19:34:17.712+0000][60.806s][info][gc,start    ] GC(57) Pause Young (Concurrent Start) (G1 Evacuation Pause)"
    ],
    [
        1771529657795,
        "[2026-02-19T19:34:17.795+0000][60.889s][info][gc          ] GC(57) Pause Young (Concurrent Start) (G1 Evacuation Pause) 51M->33M(64M) 82.675ms"
    ],
    [
        1771529658092,
        "[2026-02-19T19:34:18.092+0000][61.186s][info][gc,start    ] GC(58) Pause Remark"
    ],
    [
        1771529658097,
        "[2026-02-19T19:34:18.097+0000][61.191s][info][gc          ] GC(58) Pause Remark 35M->35M(64M) 5.532ms"
    ],
    [
        1771529658206,
        "[2026-02-19T19:34:18.206+0000][61.300s][info][gc,start    ] GC(58) Pause Cleanup"
    ],
    [
        1771529658206,
        "[2026-02-19T19:34:18.206+0000][61.300s][info][gc          ] GC(58) Pause Cleanup 36M->36M(64M) 0.156ms"
    ],
    [
        1771530177012,
        "[2026-02-19T19:42:57.012+0000][656.532s][info][gc,start    ] GC(47) Pause Young (Normal) (G1 Evacuation Pause)"
    ],
    [
        1771530177101,
        "[2026-02-19T19:42:57.101+0000][656.620s][info][gc          ] GC(47) Pause Young (Normal) (G1 Evacuation Pause) 71M->34M(89M) 88.374ms"
    ],
    [
        1771530177644,
        "[2026-02-19T19:42:57.644+0000][618.781s][info][gc,start    ] GC(53) Pause Young (Normal) (G1 Evacuation Pause)"
    ],
    [
        1771530177660,
        "[2026-02-19T19:42:57.660+0000][618.797s][info][gc          ] GC(53) Pause Young (Normal) (G1 Evacuation Pause) 70M->36M(89M) 15.963ms"
    ],
    [
        1771530225516,
        "[2026-02-19T19:43:45.515+0000][666.652s][info][gc,start    ] GC(54) Pause Young (Normal) (G1 Evacuation Pause)"
    ],
    [
        1771530225524,
        "[2026-02-19T19:43:45.524+0000][666.661s][info][gc          ] GC(54) Pause Young (Normal) (G1 Evacuation Pause) 70M->37M(89M) 8.551ms"
    ],
    [
        1771530295330,
        "[2026-02-19T19:44:55.329+0000][774.849s][info][gc,start    ] GC(48) Pause Young (Normal) (G1 Evacuation Pause)"
    ],
    [
        1771530295338,
        "[2026-02-19T19:44:55.338+0000][774.857s][info][gc          ] GC(48) Pause Young (Normal) (G1 Evacuation Pause) 71M->35M(89M) 8.356ms"
    ],
    [
        1771530324789,
        "[2026-02-19T19:45:24.789+0000][765.926s][info][gc,start    ] GC(55) Pause Young (Normal) (G1 Evacuation Pause)"
    ],
    [
        1771530324798,
        "[2026-02-19T19:45:24.798+0000][765.935s][info][gc          ] GC(55) Pause Young (Normal) (G1 Evacuation Pause) 71M->38M(89M) 9.171ms"
    ],
    [
        1771530333023,
        "[2026-02-19T19:45:33.023+0000][812.543s][info][gc,start    ] GC(49) Pause Young (Normal) (G1 Evacuation Pause)"
    ],
    [
        1771530333034,
        "[2026-02-19T19:45:33.034+0000][812.554s][info][gc          ] GC(49) Pause Young (Normal) (G1 Evacuation Pause) 71M->35M(89M) 11.251ms"
    ],
    [
        1771530349757,
        "[2026-02-19T19:45:49.757+0000][790.894s][info][gc,start    ] GC(56) Pause Young (Normal) (G1 Evacuation Pause)"
    ],
    [
        1771530349762,
        "[2026-02-19T19:45:49.762+0000][790.899s][info][gc          ] GC(56) Pause Young (Normal) (G1 Evacuation Pause) 73M->37M(89M) 5.482ms"
    ],
    [
        1771530356338,
        "[2026-02-19T19:45:56.338+0000][835.857s][info][gc,start    ] GC(50) Pause Young (Normal) (G1 Evacuation Pause)"
    ],
    [
        1771530356347,
        "[2026-02-19T19:45:56.347+0000][835.867s][info][gc          ] GC(50) Pause Young (Normal) (G1 Evacuation Pause) 72M->35M(89M) 9.407ms"
    ],
    [
        1771530367199,
        "[2026-02-19T19:46:07.199+0000][808.336s][info][gc,start    ] GC(57) Pause Young (Normal) (G1 Evacuation Pause)"
    ],
    [
        1771530367205,
        "[2026-02-19T19:46:07.205+0000][808.342s][info][gc          ] GC(57) Pause Young (Normal) (G1 Evacuation Pause) 73M->37M(89M) 5.656ms"
    ],
    [
        1771530376340,
        "[2026-02-19T19:46:16.340+0000][855.859s][info][gc,start    ] GC(51) Pause Young (Normal) (G1 Evacuation Pause)"
    ],
    [
        1771530376347,
        "[2026-02-19T19:46:16.347+0000][855.867s][info][gc          ] GC(51) Pause Young (Normal) (G1 Evacuation Pause) 73M->35M(89M) 7.645ms"
    ],
    [
        1771530381340,
        "[2026-02-19T19:46:21.339+0000][822.476s][info][gc,start    ] GC(58) Pause Young (Normal) (G1 Evacuation Pause)"
    ],
    [
        1771530381347,
        "[2026-02-19T19:46:21.347+0000][822.484s][info][gc          ] GC(58) Pause Young (Normal) (G1 Evacuation Pause) 73M->37M(89M) 7.242ms"
    ],
    [
        1771530392483,
        "[2026-02-19T19:46:32.483+0000][872.002s][info][gc,start    ] GC(52) Pause Young (Normal) (G1 Evacuation Pause)"
    ],
    [
        1771530392488,
        "[2026-02-19T19:46:32.488+0000][872.008s][info][gc          ] GC(52) Pause Young (Normal) (G1 Evacuation Pause) 73M->35M(89M) 5.503ms"
    ],
    [
        1771530393782,
        "[2026-02-19T19:46:33.782+0000][834.919s][info][gc,start    ] GC(59) Pause Young (Normal) (G1 Evacuation Pause)"
    ],
    [
        1771530393788,
        "[2026-02-19T19:46:33.788+0000][834.925s][info][gc          ] GC(59) Pause Young (Normal) (G1 Evacuation Pause) 74M->37M(89M) 5.201ms"
    ],
    [
        1771530404133,
        "[2026-02-19T19:46:44.133+0000][883.653s][info][gc,start    ] GC(53) Pause Young (Normal) (G1 Evacuation Pause)"
    ],
    [
        1771530404192,
        "[2026-02-19T19:46:44.192+0000][883.712s][info][gc          ] GC(53) Pause Young (Normal) (G1 Evacuation Pause) 74M->35M(89M) 58.674ms"
    ],
    [
        1771530405651,
        "[2026-02-19T19:46:45.651+0000][846.788s][info][gc,start    ] GC(60) Pause Young (Normal) (G1 Evacuation Pause)"
    ],
    [
        1771530405659,
        "[2026-02-19T19:46:45.659+0000][846.796s][info][gc          ] GC(60) Pause Young (Normal) (G1 Evacuation Pause) 74M->38M(89M) 7.799ms"
    ],
    [
        1771530415280,
        "[2026-02-19T19:46:55.280+0000][894.799s][info][gc,start    ] GC(54) Pause Young (Normal) (G1 Evacuation Pause)"
    ],
    [
        1771530415286,
        "[2026-02-19T19:46:55.286+0000][894.805s][info][gc          ] GC(54) Pause Young (Normal) (G1 Evacuation Pause) 74M->35M(89M) 5.917ms"
    ],
    [
        1771530416534,
        "[2026-02-19T19:46:56.534+0000][857.671s][info][gc,start    ] GC(61) Pause Young (Normal) (G1 Evacuation Pause)"
    ],
    [
        1771530416540,
        "[2026-02-19T19:46:56.540+0000][857.677s][info][gc          ] GC(61) Pause Young (Normal) (G1 Evacuation Pause) 76M->38M(89M) 5.182ms"
    ],
    [
        1771530425989,
        "[2026-02-19T19:47:05.989+0000][905.508s][info][gc,start    ] GC(55) Pause Young (Normal) (G1 Evacuation Pause)"
    ],
    [
        1771530425997,
        "[2026-02-19T19:47:05.997+0000][905.517s][info][gc          ] GC(55) Pause Young (Normal) (G1 Evacuation Pause) 75M->35M(89M) 8.415ms"
    ],
    [
        1771530427244,
        "[2026-02-19T19:47:07.244+0000][868.381s][info][gc,start    ] GC(62) Pause Young (Normal) (G1 Evacuation Pause)"
    ],
    [
        1771530427250,
        "[2026-02-19T19:47:07.250+0000][868.387s][info][gc          ] GC(62) Pause Young (Normal) (G1 Evacuation Pause) 76M->38M(89M) 6.120ms"
    ],
    [
        1771530435206,
        "[2026-02-19T19:47:15.206+0000][876.343s][info][gc,start    ] GC(63) Pause Young (Normal) (G1 Evacuation Pause)"
    ],
    [
        1771530435214,
        "[2026-02-19T19:47:15.214+0000][876.351s][info][gc          ] GC(63) Pause Young (Normal) (G1 Evacuation Pause) 76M->38M(89M) 7.533ms"
    ],
    [
        1771530435796,
        "[2026-02-19T19:47:15.796+0000][915.316s][info][gc,start    ] GC(56) Pause Young (Normal) (G1 Evacuation Pause)"
    ],
    [
        1771530435802,
        "[2026-02-19T19:47:15.802+0000][915.321s][info][gc          ] GC(56) Pause Young (Normal) (G1 Evacuation Pause) 75M->35M(89M) 5.451ms"
    ],
    [
        1771530443532,
        "[2026-02-19T19:47:23.532+0000][884.669s][info][gc,start    ] GC(64) Pause Young (Normal) (G1 Evacuation Pause)"
    ],
    [
        1771530443546,
        "[2026-02-19T19:47:23.545+0000][884.682s][info][gc          ] GC(64) Pause Young (Normal) (G1 Evacuation Pause) 76M->38M(89M) 13.235ms"
    ],
    [
        1771530444227,
        "[2026-02-19T19:47:24.227+0000][923.747s][info][gc,start    ] GC(57) Pause Young (Normal) (G1 Evacuation Pause)"
    ],
    [
        1771530444238,
        "[2026-02-19T19:47:24.238+0000][923.757s][info][gc          ] GC(57) Pause Young (Normal) (G1 Evacuation Pause) 75M->35M(89M) 10.363ms"
    ],
    [
        1771530451053,
        "[2026-02-19T19:47:31.053+0000][892.190s][info][gc,start    ] GC(65) Pause Young (Normal) (G1 Evacuation Pause)"
    ],
    [
        1771530451059,
        "[2026-02-19T19:47:31.059+0000][892.196s][info][gc          ] GC(65) Pause Young (Normal) (G1 Evacuation Pause) 76M->38M(89M) 5.990ms"
    ],
    [
        1771530452889,
        "[2026-02-19T19:47:32.889+0000][932.408s][info][gc,start    ] GC(58) Pause Young (Normal) (G1 Evacuation Pause)"
    ],
    [
        1771530452896,
        "[2026-02-19T19:47:32.896+0000][932.416s][info][gc          ] GC(58) Pause Young (Normal) (G1 Evacuation Pause) 75M->35M(89M) 7.105ms"
    ],
    [
        1771530457640,
        "[2026-02-19T19:47:37.640+0000][898.777s][info][gc,start    ] GC(66) Pause Young (Normal) (G1 Evacuation Pause)"
    ],
    [
        1771530457648,
        "[2026-02-19T19:47:37.648+0000][898.785s][info][gc          ] GC(66) Pause Young (Normal) (G1 Evacuation Pause) 76M->38M(89M) 8.113ms"
    ],
    [
        1771530459287,
        "[2026-02-19T19:47:39.287+0000][938.806s][info][gc,start    ] GC(59) Pause Young (Normal) (G1 Evacuation Pause)"
    ],
    [
        1771530459293,
        "[2026-02-19T19:47:39.293+0000][938.812s][info][gc          ] GC(59) Pause Young (Normal) (G1 Evacuation Pause) 75M->35M(89M) 5.949ms"
    ],
    [
        1771530464173,
        "[2026-02-19T19:47:44.173+0000][905.310s][info][gc,start    ] GC(67) Pause Young (Normal) (G1 Evacuation Pause)"
    ],
    [
        1771530464179,
        "[2026-02-19T19:47:44.179+0000][905.316s][info][gc          ] GC(67) Pause Young (Normal) (G1 Evacuation Pause) 76M->38M(89M) 6.124ms"
    ],
    [
        1771530467177,
        "[2026-02-19T19:47:47.177+0000][946.697s][info][gc,start    ] GC(60) Pause Young (Normal) (G1 Evacuation Pause)"
    ],
    [
        1771530467186,
        "[2026-02-19T19:47:47.186+0000][946.705s][info][gc          ] GC(60) Pause Young (Normal) (G1 Evacuation Pause) 75M->35M(89M) 8.899ms"
    ],
    [
        1771530470132,
        "[2026-02-19T19:47:50.132+0000][911.269s][info][gc,start    ] GC(68) Pause Young (Normal) (G1 Evacuation Pause)"
    ],
    [
        1771530470138,
        "[2026-02-19T19:47:50.138+0000][911.275s][info][gc          ] GC(68) Pause Young (Normal) (G1 Evacuation Pause) 76M->38M(89M) 6.568ms"
    ],
    [
        1771530473613,
        "[2026-02-19T19:47:53.613+0000][953.132s][info][gc,start    ] GC(61) Pause Young (Normal) (G1 Evacuation Pause)"
    ],
    [
        1771530473622,
        "[2026-02-19T19:47:53.622+0000][953.142s][info][gc          ] GC(61) Pause Young (Normal) (G1 Evacuation Pause) 75M->35M(89M) 9.692ms"
    ],
    [
        1771530476906,
        "[2026-02-19T19:47:56.905+0000][918.042s][info][gc,start    ] GC(69) Pause Young (Normal) (G1 Evacuation Pause)"
    ],
    [
        1771530476913,
        "[2026-02-19T19:47:56.913+0000][918.050s][info][gc          ] GC(69) Pause Young (Normal) (G1 Evacuation Pause) 76M->38M(89M) 7.162ms"
    ],
    [
        1771530479197,
        "[2026-02-19T19:47:59.197+0000][958.717s][info][gc,start    ] GC(62) Pause Young (Normal) (G1 Evacuation Pause)"
    ],
    [
        1771530479206,
        "[2026-02-19T19:47:59.206+0000][958.725s][info][gc          ] GC(62) Pause Young (Normal) (G1 Evacuation Pause) 75M->35M(89M) 8.565ms"
    ],
    [
        1771530483076,
        "[2026-02-19T19:48:03.074+0000][924.211s][info][gc,start    ] GC(70) Pause Young (Normal) (G1 Evacuation Pause)"
    ],
    [
        1771530483081,
        "[2026-02-19T19:48:03.081+0000][924.218s][info][gc          ] GC(70) Pause Young (Normal) (G1 Evacuation Pause) 77M->38M(89M) 6.160ms"
    ],
    [
        1771530484904,
        "[2026-02-19T19:48:04.904+0000][964.423s][info][gc,start    ] GC(63) Pause Young (Normal) (G1 Evacuation Pause)"
    ],
    [
        1771530484915,
        "[2026-02-19T19:48:04.914+0000][964.434s][info][gc          ] GC(63) Pause Young (Normal) (G1 Evacuation Pause) 75M->35M(89M) 10.623ms"
    ],
    [
        1771530488866,
        "[2026-02-19T19:48:08.866+0000][930.003s][info][gc,start    ] GC(71) Pause Young (Normal) (G1 Evacuation Pause)"
    ],
    [
        1771530488870,
        "[2026-02-19T19:48:08.870+0000][930.007s][info][gc          ] GC(71) Pause Young (Normal) (G1 Evacuation Pause) 77M->38M(89M) 4.316ms"
    ],
    [
        1771530492067,
        "[2026-02-19T19:48:12.067+0000][971.586s][info][gc,start    ] GC(64) Pause Young (Normal) (G1 Evacuation Pause)"
    ],
    [
        1771530492071,
        "[2026-02-19T19:48:12.071+0000][971.590s][info][gc          ] GC(64) Pause Young (Normal) (G1 Evacuation Pause) 77M->35M(89M) 3.734ms"
    ],
    [
        1771530494690,
        "[2026-02-19T19:48:14.690+0000][935.827s][info][gc,start    ] GC(72) Pause Young (Normal) (G1 Evacuation Pause)"
    ],
    [
        1771530494693,
        "[2026-02-19T19:48:14.693+0000][935.830s][info][gc          ] GC(72) Pause Young (Normal) (G1 Evacuation Pause) 77M->38M(89M) 3.012ms"
    ],
    [
        1771530497920,
        "[2026-02-19T19:48:17.920+0000][977.440s][info][gc,start    ] GC(65) Pause Young (Normal) (G1 Evacuation Pause)"
    ],
    [
        1771530497923,
        "[2026-02-19T19:48:17.923+0000][977.443s][info][gc          ] GC(65) Pause Young (Normal) (G1 Evacuation Pause) 76M->35M(89M) 3.234ms"
    ],
    [
        1771530500251,
        "[2026-02-19T19:48:20.251+0000][941.388s][info][gc,start    ] GC(73) Pause Young (Normal) (G1 Evacuation Pause)"
    ],
    [
        1771530500257,
        "[2026-02-19T19:48:20.257+0000][941.394s][info][gc          ] GC(73) Pause Young (Normal) (G1 Evacuation Pause) 77M->38M(89M) 5.885ms"
    ],
    [
        1771530504216,
        "[2026-02-19T19:48:24.216+0000][983.735s][info][gc,start    ] GC(66) Pause Young (Normal) (G1 Evacuation Pause)"
    ],
    [
        1771530504222,
        "[2026-02-19T19:48:24.222+0000][983.741s][info][gc          ] GC(66) Pause Young (Normal) (G1 Evacuation Pause) 76M->35M(89M) 5.933ms"
    ],
    [
        1771530505951,
        "[2026-02-19T19:48:25.951+0000][947.088s][info][gc,start    ] GC(74) Pause Young (Normal) (G1 Evacuation Pause)"
    ],
    [
        1771530505957,
        "[2026-02-19T19:48:25.957+0000][947.094s][info][gc          ] GC(74) Pause Young (Normal) (G1 Evacuation Pause) 77M->38M(89M) 6.702ms"
    ],
    [
        1771530509368,
        "[2026-02-19T19:48:29.368+0000][988.887s][info][gc,start    ] GC(67) Pause Young (Normal) (G1 Evacuation Pause)"
    ],
    [
        1771530509373,
        "[2026-02-19T19:48:29.373+0000][988.892s][info][gc          ] GC(67) Pause Young (Normal) (G1 Evacuation Pause) 76M->35M(89M) 4.955ms"
    ],
    [
        1771530511392,
        "[2026-02-19T19:48:31.392+0000][952.529s][info][gc,start    ] GC(75) Pause Young (Normal) (G1 Evacuation Pause)"
    ],
    [
        1771530511395,
        "[2026-02-19T19:48:31.395+0000][952.532s][info][gc          ] GC(75) Pause Young (Normal) (G1 Evacuation Pause) 76M->38M(89M) 2.662ms"
    ],
    [
        1771530515125,
        "[2026-02-19T19:48:35.124+0000][994.644s][info][gc,start    ] GC(68) Pause Young (Normal) (G1 Evacuation Pause)"
    ],
    [
        1771530515193,
        "[2026-02-19T19:48:35.193+0000][994.713s][info][gc          ] GC(68) Pause Young (Normal) (G1 Evacuation Pause) 76M->35M(89M) 69.032ms"
    ],
    [
        1771530515777,
        "[2026-02-19T19:48:35.777+0000][956.914s][info][gc,start    ] GC(76) Pause Young (Normal) (G1 Evacuation Pause)"
    ],
    [
        1771530515780,
        "[2026-02-19T19:48:35.780+0000][956.917s][info][gc          ] GC(76) Pause Young (Normal) (G1 Evacuation Pause) 76M->38M(89M) 3.165ms"
    ],
    [
        1771530520209,
        "[2026-02-19T19:48:40.209+0000][999.728s][info][gc,start    ] GC(69) Pause Young (Normal) (G1 Evacuation Pause)"
    ],
    [
        1771530520212,
        "[2026-02-19T19:48:40.212+0000][999.732s][info][gc          ] GC(69) Pause Young (Normal) (G1 Evacuation Pause) 76M->36M(89M) 3.793ms"
    ],
    [
        1771530520249,
        "[2026-02-19T19:48:40.249+0000][961.386s][info][gc,start    ] GC(77) Pause Young (Normal) (G1 Evacuation Pause)"
    ],
    [
        1771530520252,
        "[2026-02-19T19:48:40.252+0000][961.389s][info][gc          ] GC(77) Pause Young (Normal) (G1 Evacuation Pause) 76M->38M(89M) 2.416ms"
    ],
    [
        1771530524446,
        "[2026-02-19T19:48:44.445+0000][965.583s][info][gc,start    ] GC(78) Pause Young (Normal) (G1 Evacuation Pause)"
    ],
    [
        1771530524450,
        "[2026-02-19T19:48:44.450+0000][965.587s][info][gc          ] GC(78) Pause Young (Normal) (G1 Evacuation Pause) 76M->38M(89M) 4.776ms"
    ],
    [
        1771530525791,
        "[2026-02-19T19:48:45.791+0000][1005.311s][info][gc,start    ] GC(70) Pause Young (Normal) (G1 Evacuation Pause)"
    ],
    [
        1771530525797,
        "[2026-02-19T19:48:45.797+0000][1005.316s][info][gc          ] GC(70) Pause Young (Normal) (G1 Evacuation Pause) 75M->36M(89M) 5.565ms"
    ],
    [
        1771530528760,
        "[2026-02-19T19:48:48.759+0000][969.897s][info][gc,start    ] GC(79) Pause Young (Normal) (G1 Evacuation Pause)"
    ],
    [
        1771530528764,
        "[2026-02-19T19:48:48.764+0000][969.901s][info][gc          ] GC(79) Pause Young (Normal) (G1 Evacuation Pause) 76M->38M(89M) 4.623ms"
    ],
    [
        1771530529876,
        "[2026-02-19T19:48:49.876+0000][1009.395s][info][gc,start    ] GC(71) Pause Young (Normal) (G1 Evacuation Pause)"
    ],
    [
        1771530529878,
        "[2026-02-19T19:48:49.878+0000][1009.398s][info][gc          ] GC(71) Pause Young (Normal) (G1 Evacuation Pause) 77M->36M(89M) 2.680ms"
    ],
    [
        1771530533388,
        "[2026-02-19T19:48:53.388+0000][974.525s][info][gc,start    ] GC(80) Pause Young (Normal) (G1 Evacuation Pause)"
    ],
    [
        1771530533392,
        "[2026-02-19T19:48:53.392+0000][974.529s][info][gc          ] GC(80) Pause Young (Normal) (G1 Evacuation Pause) 76M->38M(89M) 3.813ms"
    ],
    [
        1771530534761,
        "[2026-02-19T19:48:54.761+0000][1014.280s][info][gc,start    ] GC(72) Pause Young (Normal) (G1 Evacuation Pause)"
    ],
    [
        1771530534764,
        "[2026-02-19T19:48:54.764+0000][1014.284s][info][gc          ] GC(72) Pause Young (Normal) (G1 Evacuation Pause) 77M->36M(89M) 3.226ms"
    ],
    [
        1771530538247,
        "[2026-02-19T19:48:58.247+0000][979.384s][info][gc,start    ] GC(81) Pause Young (Normal) (G1 Evacuation Pause)"
    ],
    [
        1771530538249,
        "[2026-02-19T19:48:58.249+0000][979.386s][info][gc          ] GC(81) Pause Young (Normal) (G1 Evacuation Pause) 76M->38M(89M) 2.418ms"
    ],
    [
        1771530539510,
        "[2026-02-19T19:48:59.510+0000][1019.030s][info][gc,start    ] GC(73) Pause Young (Normal) (G1 Evacuation Pause)"
    ],
    [
        1771530539513,
        "[2026-02-19T19:48:59.513+0000][1019.033s][info][gc          ] GC(73) Pause Young (Normal) (G1 Evacuation Pause) 77M->36M(89M) 3.218ms"
    ],
    [
        1771530542952,
        "[2026-02-19T19:49:02.952+0000][984.089s][info][gc,start    ] GC(82) Pause Young (Normal) (G1 Evacuation Pause)"
    ],
    [
        1771530542955,
        "[2026-02-19T19:49:02.955+0000][984.092s][info][gc          ] GC(82) Pause Young (Normal) (G1 Evacuation Pause) 76M->38M(89M) 3.067ms"
    ],
    [
        1771530543225,
        "[2026-02-19T19:49:03.225+0000][1022.744s][info][gc,start    ] GC(74) Pause Young (Normal) (G1 Evacuation Pause)"
    ],
    [
        1771530543240,
        "[2026-02-19T19:49:03.240+0000][1022.760s][info][gc          ] GC(74) Pause Young (Normal) (G1 Evacuation Pause) 77M->36M(89M) 15.429ms"
    ],
    [
        1771530547061,
        "[2026-02-19T19:49:07.061+0000][988.198s][info][gc,start    ] GC(83) Pause Young (Normal) (G1 Evacuation Pause)"
    ],
    [
        1771530547063,
        "[2026-02-19T19:49:07.063+0000][988.200s][info][gc          ] GC(83) Pause Young (Normal) (G1 Evacuation Pause) 76M->38M(89M) 2.701ms"
    ],
    [
        1771530547837,
        "[2026-02-19T19:49:07.837+0000][1027.357s][info][gc,start    ] GC(75) Pause Young (Normal) (G1 Evacuation Pause)"
    ],
    [
        1771530547892,
        "[2026-02-19T19:49:07.892+0000][1027.411s][info][gc          ] GC(75) Pause Young (Normal) (G1 Evacuation Pause) 75M->36M(89M) 54.562ms"
    ],
    [
        1771530550951,
        "[2026-02-19T19:49:10.951+0000][992.088s][info][gc,start    ] GC(84) Pause Young (Normal) (G1 Evacuation Pause)"
    ],
    [
        1771530550954,
        "[2026-02-19T19:49:10.954+0000][992.091s][info][gc          ] GC(84) Pause Young (Normal) (G1 Evacuation Pause) 76M->38M(89M) 2.969ms"
    ],
    [
        1771530552073,
        "[2026-02-19T19:49:12.072+0000][1031.592s][info][gc,start    ] GC(76) Pause Young (Normal) (G1 Evacuation Pause)"
    ],
    [
        1771530552092,
        "[2026-02-19T19:49:12.092+0000][1031.611s][info][gc          ] GC(76) Pause Young (Normal) (G1 Evacuation Pause) 75M->36M(89M) 19.180ms"
    ],
    [
        1771530554590,
        "[2026-02-19T19:49:14.589+0000][995.727s][info][gc,start    ] GC(85) Pause Young (Normal) (G1 Evacuation Pause)"
    ],
    [
        1771530554592,
        "[2026-02-19T19:49:14.592+0000][995.729s][info][gc          ] GC(85) Pause Young (Normal) (G1 Evacuation Pause) 76M->38M(89M) 2.957ms"
    ],
    [
        1771530556257,
        "[2026-02-19T19:49:16.257+0000][1035.777s][info][gc,start    ] GC(77) Pause Young (Normal) (G1 Evacuation Pause)"
    ],
    [
        1771530556260,
        "[2026-02-19T19:49:16.260+0000][1035.779s][info][gc          ] GC(77) Pause Young (Normal) (G1 Evacuation Pause) 75M->36M(89M) 2.747ms"
    ],
    [
        1771530558996,
        "[2026-02-19T19:49:18.996+0000][1000.133s][info][gc,start    ] GC(86) Pause Young (Normal) (G1 Evacuation Pause)"
    ],
    [
        1771530559000,
        "[2026-02-19T19:49:19.000+0000][1000.137s][info][gc          ] GC(86) Pause Young (Normal) (G1 Evacuation Pause) 76M->38M(89M) 3.574ms"
    ],
    [
        1771530561437,
        "[2026-02-19T19:49:21.437+0000][1040.956s][info][gc,start    ] GC(78) Pause Young (Normal) (G1 Evacuation Pause)"
    ],
    [
        1771530561440,
        "[2026-02-19T19:49:21.440+0000][1040.959s][info][gc          ] GC(78) Pause Young (Normal) (G1 Evacuation Pause) 75M->36M(89M) 3.103ms"
    ],
    [
        1771530562595,
        "[2026-02-19T19:49:22.595+0000][1003.732s][info][gc,start    ] GC(87) Pause Young (Normal) (G1 Evacuation Pause)"
    ],
    [
        1771530562597,
        "[2026-02-19T19:49:22.597+0000][1003.734s][info][gc          ] GC(87) Pause Young (Normal) (G1 Evacuation Pause) 76M->38M(89M) 2.331ms"
    ],
    [
        1771530565042,
        "[2026-02-19T19:49:25.042+0000][1044.562s][info][gc,start    ] GC(79) Pause Young (Normal) (G1 Evacuation Pause)"
    ],
    [
        1771530565047,
        "[2026-02-19T19:49:25.047+0000][1044.566s][info][gc          ] GC(79) Pause Young (Normal) (G1 Evacuation Pause) 75M->36M(89M) 4.525ms"
    ],
    [
        1771530566533,
        "[2026-02-19T19:49:26.533+0000][1007.670s][info][gc,start    ] GC(88) Pause Young (Normal) (G1 Evacuation Pause)"
    ],
    [
        1771530566536,
        "[2026-02-19T19:49:26.536+0000][1007.673s][info][gc          ] GC(88) Pause Young (Normal) (G1 Evacuation Pause) 76M->38M(89M) 2.221ms"
    ],
    [
        1771530569240,
        "[2026-02-19T19:49:29.240+0000][1048.760s][info][gc,start    ] GC(80) Pause Young (Normal) (G1 Evacuation Pause)"
    ],
    [
        1771530569244,
        "[2026-02-19T19:49:29.244+0000][1048.764s][info][gc          ] GC(80) Pause Young (Normal) (G1 Evacuation Pause) 75M->36M(89M) 3.687ms"
    ],
    [
        1771530570466,
        "[2026-02-19T19:49:30.466+0000][1011.603s][info][gc,start    ] GC(89) Pause Young (Normal) (G1 Evacuation Pause)"
    ],
    [
        1771530570470,
        "[2026-02-19T19:49:30.470+0000][1011.607s][info][gc          ] GC(89) Pause Young (Normal) (G1 Evacuation Pause) 76M->38M(89M) 4.005ms"
    ],
    [
        1771530572397,
        "[2026-02-19T19:49:32.397+0000][1051.917s][info][gc,start    ] GC(81) Pause Young (Normal) (G1 Evacuation Pause)"
    ],
    [
        1771530572399,
        "[2026-02-19T19:49:32.399+0000][1051.918s][info][gc          ] GC(81) Pause Young (Normal) (G1 Evacuation Pause) 75M->36M(89M) 1.915ms"
    ],
    [
        1771530574646,
        "[2026-02-19T19:49:34.646+0000][1015.783s][info][gc,start    ] GC(90) Pause Young (Normal) (G1 Evacuation Pause)"
    ],
    [
        1771530574649,
        "[2026-02-19T19:49:34.649+0000][1015.786s][info][gc          ] GC(90) Pause Young (Normal) (G1 Evacuation Pause) 76M->38M(89M) 2.943ms"
    ],
    [
        1771530576872,
        "[2026-02-19T19:49:36.872+0000][1056.391s][info][gc,start    ] GC(82) Pause Young (Normal) (G1 Evacuation Pause)"
    ],
    [
        1771530576875,
        "[2026-02-19T19:49:36.875+0000][1056.394s][info][gc          ] GC(82) Pause Young (Normal) (G1 Evacuation Pause) 77M->36M(89M) 2.929ms"
    ],
    [
        1771530578381,
        "[2026-02-19T19:49:38.381+0000][1019.518s][info][gc,start    ] GC(91) Pause Young (Normal) (G1 Evacuation Pause)"
    ],
    [
        1771530578384,
        "[2026-02-19T19:49:38.384+0000][1019.521s][info][gc          ] GC(91) Pause Young (Normal) (G1 Evacuation Pause) 76M->38M(89M) 3.749ms"
    ],
    [
        1771530580579,
        "[2026-02-19T19:49:40.579+0000][1060.099s][info][gc,start    ] GC(83) Pause Young (Normal) (G1 Evacuation Pause)"
    ],
    [
        1771530580581,
        "[2026-02-19T19:49:40.581+0000][1060.101s][info][gc          ] GC(83) Pause Young (Normal) (G1 Evacuation Pause) 77M->36M(89M) 2.114ms"
    ],
    [
        1771530583048,
        "[2026-02-19T19:49:43.048+0000][1024.185s][info][gc,start    ] GC(92) Pause Young (Normal) (G1 Evacuation Pause)"
    ],
    [
        1771530583052,
        "[2026-02-19T19:49:43.052+0000][1024.189s][info][gc          ] GC(92) Pause Young (Normal) (G1 Evacuation Pause) 76M->38M(89M) 3.164ms"
    ],
    [
        1771530584566,
        "[2026-02-19T19:49:44.566+0000][1064.085s][info][gc,start    ] GC(84) Pause Young (Normal) (G1 Evacuation Pause)"
    ],
    [
        1771530584569,
        "[2026-02-19T19:49:44.569+0000][1064.088s][info][gc          ] GC(84) Pause Young (Normal) (G1 Evacuation Pause) 77M->36M(89M) 2.725ms"
    ],
    [
        1771530586211,
        "[2026-02-19T19:49:46.211+0000][1027.348s][info][gc,start    ] GC(93) Pause Young (Normal) (G1 Evacuation Pause)"
    ],
    [
        1771530586213,
        "[2026-02-19T19:49:46.213+0000][1027.350s][info][gc          ] GC(93) Pause Young (Normal) (G1 Evacuation Pause) 76M->38M(89M) 2.221ms"
    ],
    [
        1771530588270,
        "[2026-02-19T19:49:48.270+0000][1067.789s][info][gc,start    ] GC(85) Pause Young (Normal) (G1 Evacuation Pause)"
    ],
    [
        1771530588273,
        "[2026-02-19T19:49:48.273+0000][1067.792s][info][gc          ] GC(85) Pause Young (Normal) (G1 Evacuation Pause) 76M->36M(89M) 2.651ms"
    ],
    [
        1771530589354,
        "[2026-02-19T19:49:49.354+0000][1030.491s][info][gc,start    ] GC(94) Pause Young (Normal) (G1 Evacuation Pause)"
    ],
    [
        1771530589357,
        "[2026-02-19T19:49:49.357+0000][1030.494s][info][gc          ] GC(94) Pause Young (Normal) (G1 Evacuation Pause) 76M->38M(89M) 3.049ms"
    ],
    [
        1771530591794,
        "[2026-02-19T19:49:51.794+0000][1071.313s][info][gc,start    ] GC(86) Pause Young (Normal) (G1 Evacuation Pause)"
    ],
    [
        1771530591796,
        "[2026-02-19T19:49:51.796+0000][1071.316s][info][gc          ] GC(86) Pause Young (Normal) (G1 Evacuation Pause) 76M->36M(89M) 2.654ms"
    ],
    [
        1771530592845,
        "[2026-02-19T19:49:52.845+0000][1033.982s][info][gc,start    ] GC(95) Pause Young (Normal) (G1 Evacuation Pause)"
    ],
    [
        1771530592847,
        "[2026-02-19T19:49:52.847+0000][1033.984s][info][gc          ] GC(95) Pause Young (Normal) (G1 Evacuation Pause) 76M->38M(89M) 2.069ms"
    ],
    [
        1771530595945,
        "[2026-02-19T19:49:55.945+0000][1037.082s][info][gc,start    ] GC(96) Pause Young (Normal) (G1 Evacuation Pause)"
    ],
    [
        1771530595949,
        "[2026-02-19T19:49:55.949+0000][1037.086s][info][gc          ] GC(96) Pause Young (Normal) (G1 Evacuation Pause) 76M->38M(89M) 3.864ms"
    ],
    [
        1771530595989,
        "[2026-02-19T19:49:55.989+0000][1075.508s][info][gc,start    ] GC(87) Pause Young (Normal) (G1 Evacuation Pause)"
    ],
    [
        1771530595992,
        "[2026-02-19T19:49:55.992+0000][1075.511s][info][gc          ] GC(87) Pause Young (Normal) (G1 Evacuation Pause) 76M->36M(89M) 3.215ms"
    ],
    [
        1771530599613,
        "[2026-02-19T19:49:59.613+0000][1040.750s][info][gc,start    ] GC(97) Pause Young (Normal) (G1 Evacuation Pause)"
    ],
    [
        1771530599616,
        "[2026-02-19T19:49:59.616+0000][1040.753s][info][gc          ] GC(97) Pause Young (Normal) (G1 Evacuation Pause) 76M->38M(89M) 3.076ms"
    ],
    [
        1771530599635,
        "[2026-02-19T19:49:59.635+0000][1079.154s][info][gc,start    ] GC(88) Pause Young (Normal) (G1 Evacuation Pause)"
    ],
    [
        1771530599638,
        "[2026-02-19T19:49:59.638+0000][1079.157s][info][gc          ] GC(88) Pause Young (Normal) (G1 Evacuation Pause) 76M->36M(89M) 3.027ms"
    ],
    [
        1771530602893,
        "[2026-02-19T19:50:02.893+0000][1082.412s][info][gc,start    ] GC(89) Pause Young (Normal) (G1 Evacuation Pause)"
    ],
    [
        1771530602914,
        "[2026-02-19T19:50:02.914+0000][1082.433s][info][gc          ] GC(89) Pause Young (Normal) (G1 Evacuation Pause) 76M->36M(89M) 21.284ms"
    ],
    [
        1771530603047,
        "[2026-02-19T19:50:03.046+0000][1044.183s][info][gc,start    ] GC(98) Pause Young (Normal) (G1 Evacuation Pause)"
    ],
    [
        1771530603050,
        "[2026-02-19T19:50:03.050+0000][1044.187s][info][gc          ] GC(98) Pause Young (Normal) (G1 Evacuation Pause) 76M->39M(89M) 3.381ms"
    ],
    [
        1771530606320,
        "[2026-02-19T19:50:06.320+0000][1085.840s][info][gc,start    ] GC(90) Pause Young (Normal) (G1 Evacuation Pause)"
    ],
    [
        1771530606322,
        "[2026-02-19T19:50:06.322+0000][1085.842s][info][gc          ] GC(90) Pause Young (Normal) (G1 Evacuation Pause) 76M->36M(89M) 2.140ms"
    ],
    [
        1771530606864,
        "[2026-02-19T19:50:06.864+0000][1048.001s][info][gc,start    ] GC(99) Pause Young (Normal) (G1 Evacuation Pause)"
    ],
    [
        1771530606868,
        "[2026-02-19T19:50:06.868+0000][1048.005s][info][gc          ] GC(99) Pause Young (Normal) (G1 Evacuation Pause) 77M->39M(89M) 3.811ms"
    ],
    [
        1771530610251,
        "[2026-02-19T19:50:10.251+0000][1051.388s][info][gc,start    ] GC(100) Pause Young (Normal) (G1 Evacuation Pause)"
    ],
    [
        1771530610254,
        "[2026-02-19T19:50:10.254+0000][1051.391s][info][gc          ] GC(100) Pause Young (Normal) (G1 Evacuation Pause) 77M->39M(89M) 3.524ms"
    ],
    [
        1771530610480,
        "[2026-02-19T19:50:10.480+0000][1089.999s][info][gc,start    ] GC(91) Pause Young (Normal) (G1 Evacuation Pause)"
    ],
    [
        1771530610482,
        "[2026-02-19T19:50:10.482+0000][1090.001s][info][gc          ] GC(91) Pause Young (Normal) (G1 Evacuation Pause) 76M->36M(89M) 1.905ms"
    ],
    [
        1771530613691,
        "[2026-02-19T19:50:13.690+0000][1054.827s][info][gc,start    ] GC(101) Pause Young (Normal) (G1 Evacuation Pause)"
    ],
    [
        1771530613694,
        "[2026-02-19T19:50:13.694+0000][1054.831s][info][gc          ] GC(101) Pause Young (Normal) (G1 Evacuation Pause) 77M->39M(89M) 3.060ms"
    ],
    [
        1771530613943,
        "[2026-02-19T19:50:13.943+0000][1093.463s][info][gc,start    ] GC(92) Pause Young (Normal) (G1 Evacuation Pause)"
    ],
    [
        1771530613947,
        "[2026-02-19T19:50:13.947+0000][1093.466s][info][gc          ] GC(92) Pause Young (Normal) (G1 Evacuation Pause) 76M->36M(89M) 3.356ms"
    ],
    [
        1771530616551,
        "[2026-02-19T19:50:16.550+0000][1057.688s][info][gc,start    ] GC(102) Pause Young (Normal) (G1 Evacuation Pause)"
    ],
    [
        1771530616554,
        "[2026-02-19T19:50:16.554+0000][1057.691s][info][gc          ] GC(102) Pause Young (Normal) (G1 Evacuation Pause) 77M->39M(89M) 3.243ms"
    ],
    [
        1771530617045,
        "[2026-02-19T19:50:17.045+0000][1096.564s][info][gc,start    ] GC(93) Pause Young (Normal) (G1 Evacuation Pause)"
    ],
    [
        1771530617048,
        "[2026-02-19T19:50:17.048+0000][1096.568s][info][gc          ] GC(93) Pause Young (Normal) (G1 Evacuation Pause) 76M->36M(89M) 3.121ms"
    ],
    [
        1771530619565,
        "[2026-02-19T19:50:19.564+0000][1099.084s][info][gc,start    ] GC(94) Pause Young (Normal) (G1 Evacuation Pause)"
    ],
    [
        1771530619566,
        "[2026-02-19T19:50:19.566+0000][1099.086s][info][gc          ] GC(94) Pause Young (Normal) (G1 Evacuation Pause) 76M->36M(89M) 1.778ms"
    ],
    [
        1771530620039,
        "[2026-02-19T19:50:20.038+0000][1061.176s][info][gc,start    ] GC(103) Pause Young (Normal) (G1 Evacuation Pause)"
    ],
    [
        1771530620042,
        "[2026-02-19T19:50:20.041+0000][1061.179s][info][gc          ] GC(103) Pause Young (Normal) (G1 Evacuation Pause) 77M->39M(89M) 3.014ms"
    ],
    [
        1771530622691,
        "[2026-02-19T19:50:22.691+0000][1102.211s][info][gc,start    ] GC(95) Pause Young (Normal) (G1 Evacuation Pause)"
    ],
    [
        1771530622693,
        "[2026-02-19T19:50:22.693+0000][1102.213s][info][gc          ] GC(95) Pause Young (Normal) (G1 Evacuation Pause) 76M->36M(89M) 2.119ms"
    ],
    [
        1771530623062,
        "[2026-02-19T19:50:23.062+0000][1064.199s][info][gc,start    ] GC(104) Pause Young (Normal) (G1 Evacuation Pause)"
    ],
    [
        1771530623066,
        "[2026-02-19T19:50:23.063+0000][1064.200s][info][gc          ] GC(104) Pause Young (Normal) (G1 Evacuation Pause) 77M->39M(89M) 1.868ms"
    ],
    [
        1771530626241,
        "[2026-02-19T19:50:26.241+0000][1067.378s][info][gc,start    ] GC(105) Pause Young (Normal) (G1 Evacuation Pause)"
    ],
    [
        1771530626244,
        "[2026-02-19T19:50:26.244+0000][1067.381s][info][gc          ] GC(105) Pause Young (Normal) (G1 Evacuation Pause) 77M->39M(89M) 2.490ms"
    ],
    [
        1771530626853,
        "[2026-02-19T19:50:26.853+0000][1106.373s][info][gc,start    ] GC(96) Pause Young (Normal) (G1 Evacuation Pause)"
    ],
    [
        1771530626856,
        "[2026-02-19T19:50:26.856+0000][1106.375s][info][gc          ] GC(96) Pause Young (Normal) (G1 Evacuation Pause) 76M->36M(89M) 2.599ms"
    ],
    [
        1771530629168,
        "[2026-02-19T19:50:29.168+0000][1070.305s][info][gc,start    ] GC(106) Pause Young (Normal) (G1 Evacuation Pause)"
    ],
    [
        1771530629172,
        "[2026-02-19T19:50:29.171+0000][1070.309s][info][gc          ] GC(106) Pause Young (Normal) (G1 Evacuation Pause) 77M->39M(89M) 3.469ms"
    ],
    [
        1771530629833,
        "[2026-02-19T19:50:29.833+0000][1109.352s][info][gc,start    ] GC(97) Pause Young (Normal) (G1 Evacuation Pause)"
    ],
    [
        1771530629836,
        "[2026-02-19T19:50:29.836+0000][1109.356s][info][gc          ] GC(97) Pause Young (Normal) (G1 Evacuation Pause) 76M->36M(89M) 3.340ms"
    ],
    [
        1771530632442,
        "[2026-02-19T19:50:32.442+0000][1073.579s][info][gc,start    ] GC(107) Pause Young (Normal) (G1 Evacuation Pause)"
    ],
    [
        1771530632444,
        "[2026-02-19T19:50:32.444+0000][1073.581s][info][gc          ] GC(107) Pause Young (Normal) (G1 Evacuation Pause) 77M->39M(89M) 1.836ms"
    ],
    [
        1771530633782,
        "[2026-02-19T19:50:33.782+0000][1113.302s][info][gc,start    ] GC(98) Pause Young (Normal) (G1 Evacuation Pause)"
    ],
    [
        1771530633784,
        "[2026-02-19T19:50:33.784+0000][1113.304s][info][gc          ] GC(98) Pause Young (Normal) (G1 Evacuation Pause) 76M->36M(89M) 1.963ms"
    ],
    [
        1771530635273,
        "[2026-02-19T19:50:35.273+0000][1076.410s][info][gc,start    ] GC(108) Pause Young (Normal) (G1 Evacuation Pause)"
    ],
    [
        1771530635275,
        "[2026-02-19T19:50:35.275+0000][1076.412s][info][gc          ] GC(108) Pause Young (Normal) (G1 Evacuation Pause) 77M->39M(89M) 2.139ms"
    ],
    [
        1771530636961,
        "[2026-02-19T19:50:36.960+0000][1116.480s][info][gc,start    ] GC(99) Pause Young (Normal) (G1 Evacuation Pause)"
    ],
    [
        1771530636963,
        "[2026-02-19T19:50:36.963+0000][1116.482s][info][gc          ] GC(99) Pause Young (Normal) (G1 Evacuation Pause) 76M->36M(89M) 2.088ms"
    ],
    [
        1771530637977,
        "[2026-02-19T19:50:37.977+0000][1079.114s][info][gc,start    ] GC(109) Pause Young (Normal) (G1 Evacuation Pause)"
    ],
    [
        1771530637980,
        "[2026-02-19T19:50:37.980+0000][1079.117s][info][gc          ] GC(109) Pause Young (Normal) (G1 Evacuation Pause) 77M->39M(89M) 2.965ms"
    ],
    [
        1771530640037,
        "[2026-02-19T19:50:40.037+0000][1119.557s][info][gc,start    ] GC(100) Pause Young (Normal) (G1 Evacuation Pause)"
    ],
    [
        1771530640040,
        "[2026-02-19T19:50:40.040+0000][1119.560s][info][gc          ] GC(100) Pause Young (Normal) (G1 Evacuation Pause) 76M->36M(89M) 3.044ms"
    ],
    [
        1771530640811,
        "[2026-02-19T19:50:40.810+0000][1081.947s][info][gc,start    ] GC(110) Pause Young (Normal) (G1 Evacuation Pause)"
    ],
    [
        1771530640812,
        "[2026-02-19T19:50:40.812+0000][1081.949s][info][gc          ] GC(110) Pause Young (Normal) (G1 Evacuation Pause) 77M->39M(89M) 1.972ms"
    ],
    [
        1771530643294,
        "[2026-02-19T19:50:43.294+0000][1122.813s][info][gc,start    ] GC(101) Pause Young (Normal) (G1 Evacuation Pause)"
    ],
    [
        1771530643296,
        "[2026-02-19T19:50:43.296+0000][1122.815s][info][gc          ] GC(101) Pause Young (Normal) (G1 Evacuation Pause) 76M->37M(89M) 2.153ms"
    ],
    [
        1771530643600,
        "[2026-02-19T19:50:43.600+0000][1084.737s][info][gc,start    ] GC(111) Pause Young (Normal) (G1 Evacuation Pause)"
    ],
    [
        1771530643602,
        "[2026-02-19T19:50:43.602+0000][1084.739s][info][gc          ] GC(111) Pause Young (Normal) (G1 Evacuation Pause) 77M->39M(89M) 1.814ms"
    ],
    [
        1771530646147,
        "[2026-02-19T19:50:46.147+0000][1125.667s][info][gc,start    ] GC(102) Pause Young (Normal) (G1 Evacuation Pause)"
    ],
    [
        1771530646149,
        "[2026-02-19T19:50:46.149+0000][1125.668s][info][gc          ] GC(102) Pause Young (Normal) (G1 Evacuation Pause) 77M->37M(89M) 1.726ms"
    ],
    [
        1771530646859,
        "[2026-02-19T19:50:46.859+0000][1087.996s][info][gc,start    ] GC(112) Pause Young (Normal) (G1 Evacuation Pause)"
    ],
    [
        1771530646861,
        "[2026-02-19T19:50:46.861+0000][1087.998s][info][gc          ] GC(112) Pause Young (Normal) (G1 Evacuation Pause) 77M->39M(89M) 2.046ms"
    ],
    [
        1771530649029,
        "[2026-02-19T19:50:49.029+0000][1128.549s][info][gc,start    ] GC(103) Pause Young (Normal) (G1 Evacuation Pause)"
    ],
    [
        1771530649032,
        "[2026-02-19T19:50:49.032+0000][1128.551s][info][gc          ] GC(103) Pause Young (Normal) (G1 Evacuation Pause) 77M->37M(89M) 2.559ms"
    ],
    [
        1771530649707,
        "[2026-02-19T19:50:49.707+0000][1090.844s][info][gc,start    ] GC(113) Pause Young (Normal) (G1 Evacuation Pause)"
    ],
    [
        1771530649709,
        "[2026-02-19T19:50:49.709+0000][1090.846s][info][gc          ] GC(113) Pause Young (Normal) (G1 Evacuation Pause) 77M->39M(89M) 2.296ms"
    ],
    [
        1771530652252,
        "[2026-02-19T19:50:52.252+0000][1131.771s][info][gc,start    ] GC(104) Pause Young (Normal) (G1 Evacuation Pause)"
    ],
    [
        1771530652254,
        "[2026-02-19T19:50:52.254+0000][1131.773s][info][gc          ] GC(104) Pause Young (Normal) (G1 Evacuation Pause) 77M->37M(89M) 2.112ms"
    ],
    [
        1771530652276,
        "[2026-02-19T19:50:52.275+0000][1093.412s][info][gc,start    ] GC(114) Pause Young (Concurrent Start) (G1 Evacuation Pause)"
    ],
    [
        1771530652278,
        "[2026-02-19T19:50:52.278+0000][1093.415s][info][gc          ] GC(114) Pause Young (Concurrent Start) (G1 Evacuation Pause) 76M->39M(89M) 2.421ms"
    ],
    [
        1771530652361,
        "[2026-02-19T19:50:52.361+0000][1093.498s][info][gc,start    ] GC(115) Pause Remark"
    ],
    [
        1771530652447,
        "[2026-02-19T19:50:52.447+0000][1093.584s][info][gc          ] GC(115) Pause Remark 40M->40M(89M) 86.087ms"
    ],
    [
        1771530652762,
        "[2026-02-19T19:50:52.762+0000][1093.899s][info][gc,start    ] GC(115) Pause Cleanup"
    ],
    [
        1771530652762,
        "[2026-02-19T19:50:52.762+0000][1093.899s][info][gc          ] GC(115) Pause Cleanup 45M->45M(89M) 0.106ms"
    ],
    [
        1771530655148,
        "[2026-02-19T19:50:55.148+0000][1134.668s][info][gc,start    ] GC(105) Pause Young (Normal) (G1 Evacuation Pause)"
    ],
    [
        1771530655152,
        "[2026-02-19T19:50:55.152+0000][1134.671s][info][gc          ] GC(105) Pause Young (Normal) (G1 Evacuation Pause) 77M->37M(89M) 3.214ms"
    ],
    [
        1771530655285,
        "[2026-02-19T19:50:55.285+0000][1096.422s][info][gc,start    ] GC(116) Pause Young (Prepare Mixed) (G1 Evacuation Pause)"
    ],
    [
        1771530655292,
        "[2026-02-19T19:50:55.292+0000][1096.429s][info][gc          ] GC(116) Pause Young (Prepare Mixed) (G1 Evacuation Pause) 76M->39M(89M) 7.089ms"
    ],
    [
        1771530655451,
        "[2026-02-19T19:50:55.451+0000][1096.588s][info][gc,start    ] GC(117) Pause Young (Mixed) (G1 Evacuation Pause)"
    ],
    [
        1771530655461,
        "[2026-02-19T19:50:55.461+0000][1096.598s][info][gc          ] GC(117) Pause Young (Mixed) (G1 Evacuation Pause) 42M->34M(89M) 10.430ms"
    ],
    [
        1771530655873,
        "[2026-02-19T19:50:55.872+0000][1097.009s][info][gc,start    ] GC(118) Pause Young (Mixed) (G1 Evacuation Pause)"
    ],
    [
        1771530655879,
        "[2026-02-19T19:50:55.879+0000][1097.016s][info][gc          ] GC(118) Pause Young (Mixed) (G1 Evacuation Pause) 37M->33M(89M) 6.794ms"
    ],
    [
        1771530658114,
        "[2026-02-19T19:50:58.114+0000][1137.633s][info][gc,start    ] GC(106) Pause Young (Normal) (G1 Evacuation Pause)"
    ],
    [
        1771530658116,
        "[2026-02-19T19:50:58.116+0000][1137.636s][info][gc          ] GC(106) Pause Young (Normal) (G1 Evacuation Pause) 77M->37M(89M) 2.205ms"
    ],
    [
        1771530659052,
        "[2026-02-19T19:50:59.052+0000][1100.189s][info][gc,start    ] GC(119) Pause Young (Normal) (G1 Evacuation Pause)"
    ],
    [
        1771530659054,
        "[2026-02-19T19:50:59.054+0000][1100.191s][info][gc          ] GC(119) Pause Young (Normal) (G1 Evacuation Pause) 76M->33M(89M) 1.913ms"
    ],
    [
        1771530661331,
        "[2026-02-19T19:51:01.330+0000][1140.850s][info][gc,start    ] GC(107) Pause Young (Normal) (G1 Evacuation Pause)"
    ],
    [
        1771530661334,
        "[2026-02-19T19:51:01.334+0000][1140.853s][info][gc          ] GC(107) Pause Young (Normal) (G1 Evacuation Pause) 77M->37M(89M) 3.207ms"
    ],
    [
        1771530662363,
        "[2026-02-19T19:51:02.363+0000][1103.500s][info][gc,start    ] GC(120) Pause Young (Normal) (G1 Evacuation Pause)"
    ],
    [
        1771530662366,
        "[2026-02-19T19:51:02.366+0000][1103.503s][info][gc          ] GC(120) Pause Young (Normal) (G1 Evacuation Pause) 76M->33M(89M) 3.104ms"
    ],
    [
        1771530663934,
        "[2026-02-19T19:51:03.934+0000][1143.453s][info][gc,start    ] GC(108) Pause Young (Normal) (G1 Evacuation Pause)"
    ],
    [
        1771530663937,
        "[2026-02-19T19:51:03.937+0000][1143.457s][info][gc          ] GC(108) Pause Young (Normal) (G1 Evacuation Pause) 77M->37M(89M) 3.507ms"
    ],
    [
        1771530666308,
        "[2026-02-19T19:51:06.308+0000][1107.445s][info][gc,start    ] GC(121) Pause Young (Normal) (G1 Evacuation Pause)"
    ],
    [
        1771530666310,
        "[2026-02-19T19:51:06.310+0000][1107.447s][info][gc          ] GC(121) Pause Young (Normal) (G1 Evacuation Pause) 76M->33M(89M) 2.400ms"
    ],
    [
        1771530666572,
        "[2026-02-19T19:51:06.571+0000][1146.091s][info][gc,start    ] GC(109) Pause Young (Normal) (G1 Evacuation Pause)"
    ],
    [
        1771530666575,
        "[2026-02-19T19:51:06.575+0000][1146.095s][info][gc          ] GC(109) Pause Young (Normal) (G1 Evacuation Pause) 77M->37M(89M) 3.825ms"
    ],
    [
        1771530668986,
        "[2026-02-19T19:51:08.986+0000][1110.123s][info][gc,start    ] GC(122) Pause Young (Normal) (G1 Evacuation Pause)"
    ],
    [
        1771530668987,
        "[2026-02-19T19:51:08.987+0000][1110.124s][info][gc          ] GC(122) Pause Young (Normal) (G1 Evacuation Pause) 76M->33M(89M) 1.819ms"
    ],
    [
        1771530669437,
        "[2026-02-19T19:51:09.437+0000][1148.956s][info][gc,start    ] GC(110) Pause Young (Normal) (G1 Evacuation Pause)"
    ],
    [
        1771530669440,
        "[2026-02-19T19:51:09.440+0000][1148.960s][info][gc          ] GC(110) Pause Young (Normal) (G1 Evacuation Pause) 77M->37M(89M) 3.676ms"
    ],
    [
        1771530672036,
        "[2026-02-19T19:51:12.036+0000][1113.173s][info][gc,start    ] GC(123) Pause Young (Normal) (G1 Evacuation Pause)"
    ],
    [
        1771530672037,
        "[2026-02-19T19:51:12.036+0000][1151.556s][info][gc,start    ] GC(111) Pause Young (Normal) (G1 Evacuation Pause)"
    ],
    [
        1771530672039,
        "[2026-02-19T19:51:12.039+0000][1113.176s][info][gc          ] GC(123) Pause Young (Normal) (G1 Evacuation Pause) 76M->33M(89M) 3.208ms"
    ],
    [
        1771530672040,
        "[2026-02-19T19:51:12.040+0000][1151.559s][info][gc          ] GC(111) Pause Young (Normal) (G1 Evacuation Pause) 77M->37M(89M) 3.133ms"
    ],
    [
        1771530675077,
        "[2026-02-19T19:51:15.077+0000][1116.214s][info][gc,start    ] GC(124) Pause Young (Normal) (G1 Evacuation Pause)"
    ],
    [
        1771530675081,
        "[2026-02-19T19:51:15.081+0000][1116.218s][info][gc          ] GC(124) Pause Young (Normal) (G1 Evacuation Pause) 76M->33M(89M) 3.426ms"
    ],
    [
        1771530675389,
        "[2026-02-19T19:51:15.389+0000][1154.908s][info][gc,start    ] GC(112) Pause Young (Normal) (G1 Evacuation Pause)"
    ],
    [
        1771530675391,
        "[2026-02-19T19:51:15.391+0000][1154.911s][info][gc          ] GC(112) Pause Young (Normal) (G1 Evacuation Pause) 77M->37M(89M) 2.400ms"
    ],
    [
        1771530678017,
        "[2026-02-19T19:51:18.017+0000][1119.154s][info][gc,start    ] GC(125) Pause Young (Normal) (G1 Evacuation Pause)"
    ],
    [
        1771530678019,
        "[2026-02-19T19:51:18.019+0000][1119.156s][info][gc          ] GC(125) Pause Young (Normal) (G1 Evacuation Pause) 76M->33M(89M) 2.337ms"
    ],
    [
        1771530678207,
        "[2026-02-19T19:51:18.207+0000][1157.726s][info][gc,start    ] GC(113) Pause Young (Normal) (G1 Evacuation Pause)"
    ],
    [
        1771530678209,
        "[2026-02-19T19:51:18.209+0000][1157.729s][info][gc          ] GC(113) Pause Young (Normal) (G1 Evacuation Pause) 77M->37M(89M) 2.425ms"
    ],
    [
        1771530681101,
        "[2026-02-19T19:51:21.101+0000][1122.238s][info][gc,start    ] GC(126) Pause Young (Normal) (G1 Evacuation Pause)"
    ],
    [
        1771530681104,
        "[2026-02-19T19:51:21.104+0000][1122.241s][info][gc          ] GC(126) Pause Young (Normal) (G1 Evacuation Pause) 76M->33M(89M) 2.436ms"
    ],
    [
        1771530681134,
        "[2026-02-19T19:51:21.134+0000][1160.653s][info][gc,start    ] GC(114) Pause Young (Normal) (G1 Evacuation Pause)"
    ],
    [
        1771530681136,
        "[2026-02-19T19:51:21.136+0000][1160.655s][info][gc          ] GC(114) Pause Young (Normal) (G1 Evacuation Pause) 77M->37M(89M) 2.106ms"
    ],
    [
        1771530683895,
        "[2026-02-19T19:51:23.895+0000][1163.415s][info][gc,start    ] GC(115) Pause Young (Normal) (G1 Evacuation Pause)"
    ],
    [
        1771530683897,
        "[2026-02-19T19:51:23.897+0000][1163.416s][info][gc          ] GC(115) Pause Young (Normal) (G1 Evacuation Pause) 77M->37M(89M) 1.727ms"
    ],
    [
        1771530684644,
        "[2026-02-19T19:51:24.644+0000][1125.781s][info][gc,start    ] GC(127) Pause Young (Normal) (G1 Evacuation Pause)"
    ],
    [
        1771530684646,
        "[2026-02-19T19:51:24.646+0000][1125.783s][info][gc          ] GC(127) Pause Young (Normal) (G1 Evacuation Pause) 76M->33M(89M) 2.004ms"
    ],
    [
        1771530686831,
        "[2026-02-19T19:51:26.831+0000][1166.351s][info][gc,start    ] GC(116) Pause Young (Normal) (G1 Evacuation Pause)"
    ],
    [
        1771530686834,
        "[2026-02-19T19:51:26.834+0000][1166.353s][info][gc          ] GC(116) Pause Young (Normal) (G1 Evacuation Pause) 77M->37M(89M) 2.648ms"
    ],
    [
        1771530687209,
        "[2026-02-19T19:51:27.209+0000][1128.346s][info][gc,start    ] GC(128) Pause Young (Normal) (G1 Evacuation Pause)"
    ],
    [
        1771530687239,
        "[2026-02-19T19:51:27.225+0000][1128.362s][info][gc          ] GC(128) Pause Young (Normal) (G1 Evacuation Pause) 76M->33M(89M) 16.550ms"
    ],
    [
        1771530689357,
        "[2026-02-19T19:51:29.357+0000][1168.876s][info][gc,start    ] GC(117) Pause Young (Normal) (G1 Evacuation Pause)"
    ],
    [
        1771530689358,
        "[2026-02-19T19:51:29.358+0000][1168.878s][info][gc          ] GC(117) Pause Young (Normal) (G1 Evacuation Pause) 76M->37M(89M) 1.695ms"
    ],
    [
        1771530690210,
        "[2026-02-19T19:51:30.210+0000][1131.347s][info][gc,start    ] GC(129) Pause Young (Normal) (G1 Evacuation Pause)"
    ],
    [
        1771530690214,
        "[2026-02-19T19:51:30.214+0000][1131.351s][info][gc          ] GC(129) Pause Young (Normal) (G1 Evacuation Pause) 76M->33M(89M) 3.192ms"
    ],
    [
        1771530691864,
        "[2026-02-19T19:51:31.864+0000][1171.384s][info][gc,start    ] GC(118) Pause Young (Normal) (G1 Evacuation Pause)"
    ],
    [
        1771530691867,
        "[2026-02-19T19:51:31.867+0000][1171.386s][info][gc          ] GC(118) Pause Young (Normal) (G1 Evacuation Pause) 76M->37M(89M) 2.313ms"
    ],
    [
        1771530693082,
        "[2026-02-19T19:51:33.082+0000][1134.219s][info][gc,start    ] GC(130) Pause Young (Normal) (G1 Evacuation Pause)"
    ],
    [
        1771530693084,
        "[2026-02-19T19:51:33.084+0000][1134.221s][info][gc          ] GC(130) Pause Young (Normal) (G1 Evacuation Pause) 76M->33M(89M) 2.717ms"
    ],
    [
        1771530694126,
        "[2026-02-19T19:51:34.126+0000][1173.645s][info][gc,start    ] GC(119) Pause Young (Normal) (G1 Evacuation Pause)"
    ],
    [
        1771530694127,
        "[2026-02-19T19:51:34.127+0000][1173.647s][info][gc          ] GC(119) Pause Young (Normal) (G1 Evacuation Pause) 76M->37M(89M) 1.645ms"
    ],
    [
        1771530695897,
        "[2026-02-19T19:51:35.897+0000][1137.034s][info][gc,start    ] GC(131) Pause Young (Normal) (G1 Evacuation Pause)"
    ],
    [
        1771530695899,
        "[2026-02-19T19:51:35.899+0000][1137.036s][info][gc          ] GC(131) Pause Young (Normal) (G1 Evacuation Pause) 76M->33M(89M) 2.410ms"
    ],
    [
        1771530696658,
        "[2026-02-19T19:51:36.658+0000][1176.178s][info][gc,start    ] GC(120) Pause Young (Normal) (G1 Evacuation Pause)"
    ],
    [
        1771530696660,
        "[2026-02-19T19:51:36.660+0000][1176.179s][info][gc          ] GC(120) Pause Young (Normal) (G1 Evacuation Pause) 76M->37M(89M) 1.578ms"
    ],
    [
        1771530698948,
        "[2026-02-19T19:51:38.948+0000][1140.085s][info][gc,start    ] GC(132) Pause Young (Normal) (G1 Evacuation Pause)"
    ],
    [
        1771530698951,
        "[2026-02-19T19:51:38.951+0000][1140.088s][info][gc          ] GC(132) Pause Young (Normal) (G1 Evacuation Pause) 76M->33M(89M) 2.853ms"
    ],
    [
        1771530699738,
        "[2026-02-19T19:51:39.738+0000][1179.258s][info][gc,start    ] GC(121) Pause Young (Normal) (G1 Evacuation Pause)"
    ],
    [
        1771530699741,
        "[2026-02-19T19:51:39.741+0000][1179.261s][info][gc          ] GC(121) Pause Young (Normal) (G1 Evacuation Pause) 76M->37M(89M) 3.272ms"
    ],
    [
        1771530701948,
        "[2026-02-19T19:51:41.948+0000][1143.085s][info][gc,start    ] GC(133) Pause Young (Normal) (G1 Evacuation Pause)"
    ],
    [
        1771530701950,
        "[2026-02-19T19:51:41.950+0000][1143.087s][info][gc          ] GC(133) Pause Young (Normal) (G1 Evacuation Pause) 76M->33M(89M) 2.615ms"
    ],
    [
        1771530702965,
        "[2026-02-19T19:51:42.964+0000][1182.484s][info][gc,start    ] GC(122) Pause Young (Normal) (G1 Evacuation Pause)"
    ],
    [
        1771530702966,
        "[2026-02-19T19:51:42.966+0000][1182.486s][info][gc          ] GC(122) Pause Young (Normal) (G1 Evacuation Pause) 76M->37M(89M) 1.798ms"
    ],
    [
        1771530704725,
        "[2026-02-19T19:51:44.725+0000][1145.862s][info][gc,start    ] GC(134) Pause Young (Normal) (G1 Evacuation Pause)"
    ],
    [
        1771530704728,
        "[2026-02-19T19:51:44.728+0000][1145.865s][info][gc          ] GC(134) Pause Young (Normal) (G1 Evacuation Pause) 76M->33M(89M) 2.930ms"
    ],
    [
        1771530705446,
        "[2026-02-19T19:51:45.446+0000][1184.965s][info][gc,start    ] GC(123) Pause Young (Normal) (G1 Evacuation Pause)"
    ],
    [
        1771530705448,
        "[2026-02-19T19:51:45.447+0000][1184.967s][info][gc          ] GC(123) Pause Young (Normal) (G1 Evacuation Pause) 76M->37M(89M) 1.763ms"
    ],
    [
        1771530707135,
        "[2026-02-19T19:51:47.135+0000][1148.272s][info][gc,start    ] GC(135) Pause Young (Normal) (G1 Evacuation Pause)"
    ],
    [
        1771530707137,
        "[2026-02-19T19:51:47.137+0000][1148.274s][info][gc          ] GC(135) Pause Young (Normal) (G1 Evacuation Pause) 76M->33M(89M) 2.415ms"
    ],
    [
        1771530707874,
        "[2026-02-19T19:51:47.873+0000][1187.393s][info][gc,start    ] GC(124) Pause Young (Normal) (G1 Evacuation Pause)"
    ],
    [
        1771530707875,
        "[2026-02-19T19:51:47.875+0000][1187.395s][info][gc          ] GC(124) Pause Young (Normal) (G1 Evacuation Pause) 76M->37M(89M) 1.656ms"
    ],
    [
        1771530709784,
        "[2026-02-19T19:51:49.784+0000][1150.921s][info][gc,start    ] GC(136) Pause Young (Normal) (G1 Evacuation Pause)"
    ],
    [
        1771530709785,
        "[2026-02-19T19:51:49.785+0000][1150.922s][info][gc          ] GC(136) Pause Young (Normal) (G1 Evacuation Pause) 76M->33M(89M) 1.739ms"
    ],
    [
        1771530710159,
        "[2026-02-19T19:51:50.159+0000][1189.678s][info][gc,start    ] GC(125) Pause Young (Normal) (G1 Evacuation Pause)"
    ],
    [
        1771530710161,
        "[2026-02-19T19:51:50.161+0000][1189.680s][info][gc          ] GC(125) Pause Young (Normal) (G1 Evacuation Pause) 76M->37M(89M) 1.969ms"
    ],
    [
        1771530712011,
        "[2026-02-19T19:51:52.011+0000][1153.148s][info][gc,start    ] GC(137) Pause Young (Normal) (G1 Evacuation Pause)"
    ],
    [
        1771530712013,
        "[2026-02-19T19:51:52.013+0000][1153.150s][info][gc          ] GC(137) Pause Young (Normal) (G1 Evacuation Pause) 76M->33M(89M) 1.756ms"
    ],
    [
        1771530712889,
        "[2026-02-19T19:51:52.889+0000][1192.408s][info][gc,start    ] GC(126) Pause Young (Normal) (G1 Evacuation Pause)"
    ],
    [
        1771530712891,
        "[2026-02-19T19:51:52.891+0000][1192.410s][info][gc          ] GC(126) Pause Young (Normal) (G1 Evacuation Pause) 76M->37M(89M) 2.014ms"
    ],
    [
        1771530714752,
        "[2026-02-19T19:51:54.752+0000][1155.889s][info][gc,start    ] GC(138) Pause Young (Normal) (G1 Evacuation Pause)"
    ],
    [
        1771530714754,
        "[2026-02-19T19:51:54.754+0000][1155.891s][info][gc          ] GC(138) Pause Young (Normal) (G1 Evacuation Pause) 76M->33M(89M) 2.163ms"
    ],
    [
        1771530715597,
        "[2026-02-19T19:51:55.597+0000][1195.116s][info][gc,start    ] GC(127) Pause Young (Normal) (G1 Evacuation Pause)"
    ],
    [
        1771530715598,
        "[2026-02-19T19:51:55.598+0000][1195.118s][info][gc          ] GC(127) Pause Young (Normal) (G1 Evacuation Pause) 76M->37M(89M) 1.503ms"
    ],
    [
        1771530717461,
        "[2026-02-19T19:51:57.461+0000][1158.598s][info][gc,start    ] GC(139) Pause Young (Normal) (G1 Evacuation Pause)"
    ],
    [
        1771530717463,
        "[2026-02-19T19:51:57.463+0000][1158.600s][info][gc          ] GC(139) Pause Young (Normal) (G1 Evacuation Pause) 76M->33M(89M) 1.753ms"
    ],
    [
        1771530717845,
        "[2026-02-19T19:51:57.845+0000][1197.364s][info][gc,start    ] GC(128) Pause Young (Normal) (G1 Evacuation Pause)"
    ],
    [
        1771530717846,
        "[2026-02-19T19:51:57.846+0000][1197.365s][info][gc          ] GC(128) Pause Young (Normal) (G1 Evacuation Pause) 76M->37M(89M) 1.246ms"
    ],
    [
        1771530720489,
        "[2026-02-19T19:52:00.489+0000][1161.626s][info][gc,start    ] GC(140) Pause Young (Normal) (G1 Evacuation Pause)"
    ],
    [
        1771530720491,
        "[2026-02-19T19:52:00.491+0000][1161.628s][info][gc          ] GC(140) Pause Young (Normal) (G1 Evacuation Pause) 76M->33M(89M) 2.202ms"
    ],
    [
        1771530720564,
        "[2026-02-19T19:52:00.564+0000][1200.084s][info][gc,start    ] GC(129) Pause Young (Normal) (G1 Evacuation Pause)"
    ],
    [
        1771530720567,
        "[2026-02-19T19:52:00.567+0000][1200.087s][info][gc          ] GC(129) Pause Young (Normal) (G1 Evacuation Pause) 76M->37M(89M) 2.970ms"
    ],
    [
        1771530722973,
        "[2026-02-19T19:52:02.972+0000][1202.491s][info][gc,start    ] GC(130) Pause Young (Normal) (G1 Evacuation Pause)"
    ],
    [
        1771530722977,
        "[2026-02-19T19:52:02.977+0000][1202.496s][info][gc          ] GC(130) Pause Young (Normal) (G1 Evacuation Pause) 76M->37M(89M) 4.914ms"
    ],
    [
        1771530723210,
        "[2026-02-19T19:52:03.210+0000][1164.347s][info][gc,start    ] GC(141) Pause Young (Normal) (G1 Evacuation Pause)"
    ],
    [
        1771530723212,
        "[2026-02-19T19:52:03.212+0000][1164.349s][info][gc          ] GC(141) Pause Young (Normal) (G1 Evacuation Pause) 76M->33M(89M) 1.715ms"
    ],
    [
        1771530725711,
        "[2026-02-19T19:52:05.711+0000][1205.230s][info][gc,start    ] GC(131) Pause Young (Normal) (G1 Evacuation Pause)"
    ],
    [
        1771530725713,
        "[2026-02-19T19:52:05.713+0000][1205.233s][info][gc          ] GC(131) Pause Young (Normal) (G1 Evacuation Pause) 76M->37M(89M) 2.738ms"
    ],
    [
        1771530725767,
        "[2026-02-19T19:52:05.767+0000][1166.904s][info][gc,start    ] GC(142) Pause Young (Normal) (G1 Evacuation Pause)"
    ],
    [
        1771530725770,
        "[2026-02-19T19:52:05.770+0000][1166.907s][info][gc          ] GC(142) Pause Young (Normal) (G1 Evacuation Pause) 76M->33M(89M) 2.699ms"
    ],
    [
        1771530728312,
        "[2026-02-19T19:52:08.312+0000][1207.831s][info][gc,start    ] GC(132) Pause Young (Normal) (G1 Evacuation Pause)"
    ],
    [
        1771530728315,
        "[2026-02-19T19:52:08.315+0000][1207.834s][info][gc          ] GC(132) Pause Young (Normal) (G1 Evacuation Pause) 76M->37M(89M) 2.906ms"
    ],
    [
        1771530728879,
        "[2026-02-19T19:52:08.879+0000][1170.016s][info][gc,start    ] GC(143) Pause Young (Normal) (G1 Evacuation Pause)"
    ],
    [
        1771530728881,
        "[2026-02-19T19:52:08.881+0000][1170.018s][info][gc          ] GC(143) Pause Young (Normal) (G1 Evacuation Pause) 76M->33M(89M) 1.915ms"
    ],
    [
        1771530731043,
        "[2026-02-19T19:52:11.043+0000][1210.562s][info][gc,start    ] GC(133) Pause Young (Normal) (G1 Evacuation Pause)"
    ],
    [
        1771530731045,
        "[2026-02-19T19:52:11.045+0000][1210.565s][info][gc          ] GC(133) Pause Young (Normal) (G1 Evacuation Pause) 76M->37M(89M) 2.795ms"
    ],
    [
        1771530731927,
        "[2026-02-19T19:52:11.927+0000][1173.064s][info][gc,start    ] GC(144) Pause Young (Normal) (G1 Evacuation Pause)"
    ],
    [
        1771530731929,
        "[2026-02-19T19:52:11.929+0000][1173.066s][info][gc          ] GC(144) Pause Young (Normal) (G1 Evacuation Pause) 76M->33M(89M) 2.712ms"
    ],
    [
        1771530733316,
        "[2026-02-19T19:52:13.316+0000][1212.836s][info][gc,start    ] GC(134) Pause Young (Normal) (G1 Evacuation Pause)"
    ],
    [
        1771530733319,
        "[2026-02-19T19:52:13.319+0000][1212.839s][info][gc          ] GC(134) Pause Young (Normal) (G1 Evacuation Pause) 76M->37M(89M) 2.833ms"
    ],
    [
        1771530734284,
        "[2026-02-19T19:52:14.284+0000][1175.421s][info][gc,start    ] GC(145) Pause Young (Normal) (G1 Evacuation Pause)"
    ],
    [
        1771530734286,
        "[2026-02-19T19:52:14.286+0000][1175.423s][info][gc          ] GC(145) Pause Young (Normal) (G1 Evacuation Pause) 76M->33M(89M) 2.607ms"
    ],
    [
        1771530735780,
        "[2026-02-19T19:52:15.780+0000][1215.300s][info][gc,start    ] GC(135) Pause Young (Normal) (G1 Evacuation Pause)"
    ],
    [
        1771530735783,
        "[2026-02-19T19:52:15.783+0000][1215.302s][info][gc          ] GC(135) Pause Young (Normal) (G1 Evacuation Pause) 76M->37M(89M) 2.771ms"
    ],
    [
        1771530736715,
        "[2026-02-19T19:52:16.715+0000][1177.852s][info][gc,start    ] GC(146) Pause Young (Normal) (G1 Evacuation Pause)"
    ],
    [
        1771530736721,
        "[2026-02-19T19:52:16.721+0000][1177.858s][info][gc          ] GC(146) Pause Young (Normal) (G1 Evacuation Pause) 76M->33M(89M) 6.744ms"
    ],
    [
        1771530738208,
        "[2026-02-19T19:52:18.208+0000][1217.728s][info][gc,start    ] GC(136) Pause Young (Normal) (G1 Evacuation Pause)"
    ],
    [
        1771530738211,
        "[2026-02-19T19:52:18.211+0000][1217.730s][info][gc          ] GC(136) Pause Young (Normal) (G1 Evacuation Pause) 76M->37M(89M) 2.679ms"
    ],
    [
        1771530739334,
        "[2026-02-19T19:52:19.334+0000][1180.471s][info][gc,start    ] GC(147) Pause Young (Normal) (G1 Evacuation Pause)"
    ],
    [
        1771530739337,
        "[2026-02-19T19:52:19.337+0000][1180.474s][info][gc          ] GC(147) Pause Young (Normal) (G1 Evacuation Pause) 76M->33M(89M) 2.799ms"
    ],
    [
        1771530740591,
        "[2026-02-19T19:52:20.591+0000][1220.111s][info][gc,start    ] GC(137) Pause Young (Normal) (G1 Evacuation Pause)"
    ],
    [
        1771530740593,
        "[2026-02-19T19:52:20.593+0000][1220.113s][info][gc          ] GC(137) Pause Young (Normal) (G1 Evacuation Pause) 76M->37M(89M) 2.031ms"
    ],
    [
        1771530741622,
        "[2026-02-19T19:52:21.622+0000][1182.759s][info][gc,start    ] GC(148) Pause Young (Normal) (G1 Evacuation Pause)"
    ],
    [
        1771530741634,
        "[2026-02-19T19:52:21.628+0000][1182.765s][info][gc          ] GC(148) Pause Young (Normal) (G1 Evacuation Pause) 76M->33M(89M) 5.114ms"
    ],
    [
        1771530742996,
        "[2026-02-19T19:52:22.996+0000][1222.516s][info][gc,start    ] GC(138) Pause Young (Normal) (G1 Evacuation Pause)"
    ],
    [
        1771530742998,
        "[2026-02-19T19:52:22.998+0000][1222.518s][info][gc          ] GC(138) Pause Young (Normal) (G1 Evacuation Pause) 76M->37M(89M) 1.848ms"
    ],
    [
        1771530744782,
        "[2026-02-19T19:52:24.781+0000][1185.918s][info][gc,start    ] GC(149) Pause Young (Normal) (G1 Evacuation Pause)"
    ],
    [
        1771530744784,
        "[2026-02-19T19:52:24.784+0000][1185.921s][info][gc          ] GC(149) Pause Young (Normal) (G1 Evacuation Pause) 76M->33M(89M) 2.583ms"
    ],
    [
        1771530745390,
        "[2026-02-19T19:52:25.390+0000][1224.910s][info][gc,start    ] GC(139) Pause Young (Normal) (G1 Evacuation Pause)"
    ],
    [
        1771530745393,
        "[2026-02-19T19:52:25.393+0000][1224.912s][info][gc          ] GC(139) Pause Young (Normal) (G1 Evacuation Pause) 76M->37M(89M) 2.706ms"
    ],
    [
        1771530747347,
        "[2026-02-19T19:52:27.347+0000][1188.484s][info][gc,start    ] GC(150) Pause Young (Normal) (G1 Evacuation Pause)"
    ],
    [
        1771530747350,
        "[2026-02-19T19:52:27.349+0000][1188.487s][info][gc          ] GC(150) Pause Young (Normal) (G1 Evacuation Pause) 76M->33M(89M) 2.761ms"
    ],
    [
        1771530747497,
        "[2026-02-19T19:52:27.497+0000][1227.017s][info][gc,start    ] GC(140) Pause Young (Normal) (G1 Evacuation Pause)"
    ],
    [
        1771530747499,
        "[2026-02-19T19:52:27.499+0000][1227.018s][info][gc          ] GC(140) Pause Young (Normal) (G1 Evacuation Pause) 76M->37M(89M) 1.778ms"
    ],
    [
        1771530749462,
        "[2026-02-19T19:52:29.462+0000][1228.982s][info][gc,start    ] GC(141) Pause Young (Normal) (G1 Evacuation Pause)"
    ],
    [
        1771530749464,
        "[2026-02-19T19:52:29.464+0000][1228.984s][info][gc          ] GC(141) Pause Young (Normal) (G1 Evacuation Pause) 76M->37M(89M) 1.676ms"
    ],
    [
        1771530749856,
        "[2026-02-19T19:52:29.856+0000][1190.993s][info][gc,start    ] GC(151) Pause Young (Normal) (G1 Evacuation Pause)"
    ],
    [
        1771530749858,
        "[2026-02-19T19:52:29.858+0000][1190.995s][info][gc          ] GC(151) Pause Young (Normal) (G1 Evacuation Pause) 76M->33M(89M) 2.085ms"
    ],
    [
        1771530751973,
        "[2026-02-19T19:52:31.973+0000][1231.492s][info][gc,start    ] GC(142) Pause Young (Normal) (G1 Evacuation Pause)"
    ],
    [
        1771530751975,
        "[2026-02-19T19:52:31.975+0000][1231.495s][info][gc          ] GC(142) Pause Young (Normal) (G1 Evacuation Pause) 76M->37M(89M) 2.537ms"
    ],
    [
        1771530752305,
        "[2026-02-19T19:52:32.305+0000][1193.442s][info][gc,start    ] GC(152) Pause Young (Normal) (G1 Evacuation Pause)"
    ],
    [
        1771530752308,
        "[2026-02-19T19:52:32.308+0000][1193.445s][info][gc          ] GC(152) Pause Young (Normal) (G1 Evacuation Pause) 76M->33M(89M) 2.227ms"
    ],
    [
        1771530754147,
        "[2026-02-19T19:52:34.147+0000][1233.667s][info][gc,start    ] GC(143) Pause Young (Normal) (G1 Evacuation Pause)"
    ],
    [
        1771530754150,
        "[2026-02-19T19:52:34.150+0000][1233.669s][info][gc          ] GC(143) Pause Young (Normal) (G1 Evacuation Pause) 76M->37M(89M) 2.522ms"
    ],
    [
        1771530754805,
        "[2026-02-19T19:52:34.805+0000][1195.942s][info][gc,start    ] GC(153) Pause Young (Normal) (G1 Evacuation Pause)"
    ],
    [
        1771530754807,
        "[2026-02-19T19:52:34.807+0000][1195.944s][info][gc          ] GC(153) Pause Young (Normal) (G1 Evacuation Pause) 76M->33M(89M) 1.754ms"
    ],
    [
        1771530756389,
        "[2026-02-19T19:52:36.389+0000][1235.908s][info][gc,start    ] GC(144) Pause Young (Normal) (G1 Evacuation Pause)"
    ],
    [
        1771530756391,
        "[2026-02-19T19:52:36.391+0000][1235.911s][info][gc          ] GC(144) Pause Young (Normal) (G1 Evacuation Pause) 76M->37M(89M) 2.389ms"
    ],
    [
        1771530757527,
        "[2026-02-19T19:52:37.527+0000][1198.664s][info][gc,start    ] GC(154) Pause Young (Normal) (G1 Evacuation Pause)"
    ],
    [
        1771530757528,
        "[2026-02-19T19:52:37.528+0000][1198.665s][info][gc          ] GC(154) Pause Young (Normal) (G1 Evacuation Pause) 76M->33M(89M) 1.339ms"
    ],
    [
        1771530758520,
        "[2026-02-19T19:52:38.520+0000][1238.039s][info][gc,start    ] GC(145) Pause Young (Normal) (G1 Evacuation Pause)"
    ],
    [
        1771530758522,
        "[2026-02-19T19:52:38.521+0000][1238.041s][info][gc          ] GC(145) Pause Young (Normal) (G1 Evacuation Pause) 76M->37M(89M) 1.619ms"
    ],
    [
        1771530759567,
        "[2026-02-19T19:52:39.566+0000][1200.704s][info][gc,start    ] GC(155) Pause Young (Normal) (G1 Evacuation Pause)"
    ],
    [
        1771530759569,
        "[2026-02-19T19:52:39.569+0000][1200.706s][info][gc          ] GC(155) Pause Young (Normal) (G1 Evacuation Pause) 76M->33M(89M) 2.455ms"
    ],
    [
        1771530760868,
        "[2026-02-19T19:52:40.868+0000][1240.388s][info][gc,start    ] GC(146) Pause Young (Normal) (G1 Evacuation Pause)"
    ],
    [
        1771530760871,
        "[2026-02-19T19:52:40.871+0000][1240.390s][info][gc          ] GC(146) Pause Young (Normal) (G1 Evacuation Pause) 76M->37M(89M) 2.468ms"
    ],
    [
        1771530762048,
        "[2026-02-19T19:52:42.048+0000][1203.185s][info][gc,start    ] GC(156) Pause Young (Normal) (G1 Evacuation Pause)"
    ],
    [
        1771530762049,
        "[2026-02-19T19:52:42.049+0000][1203.186s][info][gc          ] GC(156) Pause Young (Normal) (G1 Evacuation Pause) 76M->33M(89M) 1.597ms"
    ],
    [
        1771530763095,
        "[2026-02-19T19:52:43.094+0000][1242.614s][info][gc,start    ] GC(147) Pause Young (Normal) (G1 Evacuation Pause)"
    ],
    [
        1771530763097,
        "[2026-02-19T19:52:43.096+0000][1242.616s][info][gc          ] GC(147) Pause Young (Normal) (G1 Evacuation Pause) 76M->37M(89M) 1.989ms"
    ],
    [
        1771530764600,
        "[2026-02-19T19:52:44.600+0000][1205.737s][info][gc,start    ] GC(157) Pause Young (Normal) (G1 Evacuation Pause)"
    ],
    [
        1771530764602,
        "[2026-02-19T19:52:44.602+0000][1205.739s][info][gc          ] GC(157) Pause Young (Normal) (G1 Evacuation Pause) 76M->33M(89M) 1.830ms"
    ],
    [
        1771530764880,
        "[2026-02-19T19:52:44.880+0000][1244.400s][info][gc,start    ] GC(148) Pause Young (Normal) (G1 Evacuation Pause)"
    ],
    [
        1771530764883,
        "[2026-02-19T19:52:44.883+0000][1244.403s][info][gc          ] GC(148) Pause Young (Normal) (G1 Evacuation Pause) 76M->37M(89M) 2.841ms"
    ],
    [
        1771530767169,
        "[2026-02-19T19:52:47.169+0000][1208.306s][info][gc,start    ] GC(158) Pause Young (Normal) (G1 Evacuation Pause)"
    ],
    [
        1771530767170,
        "[2026-02-19T19:52:47.170+0000][1208.307s][info][gc          ] GC(158) Pause Young (Normal) (G1 Evacuation Pause) 76M->33M(89M) 1.410ms"
    ],
    [
        1771530767535,
        "[2026-02-19T19:52:47.535+0000][1247.055s][info][gc,start    ] GC(149) Pause Young (Normal) (G1 Evacuation Pause)"
    ],
    [
        1771530767538,
        "[2026-02-19T19:52:47.538+0000][1247.057s][info][gc          ] GC(149) Pause Young (Normal) (G1 Evacuation Pause) 76M->37M(89M) 2.329ms"
    ],
    [
        1771530769765,
        "[2026-02-19T19:52:49.765+0000][1210.902s][info][gc,start    ] GC(159) Pause Young (Normal) (G1 Evacuation Pause)"
    ],
    [
        1771530769767,
        "[2026-02-19T19:52:49.767+0000][1210.904s][info][gc          ] GC(159) Pause Young (Normal) (G1 Evacuation Pause) 76M->33M(89M) 2.411ms"
    ],
    [
        1771530769812,
        "[2026-02-19T19:52:49.812+0000][1249.332s][info][gc,start    ] GC(150) Pause Young (Normal) (G1 Evacuation Pause)"
    ],
    [
        1771530769815,
        "[2026-02-19T19:52:49.815+0000][1249.335s][info][gc          ] GC(150) Pause Young (Normal) (G1 Evacuation Pause) 76M->37M(89M) 2.938ms"
    ],
    [
        1771530772155,
        "[2026-02-19T19:52:52.155+0000][1213.292s][info][gc,start    ] GC(160) Pause Young (Normal) (G1 Evacuation Pause)"
    ],
    [
        1771530772157,
        "[2026-02-19T19:52:52.157+0000][1213.294s][info][gc          ] GC(160) Pause Young (Normal) (G1 Evacuation Pause) 76M->33M(89M) 1.484ms"
    ],
    [
        1771530772538,
        "[2026-02-19T19:52:52.538+0000][1252.057s][info][gc,start    ] GC(151) Pause Young (Normal) (G1 Evacuation Pause)"
    ],
    [
        1771530772542,
        "[2026-02-19T19:52:52.542+0000][1252.062s][info][gc          ] GC(151) Pause Young (Normal) (G1 Evacuation Pause) 76M->37M(89M) 4.532ms"
    ],
    [
        1771530774455,
        "[2026-02-19T19:52:54.454+0000][1215.591s][info][gc,start    ] GC(161) Pause Young (Normal) (G1 Evacuation Pause)"
    ],
    [
        1771530774456,
        "[2026-02-19T19:52:54.456+0000][1215.593s][info][gc          ] GC(161) Pause Young (Normal) (G1 Evacuation Pause) 76M->33M(89M) 1.687ms"
    ],
    [
        1771530774779,
        "[2026-02-19T19:52:54.779+0000][1254.299s][info][gc,start    ] GC(152) Pause Young (Normal) (G1 Evacuation Pause)"
    ],
    [
        1771530774782,
        "[2026-02-19T19:52:54.782+0000][1254.301s][info][gc          ] GC(152) Pause Young (Normal) (G1 Evacuation Pause) 76M->37M(89M) 2.553ms"
    ],
    [
        1771530776784,
        "[2026-02-19T19:52:56.784+0000][1217.921s][info][gc,start    ] GC(162) Pause Young (Normal) (G1 Evacuation Pause)"
    ],
    [
        1771530776786,
        "[2026-02-19T19:52:56.786+0000][1217.923s][info][gc          ] GC(162) Pause Young (Normal) (G1 Evacuation Pause) 76M->33M(89M) 2.038ms"
    ],
    [
        1771530777071,
        "[2026-02-19T19:52:57.071+0000][1256.590s][info][gc,start    ] GC(153) Pause Young (Normal) (G1 Evacuation Pause)"
    ],
    [
        1771530777073,
        "[2026-02-19T19:52:57.073+0000][1256.592s][info][gc          ] GC(153) Pause Young (Normal) (G1 Evacuation Pause) 76M->37M(89M) 1.875ms"
    ],
    [
        1771530778917,
        "[2026-02-19T19:52:58.917+0000][1220.054s][info][gc,start    ] GC(163) Pause Young (Normal) (G1 Evacuation Pause)"
    ],
    [
        1771530778918,
        "[2026-02-19T19:52:58.918+0000][1220.055s][info][gc          ] GC(163) Pause Young (Normal) (G1 Evacuation Pause) 76M->34M(89M) 1.900ms"
    ],
    [
        1771530779497,
        "[2026-02-19T19:52:59.497+0000][1259.017s][info][gc,start    ] GC(154) Pause Young (Normal) (G1 Evacuation Pause)"
    ],
    [
        1771530779499,
        "[2026-02-19T19:52:59.499+0000][1259.018s][info][gc          ] GC(154) Pause Young (Normal) (G1 Evacuation Pause) 76M->37M(89M) 1.678ms"
    ],
    [
        1771530781359,
        "[2026-02-19T19:53:01.359+0000][1222.496s][info][gc,start    ] GC(164) Pause Young (Normal) (G1 Evacuation Pause)"
    ],
    [
        1771530781363,
        "[2026-02-19T19:53:01.362+0000][1222.500s][info][gc          ] GC(164) Pause Young (Normal) (G1 Evacuation Pause) 77M->34M(89M) 3.939ms"
    ],
    [
        1771530781995,
        "[2026-02-19T19:53:01.995+0000][1261.514s][info][gc,start    ] GC(155) Pause Young (Normal) (G1 Evacuation Pause)"
    ],
    [
        1771530782030,
        "[2026-02-19T19:53:02.030+0000][1261.549s][info][gc          ] GC(155) Pause Young (Normal) (G1 Evacuation Pause) 76M->37M(89M) 34.810ms"
    ],
    [
        1771530783862,
        "[2026-02-19T19:53:03.862+0000][1224.999s][info][gc,start    ] GC(165) Pause Young (Normal) (G1 Evacuation Pause)"
    ],
    [
        1771530783865,
        "[2026-02-19T19:53:03.865+0000][1225.002s][info][gc          ] GC(165) Pause Young (Normal) (G1 Evacuation Pause) 77M->34M(89M) 2.426ms"
    ],
    [
        1771530784108,
        "[2026-02-19T19:53:04.108+0000][1263.627s][info][gc,start    ] GC(156) Pause Young (Normal) (G1 Evacuation Pause)"
    ],
    [
        1771530784113,
        "[2026-02-19T19:53:04.112+0000][1263.632s][info][gc          ] GC(156) Pause Young (Normal) (G1 Evacuation Pause) 76M->37M(89M) 4.625ms"
    ],
    [
        1771530785993,
        "[2026-02-19T19:53:05.993+0000][1227.130s][info][gc,start    ] GC(166) Pause Young (Normal) (G1 Evacuation Pause)"
    ],
    [
        1771530785995,
        "[2026-02-19T19:53:05.995+0000][1227.132s][info][gc          ] GC(166) Pause Young (Normal) (G1 Evacuation Pause) 77M->34M(89M) 1.879ms"
    ],
    [
        1771530786269,
        "[2026-02-19T19:53:06.269+0000][1265.789s][info][gc,start    ] GC(157) Pause Young (Normal) (G1 Evacuation Pause)"
    ],
    [
        1771530786273,
        "[2026-02-19T19:53:06.273+0000][1265.792s][info][gc          ] GC(157) Pause Young (Normal) (G1 Evacuation Pause) 75M->37M(89M) 3.727ms"
    ],
    [
        1771530788217,
        "[2026-02-19T19:53:08.217+0000][1229.354s][info][gc,start    ] GC(167) Pause Young (Normal) (G1 Evacuation Pause)"
    ],
    [
        1771530788221,
        "[2026-02-19T19:53:08.221+0000][1229.358s][info][gc          ] GC(167) Pause Young (Normal) (G1 Evacuation Pause) 77M->34M(89M) 3.291ms"
    ],
    [
        1771530788343,
        "[2026-02-19T19:53:08.343+0000][1267.862s][info][gc,start    ] GC(158) Pause Young (Normal) (G1 Evacuation Pause)"
    ],
    [
        1771530788345,
        "[2026-02-19T19:53:08.345+0000][1267.864s][info][gc          ] GC(158) Pause Young (Normal) (G1 Evacuation Pause) 75M->37M(89M) 2.285ms"
    ],
    [
        1771530790252,
        "[2026-02-19T19:53:10.252+0000][1231.389s][info][gc,start    ] GC(168) Pause Young (Normal) (G1 Evacuation Pause)"
    ],
    [
        1771530790256,
        "[2026-02-19T19:53:10.256+0000][1231.393s][info][gc          ] GC(168) Pause Young (Normal) (G1 Evacuation Pause) 77M->34M(89M) 4.147ms"
    ],
    [
        1771530790707,
        "[2026-02-19T19:53:10.707+0000][1270.227s][info][gc,start    ] GC(159) Pause Young (Normal) (G1 Evacuation Pause)"
    ],
    [
        1771530790712,
        "[2026-02-19T19:53:10.712+0000][1270.231s][info][gc          ] GC(159) Pause Young (Normal) (G1 Evacuation Pause) 76M->38M(89M) 4.442ms"
    ],
    [
        1771530792689,
        "[2026-02-19T19:53:12.689+0000][1272.208s][info][gc,start    ] GC(160) Pause Young (Normal) (G1 Evacuation Pause)"
    ],
    [
        1771530792692,
        "[2026-02-19T19:53:12.692+0000][1272.211s][info][gc          ] GC(160) Pause Young (Normal) (G1 Evacuation Pause) 75M->37M(89M) 3.347ms"
    ],
    [
        1771530792840,
        "[2026-02-19T19:53:12.840+0000][1233.977s][info][gc,start    ] GC(169) Pause Young (Normal) (G1 Evacuation Pause)"
    ],
    [
        1771530792844,
        "[2026-02-19T19:53:12.844+0000][1233.981s][info][gc          ] GC(169) Pause Young (Normal) (G1 Evacuation Pause) 77M->34M(89M) 3.277ms"
    ],
    [
        1771530794778,
        "[2026-02-19T19:53:14.778+0000][1274.297s][info][gc,start    ] GC(161) Pause Young (Normal) (G1 Evacuation Pause)"
    ],
    [
        1771530794781,
        "[2026-02-19T19:53:14.781+0000][1274.301s][info][gc          ] GC(161) Pause Young (Normal) (G1 Evacuation Pause) 75M->37M(89M) 3.487ms"
    ],
    [
        1771530795156,
        "[2026-02-19T19:53:15.156+0000][1236.293s][info][gc,start    ] GC(170) Pause Young (Normal) (G1 Evacuation Pause)"
    ],
    [
        1771530795160,
        "[2026-02-19T19:53:15.160+0000][1236.297s][info][gc          ] GC(170) Pause Young (Normal) (G1 Evacuation Pause) 77M->34M(89M) 4.027ms"
    ],
    [
        1771530796803,
        "[2026-02-19T19:53:16.803+0000][1276.322s][info][gc,start    ] GC(162) Pause Young (Normal) (G1 Evacuation Pause)"
    ],
    [
        1771530796806,
        "[2026-02-19T19:53:16.806+0000][1276.326s][info][gc          ] GC(162) Pause Young (Normal) (G1 Evacuation Pause) 76M->38M(89M) 3.367ms"
    ],
    [
        1771530797739,
        "[2026-02-19T19:53:17.739+0000][1238.876s][info][gc,start    ] GC(171) Pause Young (Normal) (G1 Evacuation Pause)"
    ],
    [
        1771530797741,
        "[2026-02-19T19:53:17.741+0000][1238.878s][info][gc          ] GC(171) Pause Young (Normal) (G1 Evacuation Pause) 76M->34M(89M) 2.496ms"
    ],
    [
        1771530799213,
        "[2026-02-19T19:53:19.213+0000][1278.732s][info][gc,start    ] GC(163) Pause Young (Normal) (G1 Evacuation Pause)"
    ],
    [
        1771530799216,
        "[2026-02-19T19:53:19.216+0000][1278.735s][info][gc          ] GC(163) Pause Young (Normal) (G1 Evacuation Pause) 75M->37M(89M) 2.779ms"
    ],
    [
        1771530799971,
        "[2026-02-19T19:53:19.971+0000][1241.108s][info][gc,start    ] GC(172) Pause Young (Normal) (G1 Evacuation Pause)"
    ],
    [
        1771530799973,
        "[2026-02-19T19:53:19.973+0000][1241.110s][info][gc          ] GC(172) Pause Young (Normal) (G1 Evacuation Pause) 77M->34M(89M) 2.072ms"
    ],
    [
        1771530801130,
        "[2026-02-19T19:53:21.130+0000][1280.649s][info][gc,start    ] GC(164) Pause Young (Normal) (G1 Evacuation Pause)"
    ],
    [
        1771530801132,
        "[2026-02-19T19:53:21.132+0000][1280.652s][info][gc          ] GC(164) Pause Young (Normal) (G1 Evacuation Pause) 76M->38M(89M) 2.403ms"
    ],
    [
        1771530802419,
        "[2026-02-19T19:53:22.418+0000][1243.555s][info][gc,start    ] GC(173) Pause Young (Normal) (G1 Evacuation Pause)"
    ],
    [
        1771530802420,
        "[2026-02-19T19:53:22.420+0000][1243.557s][info][gc          ] GC(173) Pause Young (Normal) (G1 Evacuation Pause) 77M->34M(89M) 1.972ms"
    ],
    [
        1771530802998,
        "[2026-02-19T19:53:22.998+0000][1282.517s][info][gc,start    ] GC(165) Pause Young (Normal) (G1 Evacuation Pause)"
    ],
    [
        1771530803003,
        "[2026-02-19T19:53:23.003+0000][1282.522s][info][gc          ] GC(165) Pause Young (Normal) (G1 Evacuation Pause) 77M->38M(89M) 5.106ms"
    ],
    [
        1771530804593,
        "[2026-02-19T19:53:24.593+0000][1284.112s][info][gc,start    ] GC(166) Pause Young (Normal) (G1 Evacuation Pause)"
    ],
    [
        1771530804596,
        "[2026-02-19T19:53:24.596+0000][1284.115s][info][gc          ] GC(166) Pause Young (Normal) (G1 Evacuation Pause) 75M->38M(89M) 2.946ms"
    ],
    [
        1771530804697,
        "[2026-02-19T19:53:24.697+0000][1245.834s][info][gc,start    ] GC(174) Pause Young (Normal) (G1 Evacuation Pause)"
    ],
    [
        1771530804700,
        "[2026-02-19T19:53:24.700+0000][1245.837s][info][gc          ] GC(174) Pause Young (Normal) (G1 Evacuation Pause) 77M->34M(89M) 2.329ms"
    ],
    [
        1771530806597,
        "[2026-02-19T19:53:26.597+0000][1286.117s][info][gc,start    ] GC(167) Pause Young (Normal) (G1 Evacuation Pause)"
    ],
    [
        1771530806602,
        "[2026-02-19T19:53:26.602+0000][1286.121s][info][gc          ] GC(167) Pause Young (Normal) (G1 Evacuation Pause) 75M->38M(89M) 4.153ms"
    ],
    [
        1771530807248,
        "[2026-02-19T19:53:27.248+0000][1248.385s][info][gc,start    ] GC(175) Pause Young (Normal) (G1 Evacuation Pause)"
    ],
    [
        1771530807253,
        "[2026-02-19T19:53:27.253+0000][1248.390s][info][gc          ] GC(175) Pause Young (Normal) (G1 Evacuation Pause) 77M->34M(89M) 5.515ms"
    ],
    [
        1771530808416,
        "[2026-02-19T19:53:28.416+0000][1287.936s][info][gc,start    ] GC(168) Pause Young (Normal) (G1 Evacuation Pause)"
    ],
    [
        1771530808420,
        "[2026-02-19T19:53:28.420+0000][1287.939s][info][gc          ] GC(168) Pause Young (Normal) (G1 Evacuation Pause) 77M->38M(89M) 3.506ms"
    ],
    [
        1771530809479,
        "[2026-02-19T19:53:29.479+0000][1250.616s][info][gc,start    ] GC(176) Pause Young (Normal) (G1 Evacuation Pause)"
    ],
    [
        1771530809482,
        "[2026-02-19T19:53:29.482+0000][1250.619s][info][gc          ] GC(176) Pause Young (Normal) (G1 Evacuation Pause) 77M->34M(89M) 2.847ms"
    ],
    [
        1771530810519,
        "[2026-02-19T19:53:30.519+0000][1290.039s][info][gc,start    ] GC(169) Pause Young (Normal) (G1 Evacuation Pause)"
    ],
    [
        1771530810522,
        "[2026-02-19T19:53:30.522+0000][1290.041s][info][gc          ] GC(169) Pause Young (Normal) (G1 Evacuation Pause) 77M->38M(89M) 2.834ms"
    ],
    [
        1771530811873,
        "[2026-02-19T19:53:31.873+0000][1253.010s][info][gc,start    ] GC(177) Pause Young (Normal) (G1 Evacuation Pause)"
    ],
    [
        1771530811877,
        "[2026-02-19T19:53:31.877+0000][1253.014s][info][gc          ] GC(177) Pause Young (Normal) (G1 Evacuation Pause) 77M->34M(89M) 3.319ms"
    ],
    [
        1771530812413,
        "[2026-02-19T19:53:32.413+0000][1291.933s][info][gc,start    ] GC(170) Pause Young (Normal) (G1 Evacuation Pause)"
    ],
    [
        1771530812417,
        "[2026-02-19T19:53:32.417+0000][1291.936s][info][gc          ] GC(170) Pause Young (Normal) (G1 Evacuation Pause) 77M->38M(89M) 3.627ms"
    ],
    [
        1771530814113,
        "[2026-02-19T19:53:34.113+0000][1293.633s][info][gc,start    ] GC(171) Pause Young (Normal) (G1 Evacuation Pause)"
    ],
    [
        1771530814117,
        "[2026-02-19T19:53:34.117+0000][1293.637s][info][gc          ] GC(171) Pause Young (Normal) (G1 Evacuation Pause) 77M->37M(89M) 3.899ms"
    ],
    [
        1771530814194,
        "[2026-02-19T19:53:34.194+0000][1255.331s][info][gc,start    ] GC(178) Pause Young (Normal) (G1 Evacuation Pause)"
    ],
    [
        1771530814196,
        "[2026-02-19T19:53:34.196+0000][1255.333s][info][gc          ] GC(178) Pause Young (Normal) (G1 Evacuation Pause) 77M->34M(89M) 2.293ms"
    ],
    [
        1771530816282,
        "[2026-02-19T19:53:36.282+0000][1295.801s][info][gc,start    ] GC(172) Pause Young (Normal) (G1 Evacuation Pause)"
    ],
    [
        1771530816285,
        "[2026-02-19T19:53:36.285+0000][1257.422s][info][gc,start    ] GC(179) Pause Young (Normal) (G1 Evacuation Pause)"
    ],
    [
        1771530816285,
        "[2026-02-19T19:53:36.285+0000][1295.805s][info][gc          ] GC(172) Pause Young (Normal) (G1 Evacuation Pause) 76M->37M(89M) 3.244ms"
    ],
    [
        1771530816287,
        "[2026-02-19T19:53:36.287+0000][1257.424s][info][gc          ] GC(179) Pause Young (Normal) (G1 Evacuation Pause) 76M->34M(89M) 1.837ms"
    ],
    [
        1771530818181,
        "[2026-02-19T19:53:38.181+0000][1259.318s][info][gc,start    ] GC(180) Pause Young (Normal) (G1 Evacuation Pause)"
    ],
    [
        1771530818184,
        "[2026-02-19T19:53:38.184+0000][1259.321s][info][gc          ] GC(180) Pause Young (Normal) (G1 Evacuation Pause) 76M->34M(89M) 3.098ms"
    ],
    [
        1771530818414,
        "[2026-02-19T19:53:38.413+0000][1297.933s][info][gc,start    ] GC(173) Pause Young (Normal) (G1 Evacuation Pause)"
    ],
    [
        1771530818417,
        "[2026-02-19T19:53:38.417+0000][1297.937s][info][gc          ] GC(173) Pause Young (Normal) (G1 Evacuation Pause) 76M->37M(89M) 3.566ms"
    ],
    [
        1771530820164,
        "[2026-02-19T19:53:40.164+0000][1261.301s][info][gc,start    ] GC(181) Pause Young (Normal) (G1 Evacuation Pause)"
    ],
    [
        1771530820166,
        "[2026-02-19T19:53:40.166+0000][1261.303s][info][gc          ] GC(181) Pause Young (Normal) (G1 Evacuation Pause) 76M->34M(89M) 2.362ms"
    ],
    [
        1771530820196,
        "[2026-02-19T19:53:40.196+0000][1299.715s][info][gc,start    ] GC(174) Pause Young (Normal) (G1 Evacuation Pause)"
    ],
    [
        1771530820200,
        "[2026-02-19T19:53:40.199+0000][1299.719s][info][gc          ] GC(174) Pause Young (Normal) (G1 Evacuation Pause) 76M->37M(89M) 3.874ms"
    ],
    [
        1771530821963,
        "[2026-02-19T19:53:41.963+0000][1301.482s][info][gc,start    ] GC(175) Pause Young (Normal) (G1 Evacuation Pause)"
    ],
    [
        1771530821966,
        "[2026-02-19T19:53:41.966+0000][1301.485s][info][gc          ] GC(175) Pause Young (Normal) (G1 Evacuation Pause) 76M->37M(89M) 2.915ms"
    ],
    [
        1771530822335,
        "[2026-02-19T19:53:42.335+0000][1263.472s][info][gc,start    ] GC(182) Pause Young (Normal) (G1 Evacuation Pause)"
    ],
    [
        1771530822337,
        "[2026-02-19T19:53:42.337+0000][1263.474s][info][gc          ] GC(182) Pause Young (Normal) (G1 Evacuation Pause) 76M->34M(89M) 1.984ms"
    ],
    [
        1771530824044,
        "[2026-02-19T19:53:44.044+0000][1303.564s][info][gc,start    ] GC(176) Pause Young (Normal) (G1 Evacuation Pause)"
    ],
    [
        1771530824047,
        "[2026-02-19T19:53:44.047+0000][1303.566s][info][gc          ] GC(176) Pause Young (Normal) (G1 Evacuation Pause) 76M->37M(89M) 2.281ms"
    ],
    [
        1771530824444,
        "[2026-02-19T19:53:44.443+0000][1265.580s][info][gc,start    ] GC(183) Pause Young (Normal) (G1 Evacuation Pause)"
    ],
    [
        1771530824445,
        "[2026-02-19T19:53:44.445+0000][1265.582s][info][gc          ] GC(183) Pause Young (Normal) (G1 Evacuation Pause) 76M->34M(89M) 1.626ms"
    ],
    [
        1771530826202,
        "[2026-02-19T19:53:46.202+0000][1305.721s][info][gc,start    ] GC(177) Pause Young (Normal) (G1 Evacuation Pause)"
    ],
    [
        1771530826205,
        "[2026-02-19T19:53:46.205+0000][1305.725s][info][gc          ] GC(177) Pause Young (Normal) (G1 Evacuation Pause) 76M->38M(89M) 3.261ms"
    ],
    [
        1771530826499,
        "[2026-02-19T19:53:46.499+0000][1267.636s][info][gc,start    ] GC(184) Pause Young (Normal) (G1 Evacuation Pause)"
    ],
    [
        1771530826501,
        "[2026-02-19T19:53:46.501+0000][1267.638s][info][gc          ] GC(184) Pause Young (Normal) (G1 Evacuation Pause) 76M->34M(89M) 1.900ms"
    ],
    [
        1771530828326,
        "[2026-02-19T19:53:48.326+0000][1307.845s][info][gc,start    ] GC(178) Pause Young (Normal) (G1 Evacuation Pause)"
    ],
    [
        1771530828328,
        "[2026-02-19T19:53:48.328+0000][1307.847s][info][gc          ] GC(178) Pause Young (Normal) (G1 Evacuation Pause) 77M->37M(89M) 1.828ms"
    ],
    [
        1771530828965,
        "[2026-02-19T19:53:48.965+0000][1270.102s][info][gc,start    ] GC(185) Pause Young (Normal) (G1 Evacuation Pause)"
    ],
    [
        1771530828967,
        "[2026-02-19T19:53:48.967+0000][1270.104s][info][gc          ] GC(185) Pause Young (Normal) (G1 Evacuation Pause) 76M->34M(89M) 1.977ms"
    ],
    [
        1771530829888,
        "[2026-02-19T19:53:49.888+0000][1309.407s][info][gc,start    ] GC(179) Pause Young (Normal) (G1 Evacuation Pause)"
    ],
    [
        1771530829891,
        "[2026-02-19T19:53:49.891+0000][1309.410s][info][gc          ] GC(179) Pause Young (Normal) (G1 Evacuation Pause) 76M->37M(89M) 3.137ms"
    ],
    [
        1771530831231,
        "[2026-02-19T19:53:51.231+0000][1272.368s][info][gc,start    ] GC(186) Pause Young (Normal) (G1 Evacuation Pause)"
    ],
    [
        1771530831233,
        "[2026-02-19T19:53:51.233+0000][1272.370s][info][gc          ] GC(186) Pause Young (Normal) (G1 Evacuation Pause) 76M->34M(89M) 1.720ms"
    ],
    [
        1771530831765,
        "[2026-02-19T19:53:51.765+0000][1311.284s][info][gc,start    ] GC(180) Pause Young (Normal) (G1 Evacuation Pause)"
    ],
    [
        1771530831768,
        "[2026-02-19T19:53:51.768+0000][1311.287s][info][gc          ] GC(180) Pause Young (Normal) (G1 Evacuation Pause) 76M->37M(89M) 3.154ms"
    ],
    [
        1771530833091,
        "[2026-02-19T19:53:53.091+0000][1274.228s][info][gc,start    ] GC(187) Pause Young (Normal) (G1 Evacuation Pause)"
    ],
    [
        1771530833094,
        "[2026-02-19T19:53:53.094+0000][1274.231s][info][gc          ] GC(187) Pause Young (Normal) (G1 Evacuation Pause) 76M->34M(89M) 2.197ms"
    ],
    [
        1771530833625,
        "[2026-02-19T19:53:53.625+0000][1313.144s][info][gc,start    ] GC(181) Pause Young (Normal) (G1 Evacuation Pause)"
    ],
    [
        1771530833628,
        "[2026-02-19T19:53:53.628+0000][1313.147s][info][gc          ] GC(181) Pause Young (Normal) (G1 Evacuation Pause) 76M->37M(89M) 2.741ms"
    ],
    [
        1771530834651,
        "[2026-02-19T19:53:54.651+0000][1275.788s][info][gc,start    ] GC(188) Pause Young (Normal) (G1 Evacuation Pause)"
    ],
    [
        1771530834653,
        "[2026-02-19T19:53:54.653+0000][1275.790s][info][gc          ] GC(188) Pause Young (Normal) (G1 Evacuation Pause) 76M->34M(89M) 2.234ms"
    ],
    [
        1771530835332,
        "[2026-02-19T19:53:55.332+0000][1314.852s][info][gc,start    ] GC(182) Pause Young (Normal) (G1 Evacuation Pause)"
    ],
    [
        1771530835335,
        "[2026-02-19T19:53:55.335+0000][1314.854s][info][gc          ] GC(182) Pause Young (Normal) (G1 Evacuation Pause) 76M->37M(89M) 2.769ms"
    ],
    [
        1771530836851,
        "[2026-02-19T19:53:56.851+0000][1277.988s][info][gc,start    ] GC(189) Pause Young (Normal) (G1 Evacuation Pause)"
    ],
    [
        1771530836852,
        "[2026-02-19T19:53:56.852+0000][1277.989s][info][gc          ] GC(189) Pause Young (Normal) (G1 Evacuation Pause) 76M->34M(89M) 1.549ms"
    ],
    [
        1771530837376,
        "[2026-02-19T19:53:57.376+0000][1316.895s][info][gc,start    ] GC(183) Pause Young (Normal) (G1 Evacuation Pause)"
    ],
    [
        1771530837378,
        "[2026-02-19T19:53:57.378+0000][1316.897s][info][gc          ] GC(183) Pause Young (Normal) (G1 Evacuation Pause) 76M->37M(89M) 1.899ms"
    ],
    [
        1771530838639,
        "[2026-02-19T19:53:58.639+0000][1279.776s][info][gc,start    ] GC(190) Pause Young (Normal) (G1 Evacuation Pause)"
    ],
    [
        1771530838642,
        "[2026-02-19T19:53:58.642+0000][1279.779s][info][gc          ] GC(190) Pause Young (Normal) (G1 Evacuation Pause) 76M->34M(89M) 2.585ms"
    ],
    [
        1771530839460,
        "[2026-02-19T19:53:59.460+0000][1318.979s][info][gc,start    ] GC(184) Pause Young (Normal) (G1 Evacuation Pause)"
    ],
    [
        1771530839462,
        "[2026-02-19T19:53:59.462+0000][1318.981s][info][gc          ] GC(184) Pause Young (Normal) (G1 Evacuation Pause) 76M->37M(89M) 2.130ms"
    ],
    [
        1771530840645,
        "[2026-02-19T19:54:00.644+0000][1281.782s][info][gc,start    ] GC(191) Pause Young (Normal) (G1 Evacuation Pause)"
    ],
    [
        1771530840647,
        "[2026-02-19T19:54:00.647+0000][1281.784s][info][gc          ] GC(191) Pause Young (Normal) (G1 Evacuation Pause) 76M->34M(89M) 2.421ms"
    ],
    [
        1771530841713,
        "[2026-02-19T19:54:01.713+0000][1321.232s][info][gc,start    ] GC(185) Pause Young (Normal) (G1 Evacuation Pause)"
    ],
    [
        1771530841762,
        "[2026-02-19T19:54:01.762+0000][1321.281s][info][gc          ] GC(185) Pause Young (Normal) (G1 Evacuation Pause) 76M->38M(89M) 48.899ms"
    ],
    [
        1771530842407,
        "[2026-02-19T19:54:02.407+0000][1283.544s][info][gc,start    ] GC(192) Pause Young (Normal) (G1 Evacuation Pause)"
    ],
    [
        1771530842417,
        "[2026-02-19T19:54:02.417+0000][1283.554s][info][gc          ] GC(192) Pause Young (Normal) (G1 Evacuation Pause) 76M->34M(89M) 10.035ms"
    ],
    [
        1771530843602,
        "[2026-02-19T19:54:03.599+0000][1323.118s][info][gc,start    ] GC(186) Pause Young (Normal) (G1 Evacuation Pause)"
    ],
    [
        1771530843621,
        "[2026-02-19T19:54:03.621+0000][1323.140s][info][gc          ] GC(186) Pause Young (Normal) (G1 Evacuation Pause) 75M->38M(89M) 22.007ms"
    ],
    [
        1771530844410,
        "[2026-02-19T19:54:04.410+0000][1285.547s][info][gc,start    ] GC(193) Pause Young (Normal) (G1 Evacuation Pause)"
    ],
    [
        1771530844415,
        "[2026-02-19T19:54:04.415+0000][1285.552s][info][gc          ] GC(193) Pause Young (Normal) (G1 Evacuation Pause) 76M->34M(89M) 4.466ms"
    ],
    [
        1771530845020,
        "[2026-02-19T19:54:05.020+0000][1324.540s][info][gc,start    ] GC(187) Pause Young (Normal) (G1 Evacuation Pause)"
    ],
    [
        1771530845023,
        "[2026-02-19T19:54:05.023+0000][1324.542s][info][gc          ] GC(187) Pause Young (Normal) (G1 Evacuation Pause) 76M->38M(89M) 2.776ms"
    ],
    [
        1771530846456,
        "[2026-02-19T19:54:06.456+0000][1287.593s][info][gc,start    ] GC(194) Pause Young (Normal) (G1 Evacuation Pause)"
    ],
    [
        1771530846460,
        "[2026-02-19T19:54:06.460+0000][1287.597s][info][gc          ] GC(194) Pause Young (Normal) (G1 Evacuation Pause) 76M->34M(89M) 3.977ms"
    ],
    [
        1771530846793,
        "[2026-02-19T19:54:06.793+0000][1326.312s][info][gc,start    ] GC(188) Pause Young (Normal) (G1 Evacuation Pause)"
    ],
    [
        1771530846797,
        "[2026-02-19T19:54:06.797+0000][1326.316s][info][gc          ] GC(188) Pause Young (Normal) (G1 Evacuation Pause) 76M->38M(89M) 3.692ms"
    ],
    [
        1771530848523,
        "[2026-02-19T19:54:08.523+0000][1289.660s][info][gc,start    ] GC(195) Pause Young (Normal) (G1 Evacuation Pause)"
    ],
    [
        1771530848526,
        "[2026-02-19T19:54:08.526+0000][1289.663s][info][gc          ] GC(195) Pause Young (Normal) (G1 Evacuation Pause) 76M->34M(89M) 2.432ms"
    ],
    [
        1771530848538,
        "[2026-02-19T19:54:08.538+0000][1328.058s][info][gc,start    ] GC(189) Pause Young (Normal) (G1 Evacuation Pause)"
    ],
    [
        1771530848541,
        "[2026-02-19T19:54:08.541+0000][1328.060s][info][gc          ] GC(189) Pause Young (Normal) (G1 Evacuation Pause) 76M->38M(89M) 2.631ms"
    ],
    [
        1771530850419,
        "[2026-02-19T19:54:10.415+0000][1329.935s][info][gc,start    ] GC(190) Pause Young (Normal) (G1 Evacuation Pause)"
    ],
    [
        1771530850491,
        "[2026-02-19T19:54:10.491+0000][1330.011s][info][gc          ] GC(190) Pause Young (Normal) (G1 Evacuation Pause) 76M->39M(89M) 76.066ms"
    ],
    [
        1771530850737,
        "[2026-02-19T19:54:10.737+0000][1291.874s][info][gc,start    ] GC(196) Pause Young (Normal) (G1 Evacuation Pause)"
    ],
    [
        1771530850740,
        "[2026-02-19T19:54:10.740+0000][1291.877s][info][gc          ] GC(196) Pause Young (Normal) (G1 Evacuation Pause) 76M->34M(89M) 3.401ms"
    ],
    [
        1771530851716,
        "[2026-02-19T19:54:11.716+0000][1331.235s][info][gc,start    ] GC(191) Pause Young (Normal) (G1 Evacuation Pause)"
    ],
    [
        1771530851720,
        "[2026-02-19T19:54:11.720+0000][1331.239s][info][gc          ] GC(191) Pause Young (Normal) (G1 Evacuation Pause) 75M->39M(89M) 3.811ms"
    ],
    [
        1771530852527,
        "[2026-02-19T19:54:12.527+0000][1293.664s][info][gc,start    ] GC(197) Pause Young (Normal) (G1 Evacuation Pause)"
    ],
    [
        1771530852529,
        "[2026-02-19T19:54:12.529+0000][1293.666s][info][gc          ] GC(197) Pause Young (Normal) (G1 Evacuation Pause) 76M->34M(89M) 2.096ms"
    ],
    [
        1771530853125,
        "[2026-02-19T19:54:13.125+0000][1332.644s][info][gc,start    ] GC(192) Pause Young (Normal) (G1 Evacuation Pause)"
    ],
    [
        1771530853129,
        "[2026-02-19T19:54:13.129+0000][1332.648s][info][gc          ] GC(192) Pause Young (Normal) (G1 Evacuation Pause) 75M->39M(89M) 4.118ms"
    ],
    [
        1771530854266,
        "[2026-02-19T19:54:14.265+0000][1295.402s][info][gc,start    ] GC(198) Pause Young (Normal) (G1 Evacuation Pause)"
    ],
    [
        1771530854271,
        "[2026-02-19T19:54:14.271+0000][1295.408s][info][gc          ] GC(198) Pause Young (Normal) (G1 Evacuation Pause) 76M->34M(89M) 5.057ms"
    ],
    [
        1771530854652,
        "[2026-02-19T19:54:14.652+0000][1334.171s][info][gc,start    ] GC(193) Pause Young (Normal) (G1 Evacuation Pause)"
    ],
    [
        1771530854655,
        "[2026-02-19T19:54:14.655+0000][1334.175s][info][gc          ] GC(193) Pause Young (Normal) (G1 Evacuation Pause) 75M->39M(89M) 3.601ms"
    ],
    [
        1771530856000,
        "[2026-02-19T19:54:16.000+0000][1297.137s][info][gc,start    ] GC(199) Pause Young (Normal) (G1 Evacuation Pause)"
    ],
    [
        1771530856005,
        "[2026-02-19T19:54:16.005+0000][1297.142s][info][gc          ] GC(199) Pause Young (Normal) (G1 Evacuation Pause) 76M->34M(89M) 4.848ms"
    ],
    [
        1771530856240,
        "[2026-02-19T19:54:16.240+0000][1335.760s][info][gc,start    ] GC(194) Pause Young (Normal) (G1 Evacuation Pause)"
    ],
    [
        1771530856243,
        "[2026-02-19T19:54:16.243+0000][1335.763s][info][gc          ] GC(194) Pause Young (Normal) (G1 Evacuation Pause) 75M->39M(89M) 2.788ms"
    ],
    [
        1771530857591,
        "[2026-02-19T19:54:17.591+0000][1337.110s][info][gc,start    ] GC(195) Pause Young (Normal) (G1 Evacuation Pause)"
    ],
    [
        1771530857594,
        "[2026-02-19T19:54:17.594+0000][1337.113s][info][gc          ] GC(195) Pause Young (Normal) (G1 Evacuation Pause) 75M->39M(89M) 3.276ms"
    ],
    [
        1771530857905,
        "[2026-02-19T19:54:17.905+0000][1299.042s][info][gc,start    ] GC(200) Pause Young (Normal) (G1 Evacuation Pause)"
    ],
    [
        1771530857908,
        "[2026-02-19T19:54:17.908+0000][1299.045s][info][gc          ] GC(200) Pause Young (Normal) (G1 Evacuation Pause) 76M->34M(89M) 2.838ms"
    ],
    [
        1771530859517,
        "[2026-02-19T19:54:19.517+0000][1339.037s][info][gc,start    ] GC(196) Pause Young (Normal) (G1 Evacuation Pause)"
    ],
    [
        1771530859520,
        "[2026-02-19T19:54:19.520+0000][1339.040s][info][gc          ] GC(196) Pause Young (Normal) (G1 Evacuation Pause) 75M->39M(89M) 3.217ms"
    ],
    [
        1771530859831,
        "[2026-02-19T19:54:19.831+0000][1300.968s][info][gc,start    ] GC(201) Pause Young (Normal) (G1 Evacuation Pause)"
    ],
    [
        1771530859833,
        "[2026-02-19T19:54:19.833+0000][1300.970s][info][gc          ] GC(201) Pause Young (Normal) (G1 Evacuation Pause) 76M->34M(89M) 2.519ms"
    ],
    [
        1771530861181,
        "[2026-02-19T19:54:21.181+0000][1340.701s][info][gc,start    ] GC(197) Pause Young (Normal) (G1 Evacuation Pause)"
    ],
    [
        1771530861185,
        "[2026-02-19T19:54:21.185+0000][1340.704s][info][gc          ] GC(197) Pause Young (Normal) (G1 Evacuation Pause) 75M->39M(89M) 3.666ms"
    ],
    [
        1771530861723,
        "[2026-02-19T19:54:21.723+0000][1302.860s][info][gc,start    ] GC(202) Pause Young (Normal) (G1 Evacuation Pause)"
    ],
    [
        1771530861724,
        "[2026-02-19T19:54:21.724+0000][1302.861s][info][gc          ] GC(202) Pause Young (Normal) (G1 Evacuation Pause) 76M->34M(89M) 1.499ms"
    ],
    [
        1771530863055,
        "[2026-02-19T19:54:23.055+0000][1342.574s][info][gc,start    ] GC(198) Pause Young (Normal) (G1 Evacuation Pause)"
    ],
    [
        1771530863063,
        "[2026-02-19T19:54:23.061+0000][1342.581s][info][gc          ] GC(198) Pause Young (Normal) (G1 Evacuation Pause) 75M->39M(89M) 6.404ms"
    ],
    [
        1771530863745,
        "[2026-02-19T19:54:23.745+0000][1304.882s][info][gc,start    ] GC(203) Pause Young (Normal) (G1 Evacuation Pause)"
    ],
    [
        1771530863748,
        "[2026-02-19T19:54:23.748+0000][1304.885s][info][gc          ] GC(203) Pause Young (Normal) (G1 Evacuation Pause) 76M->34M(89M) 2.468ms"
    ],
    [
        1771530864493,
        "[2026-02-19T19:54:24.493+0000][1344.012s][info][gc,start    ] GC(199) Pause Young (Normal) (G1 Evacuation Pause)"
    ],
    [
        1771530864496,
        "[2026-02-19T19:54:24.496+0000][1344.015s][info][gc          ] GC(199) Pause Young (Normal) (G1 Evacuation Pause) 75M->39M(89M) 2.670ms"
    ],
    [
        1771530865913,
        "[2026-02-19T19:54:25.913+0000][1307.050s][info][gc,start    ] GC(204) Pause Young (Normal) (G1 Evacuation Pause)"
    ],
    [
        1771530865915,
        "[2026-02-19T19:54:25.915+0000][1307.052s][info][gc          ] GC(204) Pause Young (Normal) (G1 Evacuation Pause) 76M->34M(89M) 2.656ms"
    ],
    [
        1771530866263,
        "[2026-02-19T19:54:26.263+0000][1345.782s][info][gc,start    ] GC(200) Pause Young (Normal) (G1 Evacuation Pause)"
    ],
    [
        1771530866266,
        "[2026-02-19T19:54:26.266+0000][1345.785s][info][gc          ] GC(200) Pause Young (Normal) (G1 Evacuation Pause) 75M->39M(89M) 3.082ms"
    ],
    [
        1771530867858,
        "[2026-02-19T19:54:27.858+0000][1308.995s][info][gc,start    ] GC(205) Pause Young (Normal) (G1 Evacuation Pause)"
    ],
    [
        1771530867862,
        "[2026-02-19T19:54:27.862+0000][1308.999s][info][gc          ] GC(205) Pause Young (Normal) (G1 Evacuation Pause) 76M->34M(89M) 4.067ms"
    ],
    [
        1771530867994,
        "[2026-02-19T19:54:27.994+0000][1347.514s][info][gc,start    ] GC(201) Pause Young (Normal) (G1 Evacuation Pause)"
    ],
    [
        1771530867998,
        "[2026-02-19T19:54:27.998+0000][1347.517s][info][gc          ] GC(201) Pause Young (Normal) (G1 Evacuation Pause) 77M->39M(89M) 3.444ms"
    ],
    [
        1771530869629,
        "[2026-02-19T19:54:29.629+0000][1310.766s][info][gc,start    ] GC(206) Pause Young (Normal) (G1 Evacuation Pause)"
    ],
    [
        1771530869631,
        "[2026-02-19T19:54:29.631+0000][1310.768s][info][gc          ] GC(206) Pause Young (Normal) (G1 Evacuation Pause) 76M->34M(89M) 2.468ms"
    ],
    [
        1771530869853,
        "[2026-02-19T19:54:29.853+0000][1349.372s][info][gc,start    ] GC(202) Pause Young (Normal) (G1 Evacuation Pause)"
    ],
    [
        1771530869856,
        "[2026-02-19T19:54:29.856+0000][1349.376s][info][gc          ] GC(202) Pause Young (Normal) (G1 Evacuation Pause) 77M->39M(89M) 3.652ms"
    ],
    [
        1771530871664,
        "[2026-02-19T19:54:31.664+0000][1351.184s][info][gc,start    ] GC(203) Pause Young (Normal) (G1 Evacuation Pause)"
    ],
    [
        1771530871667,
        "[2026-02-19T19:54:31.667+0000][1351.187s][info][gc          ] GC(203) Pause Young (Normal) (G1 Evacuation Pause) 77M->39M(89M) 3.029ms"
    ],
    [
        1771530871998,
        "[2026-02-19T19:54:31.998+0000][1313.135s][info][gc,start    ] GC(207) Pause Young (Normal) (G1 Evacuation Pause)"
    ],
    [
        1771530872001,
        "[2026-02-19T19:54:32.001+0000][1313.138s][info][gc          ] GC(207) Pause Young (Normal) (G1 Evacuation Pause) 76M->34M(89M) 2.971ms"
    ],
    [
        1771530873395,
        "[2026-02-19T19:54:33.395+0000][1352.914s][info][gc,start    ] GC(204) Pause Young (Normal) (G1 Evacuation Pause)"
    ],
    [
        1771530873397,
        "[2026-02-19T19:54:33.397+0000][1352.916s][info][gc          ] GC(204) Pause Young (Normal) (G1 Evacuation Pause) 77M->39M(89M) 2.124ms"
    ],
    [
        1771530874205,
        "[2026-02-19T19:54:34.205+0000][1315.342s][info][gc,start    ] GC(208) Pause Young (Normal) (G1 Evacuation Pause)"
    ],
    [
        1771530874207,
        "[2026-02-19T19:54:34.207+0000][1315.344s][info][gc          ] GC(208) Pause Young (Normal) (G1 Evacuation Pause) 76M->34M(89M) 2.195ms"
    ],
    [
        1771530874929,
        "[2026-02-19T19:54:34.929+0000][1354.449s][info][gc,start    ] GC(205) Pause Young (Normal) (G1 Evacuation Pause)"
    ],
    [
        1771530874933,
        "[2026-02-19T19:54:34.933+0000][1354.452s][info][gc          ] GC(205) Pause Young (Normal) (G1 Evacuation Pause) 77M->39M(89M) 3.623ms"
    ],
    [
        1771530875958,
        "[2026-02-19T19:54:35.957+0000][1317.095s][info][gc,start    ] GC(209) Pause Young (Normal) (G1 Evacuation Pause)"
    ],
    [
        1771530875959,
        "[2026-02-19T19:54:35.959+0000][1317.096s][info][gc          ] GC(209) Pause Young (Normal) (G1 Evacuation Pause) 76M->34M(89M) 1.706ms"
    ],
    [
        1771530876405,
        "[2026-02-19T19:54:36.404+0000][1355.924s][info][gc,start    ] GC(206) Pause Young (Normal) (G1 Evacuation Pause)"
    ],
    [
        1771530876408,
        "[2026-02-19T19:54:36.408+0000][1355.927s][info][gc          ] GC(206) Pause Young (Normal) (G1 Evacuation Pause) 77M->39M(89M) 3.066ms"
    ],
    [
        1771530877865,
        "[2026-02-19T19:54:37.865+0000][1319.002s][info][gc,start    ] GC(210) Pause Young (Normal) (G1 Evacuation Pause)"
    ],
    [
        1771530877867,
        "[2026-02-19T19:54:37.867+0000][1319.004s][info][gc          ] GC(210) Pause Young (Normal) (G1 Evacuation Pause) 76M->34M(89M) 2.131ms"
    ],
    [
        1771530877920,
        "[2026-02-19T19:54:37.919+0000][1357.439s][info][gc,start    ] GC(207) Pause Young (Concurrent Start) (G1 Evacuation Pause)"
    ],
    [
        1771530877923,
        "[2026-02-19T19:54:37.923+0000][1357.443s][info][gc          ] GC(207) Pause Young (Concurrent Start) (G1 Evacuation Pause) 76M->39M(89M) 3.899ms"
    ],
    [
        1771530878091,
        "[2026-02-19T19:54:38.091+0000][1357.611s][info][gc,start    ] GC(208) Pause Remark"
    ],
    [
        1771530878192,
        "[2026-02-19T19:54:38.192+0000][1357.711s][info][gc          ] GC(208) Pause Remark 42M->42M(89M) 100.479ms"
    ],
    [
        1771530878403,
        "[2026-02-19T19:54:38.403+0000][1357.923s][info][gc,start    ] GC(208) Pause Cleanup"
    ],
    [
        1771530878404,
        "[2026-02-19T19:54:38.404+0000][1357.923s][info][gc          ] GC(208) Pause Cleanup 50M->50M(89M) 0.183ms"
    ],
    [
        1771530879693,
        "[2026-02-19T19:54:39.693+0000][1359.213s][info][gc,start    ] GC(209) Pause Young (Prepare Mixed) (G1 Evacuation Pause)"
    ],
    [
        1771530879696,
        "[2026-02-19T19:54:39.696+0000][1359.216s][info][gc          ] GC(209) Pause Young (Prepare Mixed) (G1 Evacuation Pause) 76M->39M(89M) 3.252ms"
    ],
    [
        1771530879792,
        "[2026-02-19T19:54:39.792+0000][1359.311s][info][gc,start    ] GC(210) Pause Young (Mixed) (G1 Evacuation Pause)"
    ],
    [
        1771530879810,
        "[2026-02-19T19:54:39.810+0000][1359.330s][info][gc          ] GC(210) Pause Young (Mixed) (G1 Evacuation Pause) 42M->35M(89M) 18.772ms"
    ],
    [
        1771530879864,
        "[2026-02-19T19:54:39.864+0000][1321.001s][info][gc,start    ] GC(211) Pause Young (Normal) (G1 Evacuation Pause)"
    ],
    [
        1771530879866,
        "[2026-02-19T19:54:39.866+0000][1321.003s][info][gc          ] GC(211) Pause Young (Normal) (G1 Evacuation Pause) 76M->34M(89M) 2.108ms"
    ],
    [
        1771530881315,
        "[2026-02-19T19:54:41.315+0000][1360.834s][info][gc,start    ] GC(211) Pause Young (Normal) (G1 Evacuation Pause)"
    ],
    [
        1771530881317,
        "[2026-02-19T19:54:41.317+0000][1360.837s][info][gc          ] GC(211) Pause Young (Normal) (G1 Evacuation Pause) 76M->35M(89M) 2.615ms"
    ],
    [
        1771530881763,
        "[2026-02-19T19:54:41.763+0000][1322.900s][info][gc,start    ] GC(212) Pause Young (Normal) (G1 Evacuation Pause)"
    ],
    [
        1771530881765,
        "[2026-02-19T19:54:41.765+0000][1322.902s][info][gc          ] GC(212) Pause Young (Normal) (G1 Evacuation Pause) 76M->34M(89M) 1.553ms"
    ],
    [
        1771530883061,
        "[2026-02-19T19:54:43.061+0000][1362.581s][info][gc,start    ] GC(212) Pause Young (Normal) (G1 Evacuation Pause)"
    ],
    [
        1771530883065,
        "[2026-02-19T19:54:43.065+0000][1362.584s][info][gc          ] GC(212) Pause Young (Normal) (G1 Evacuation Pause) 76M->35M(89M) 3.542ms"
    ],
    [
        1771530883447,
        "[2026-02-19T19:54:43.447+0000][1324.584s][info][gc,start    ] GC(213) Pause Young (Normal) (G1 Evacuation Pause)"
    ],
    [
        1771530883449,
        "[2026-02-19T19:54:43.449+0000][1324.586s][info][gc          ] GC(213) Pause Young (Normal) (G1 Evacuation Pause) 76M->34M(89M) 2.473ms"
    ],
    [
        1771530884708,
        "[2026-02-19T19:54:44.708+0000][1364.227s][info][gc,start    ] GC(213) Pause Young (Normal) (G1 Evacuation Pause)"
    ],
    [
        1771530884710,
        "[2026-02-19T19:54:44.710+0000][1364.230s][info][gc          ] GC(213) Pause Young (Normal) (G1 Evacuation Pause) 76M->35M(89M) 2.321ms"
    ],
    [
        1771530885201,
        "[2026-02-19T19:54:45.201+0000][1326.338s][info][gc,start    ] GC(214) Pause Young (Normal) (G1 Evacuation Pause)"
    ],
    [
        1771530885203,
        "[2026-02-19T19:54:45.203+0000][1326.340s][info][gc          ] GC(214) Pause Young (Normal) (G1 Evacuation Pause) 76M->34M(89M) 1.714ms"
    ],
    [
        1771530886513,
        "[2026-02-19T19:54:46.513+0000][1366.032s][info][gc,start    ] GC(214) Pause Young (Normal) (G1 Evacuation Pause)"
    ],
    [
        1771530886515,
        "[2026-02-19T19:54:46.515+0000][1366.035s][info][gc          ] GC(214) Pause Young (Normal) (G1 Evacuation Pause) 76M->35M(89M) 2.343ms"
    ],
    [
        1771530887115,
        "[2026-02-19T19:54:47.115+0000][1328.252s][info][gc,start    ] GC(215) Pause Young (Normal) (G1 Evacuation Pause)"
    ],
    [
        1771530887117,
        "[2026-02-19T19:54:47.117+0000][1328.254s][info][gc          ] GC(215) Pause Young (Normal) (G1 Evacuation Pause) 76M->34M(89M) 2.222ms"
    ],
    [
        1771530888476,
        "[2026-02-19T19:54:48.476+0000][1367.996s][info][gc,start    ] GC(215) Pause Young (Normal) (G1 Evacuation Pause)"
    ],
    [
        1771530888478,
        "[2026-02-19T19:54:48.478+0000][1367.998s][info][gc          ] GC(215) Pause Young (Normal) (G1 Evacuation Pause) 76M->35M(89M) 1.723ms"
    ],
    [
        1771530889166,
        "[2026-02-19T19:54:49.166+0000][1330.303s][info][gc,start    ] GC(216) Pause Young (Normal) (G1 Evacuation Pause)"
    ],
    [
        1771530889167,
        "[2026-02-19T19:54:49.167+0000][1330.304s][info][gc          ] GC(216) Pause Young (Normal) (G1 Evacuation Pause) 76M->34M(89M) 1.642ms"
    ],
    [
        1771530890401,
        "[2026-02-19T19:54:50.401+0000][1369.920s][info][gc,start    ] GC(216) Pause Young (Normal) (G1 Evacuation Pause)"
    ],
    [
        1771530890403,
        "[2026-02-19T19:54:50.403+0000][1369.922s][info][gc          ] GC(216) Pause Young (Normal) (G1 Evacuation Pause) 76M->35M(89M) 1.817ms"
    ],
    [
        1771530891037,
        "[2026-02-19T19:54:51.037+0000][1332.174s][info][gc,start    ] GC(217) Pause Young (Normal) (G1 Evacuation Pause)"
    ],
    [
        1771530891039,
        "[2026-02-19T19:54:51.039+0000][1332.176s][info][gc          ] GC(217) Pause Young (Normal) (G1 Evacuation Pause) 76M->34M(89M) 2.160ms"
    ],
    [
        1771530892275,
        "[2026-02-19T19:54:52.275+0000][1371.794s][info][gc,start    ] GC(217) Pause Young (Normal) (G1 Evacuation Pause)"
    ],
    [
        1771530892277,
        "[2026-02-19T19:54:52.277+0000][1371.797s][info][gc          ] GC(217) Pause Young (Normal) (G1 Evacuation Pause) 76M->35M(89M) 2.409ms"
    ],
    [
        1771530893041,
        "[2026-02-19T19:54:53.041+0000][1334.178s][info][gc,start    ] GC(218) Pause Young (Normal) (G1 Evacuation Pause)"
    ],
    [
        1771530893044,
        "[2026-02-19T19:54:53.044+0000][1334.181s][info][gc          ] GC(218) Pause Young (Normal) (G1 Evacuation Pause) 76M->34M(89M) 2.763ms"
    ],
    [
        1771530894075,
        "[2026-02-19T19:54:54.074+0000][1373.594s][info][gc,start    ] GC(218) Pause Young (Normal) (G1 Evacuation Pause)"
    ],
    [
        1771530894076,
        "[2026-02-19T19:54:54.076+0000][1373.596s][info][gc          ] GC(218) Pause Young (Normal) (G1 Evacuation Pause) 76M->35M(89M) 1.722ms"
    ],
    [
        1771530894662,
        "[2026-02-19T19:54:54.662+0000][1335.799s][info][gc,start    ] GC(219) Pause Young (Normal) (G1 Evacuation Pause)"
    ],
    [
        1771530894665,
        "[2026-02-19T19:54:54.664+0000][1335.802s][info][gc          ] GC(219) Pause Young (Normal) (G1 Evacuation Pause) 76M->34M(89M) 2.583ms"
    ],
    [
        1771530896003,
        "[2026-02-19T19:54:56.003+0000][1375.522s][info][gc,start    ] GC(219) Pause Young (Normal) (G1 Evacuation Pause)"
    ],
    [
        1771530896008,
        "[2026-02-19T19:54:56.008+0000][1375.528s][info][gc          ] GC(219) Pause Young (Normal) (G1 Evacuation Pause) 76M->35M(89M) 5.534ms"
    ],
    [
        1771530896578,
        "[2026-02-19T19:54:56.578+0000][1337.715s][info][gc,start    ] GC(220) Pause Young (Normal) (G1 Evacuation Pause)"
    ],
    [
        1771530896580,
        "[2026-02-19T19:54:56.580+0000][1337.717s][info][gc          ] GC(220) Pause Young (Normal) (G1 Evacuation Pause) 76M->34M(89M) 1.620ms"
    ],
    [
        1771530897695,
        "[2026-02-19T19:54:57.695+0000][1377.214s][info][gc,start    ] GC(220) Pause Young (Normal) (G1 Evacuation Pause)"
    ],
    [
        1771530897699,
        "[2026-02-19T19:54:57.699+0000][1377.218s][info][gc          ] GC(220) Pause Young (Normal) (G1 Evacuation Pause) 76M->35M(89M) 3.787ms"
    ],
    [
        1771530898585,
        "[2026-02-19T19:54:58.585+0000][1339.722s][info][gc,start    ] GC(221) Pause Young (Normal) (G1 Evacuation Pause)"
    ],
    [
        1771530898588,
        "[2026-02-19T19:54:58.588+0000][1339.725s][info][gc          ] GC(221) Pause Young (Normal) (G1 Evacuation Pause) 76M->34M(89M) 2.965ms"
    ],
    [
        1771530899099,
        "[2026-02-19T19:54:59.099+0000][1378.619s][info][gc,start    ] GC(221) Pause Young (Normal) (G1 Evacuation Pause)"
    ],
    [
        1771530899102,
        "[2026-02-19T19:54:59.102+0000][1378.622s][info][gc          ] GC(221) Pause Young (Normal) (G1 Evacuation Pause) 76M->35M(89M) 3.201ms"
    ],
    [
        1771530900046,
        "[2026-02-19T19:55:00.046+0000][1341.183s][info][gc,start    ] GC(222) Pause Young (Normal) (G1 Evacuation Pause)"
    ],
    [
        1771530900051,
        "[2026-02-19T19:55:00.051+0000][1341.188s][info][gc          ] GC(222) Pause Young (Normal) (G1 Evacuation Pause) 76M->34M(89M) 5.504ms"
    ],
    [
        1771530900593,
        "[2026-02-19T19:55:00.592+0000][1380.111s][info][gc,start    ] GC(222) Pause Young (Normal) (G1 Evacuation Pause)"
    ],
    [
        1771530900596,
        "[2026-02-19T19:55:00.596+0000][1380.116s][info][gc          ] GC(222) Pause Young (Normal) (G1 Evacuation Pause) 76M->35M(89M) 4.332ms"
    ],
    [
        1771530901790,
        "[2026-02-19T19:55:01.790+0000][1342.927s][info][gc,start    ] GC(223) Pause Young (Normal) (G1 Evacuation Pause)"
    ],
    [
        1771530901796,
        "[2026-02-19T19:55:01.796+0000][1342.933s][info][gc          ] GC(223) Pause Young (Normal) (G1 Evacuation Pause) 76M->34M(89M) 6.345ms"
    ],
    [
        1771530902266,
        "[2026-02-19T19:55:02.266+0000][1381.785s][info][gc,start    ] GC(223) Pause Young (Normal) (G1 Evacuation Pause)"
    ],
    [
        1771530902293,
        "[2026-02-19T19:55:02.293+0000][1381.812s][info][gc          ] GC(223) Pause Young (Normal) (G1 Evacuation Pause) 76M->36M(89M) 27.351ms"
    ],
    [
        1771530903431,
        "[2026-02-19T19:55:03.431+0000][1344.568s][info][gc,start    ] GC(224) Pause Young (Normal) (G1 Evacuation Pause)"
    ],
    [
        1771530903433,
        "[2026-02-19T19:55:03.433+0000][1344.570s][info][gc          ] GC(224) Pause Young (Normal) (G1 Evacuation Pause) 76M->34M(89M) 2.324ms"
    ],
    [
        1771530903667,
        "[2026-02-19T19:55:03.667+0000][1383.187s][info][gc,start    ] GC(224) Pause Young (Normal) (G1 Evacuation Pause)"
    ],
    [
        1771530903673,
        "[2026-02-19T19:55:03.673+0000][1383.192s][info][gc          ] GC(224) Pause Young (Normal) (G1 Evacuation Pause) 75M->35M(89M) 5.790ms"
    ],
    [
        1771530904857,
        "[2026-02-19T19:55:04.856+0000][1345.993s][info][gc,start    ] GC(225) Pause Young (Normal) (G1 Evacuation Pause)"
    ],
    [
        1771530904859,
        "[2026-02-19T19:55:04.859+0000][1345.996s][info][gc          ] GC(225) Pause Young (Normal) (G1 Evacuation Pause) 76M->34M(89M) 2.434ms"
    ],
    [
        1771530905398,
        "[2026-02-19T19:55:05.398+0000][1384.917s][info][gc,start    ] GC(225) Pause Young (Normal) (G1 Evacuation Pause)"
    ],
    [
        1771530905402,
        "[2026-02-19T19:55:05.402+0000][1384.921s][info][gc          ] GC(225) Pause Young (Normal) (G1 Evacuation Pause) 75M->35M(89M) 3.753ms"
    ],
    [
        1771530906409,
        "[2026-02-19T19:55:06.409+0000][1347.546s][info][gc,start    ] GC(226) Pause Young (Normal) (G1 Evacuation Pause)"
    ],
    [
        1771530906411,
        "[2026-02-19T19:55:06.411+0000][1347.548s][info][gc          ] GC(226) Pause Young (Normal) (G1 Evacuation Pause) 76M->34M(89M) 1.586ms"
    ],
    [
        1771530907161,
        "[2026-02-19T19:55:07.161+0000][1386.680s][info][gc,start    ] GC(226) Pause Young (Normal) (G1 Evacuation Pause)"
    ],
    [
        1771530907164,
        "[2026-02-19T19:55:07.164+0000][1386.684s][info][gc          ] GC(226) Pause Young (Normal) (G1 Evacuation Pause) 75M->35M(89M) 3.518ms"
    ],
    [
        1771530908051,
        "[2026-02-19T19:55:08.051+0000][1349.188s][info][gc,start    ] GC(227) Pause Young (Normal) (G1 Evacuation Pause)"
    ],
    [
        1771530908054,
        "[2026-02-19T19:55:08.053+0000][1349.191s][info][gc          ] GC(227) Pause Young (Normal) (G1 Evacuation Pause) 76M->34M(89M) 2.932ms"
    ],
    [
        1771530908834,
        "[2026-02-19T19:55:08.834+0000][1388.353s][info][gc,start    ] GC(227) Pause Young (Normal) (G1 Evacuation Pause)"
    ],
    [
        1771530908836,
        "[2026-02-19T19:55:08.836+0000][1388.356s][info][gc          ] GC(227) Pause Young (Normal) (G1 Evacuation Pause) 75M->35M(89M) 2.719ms"
    ],
    [
        1771530909697,
        "[2026-02-19T19:55:09.697+0000][1350.834s][info][gc,start    ] GC(228) Pause Young (Normal) (G1 Evacuation Pause)"
    ],
    [
        1771530909699,
        "[2026-02-19T19:55:09.699+0000][1350.836s][info][gc          ] GC(228) Pause Young (Normal) (G1 Evacuation Pause) 76M->34M(89M) 2.338ms"
    ],
    [
        1771530910248,
        "[2026-02-19T19:55:10.248+0000][1389.767s][info][gc,start    ] GC(228) Pause Young (Normal) (G1 Evacuation Pause)"
    ],
    [
        1771530910251,
        "[2026-02-19T19:55:10.251+0000][1389.771s][info][gc          ] GC(228) Pause Young (Normal) (G1 Evacuation Pause) 75M->35M(89M) 3.482ms"
    ],
    [
        1771530911271,
        "[2026-02-19T19:55:11.271+0000][1352.408s][info][gc,start    ] GC(229) Pause Young (Normal) (G1 Evacuation Pause)"
    ],
    [
        1771530911274,
        "[2026-02-19T19:55:11.274+0000][1352.411s][info][gc          ] GC(229) Pause Young (Normal) (G1 Evacuation Pause) 76M->34M(89M) 2.509ms"
    ],
    [
        1771530911996,
        "[2026-02-19T19:55:11.996+0000][1391.516s][info][gc,start    ] GC(229) Pause Young (Normal) (G1 Evacuation Pause)"
    ],
    [
        1771530912000,
        "[2026-02-19T19:55:12.000+0000][1391.519s][info][gc          ] GC(229) Pause Young (Normal) (G1 Evacuation Pause) 76M->35M(89M) 3.481ms"
    ],
    [
        1771530912912,
        "[2026-02-19T19:55:12.912+0000][1354.049s][info][gc,start    ] GC(230) Pause Young (Normal) (G1 Evacuation Pause)"
    ],
    [
        1771530912914,
        "[2026-02-19T19:55:12.914+0000][1354.051s][info][gc          ] GC(230) Pause Young (Normal) (G1 Evacuation Pause) 76M->34M(89M) 1.873ms"
    ],
    [
        1771530913691,
        "[2026-02-19T19:55:13.691+0000][1393.211s][info][gc,start    ] GC(230) Pause Young (Normal) (G1 Evacuation Pause)"
    ],
    [
        1771530913695,
        "[2026-02-19T19:55:13.695+0000][1393.214s][info][gc          ] GC(230) Pause Young (Normal) (G1 Evacuation Pause) 76M->35M(89M) 3.500ms"
    ],
    [
        1771530914701,
        "[2026-02-19T19:55:14.701+0000][1355.838s][info][gc,start    ] GC(231) Pause Young (Normal) (G1 Evacuation Pause)"
    ],
    [
        1771530914704,
        "[2026-02-19T19:55:14.704+0000][1355.841s][info][gc          ] GC(231) Pause Young (Normal) (G1 Evacuation Pause) 76M->36M(89M) 3.640ms"
    ],
    [
        1771530915453,
        "[2026-02-19T19:55:15.453+0000][1394.973s][info][gc,start    ] GC(231) Pause Young (Normal) (G1 Evacuation Pause)"
    ],
    [
        1771530915456,
        "[2026-02-19T19:55:15.456+0000][1394.976s][info][gc          ] GC(231) Pause Young (Normal) (G1 Evacuation Pause) 76M->35M(89M) 3.103ms"
    ],
    [
        1771530916325,
        "[2026-02-19T19:55:16.325+0000][1357.462s][info][gc,start    ] GC(232) Pause Young (Normal) (G1 Evacuation Pause)"
    ],
    [
        1771530916328,
        "[2026-02-19T19:55:16.328+0000][1357.465s][info][gc          ] GC(232) Pause Young (Normal) (G1 Evacuation Pause) 74M->35M(89M) 2.564ms"
    ],
    [
        1771530917079,
        "[2026-02-19T19:55:17.079+0000][1396.599s][info][gc,start    ] GC(232) Pause Young (Normal) (G1 Evacuation Pause)"
    ],
    [
        1771530917082,
        "[2026-02-19T19:55:17.082+0000][1396.601s][info][gc          ] GC(232) Pause Young (Normal) (G1 Evacuation Pause) 76M->35M(89M) 2.601ms"
    ],
    [
        1771530918061,
        "[2026-02-19T19:55:18.061+0000][1359.198s][info][gc,start    ] GC(233) Pause Young (Normal) (G1 Evacuation Pause)"
    ],
    [
        1771530918064,
        "[2026-02-19T19:55:18.064+0000][1359.201s][info][gc          ] GC(233) Pause Young (Normal) (G1 Evacuation Pause) 74M->36M(89M) 2.602ms"
    ],
    [
        1771530918819,
        "[2026-02-19T19:55:18.819+0000][1398.338s][info][gc,start    ] GC(233) Pause Young (Normal) (G1 Evacuation Pause)"
    ],
    [
        1771530918822,
        "[2026-02-19T19:55:18.822+0000][1398.341s][info][gc          ] GC(233) Pause Young (Normal) (G1 Evacuation Pause) 76M->35M(89M) 3.212ms"
    ],
    [
        1771530919626,
        "[2026-02-19T19:55:19.626+0000][1360.763s][info][gc,start    ] GC(234) Pause Young (Normal) (G1 Evacuation Pause)"
    ],
    [
        1771530919630,
        "[2026-02-19T19:55:19.630+0000][1360.767s][info][gc          ] GC(234) Pause Young (Normal) (G1 Evacuation Pause) 76M->36M(89M) 3.592ms"
    ],
    [
        1771530920375,
        "[2026-02-19T19:55:20.375+0000][1399.895s][info][gc,start    ] GC(234) Pause Young (Normal) (G1 Evacuation Pause)"
    ],
    [
        1771530920378,
        "[2026-02-19T19:55:20.378+0000][1399.897s][info][gc          ] GC(234) Pause Young (Normal) (G1 Evacuation Pause) 76M->35M(89M) 2.290ms"
    ],
    [
        1771530921251,
        "[2026-02-19T19:55:21.251+0000][1362.388s][info][gc,start    ] GC(235) Pause Young (Normal) (G1 Evacuation Pause)"
    ],
    [
        1771530921253,
        "[2026-02-19T19:55:21.253+0000][1362.390s][info][gc          ] GC(235) Pause Young (Normal) (G1 Evacuation Pause) 76M->36M(89M) 2.683ms"
    ],
    [
        1771530922050,
        "[2026-02-19T19:55:22.050+0000][1401.569s][info][gc,start    ] GC(235) Pause Young (Normal) (G1 Evacuation Pause)"
    ],
    [
        1771530922053,
        "[2026-02-19T19:55:22.053+0000][1401.572s][info][gc          ] GC(235) Pause Young (Normal) (G1 Evacuation Pause) 76M->35M(89M) 2.732ms"
    ],
    [
        1771530922841,
        "[2026-02-19T19:55:22.841+0000][1363.978s][info][gc,start    ] GC(236) Pause Young (Normal) (G1 Evacuation Pause)"
    ],
    [
        1771530922844,
        "[2026-02-19T19:55:22.844+0000][1363.982s][info][gc          ] GC(236) Pause Young (Normal) (G1 Evacuation Pause) 76M->36M(89M) 3.501ms"
    ],
    [
        1771530923726,
        "[2026-02-19T19:55:23.726+0000][1403.245s][info][gc,start    ] GC(236) Pause Young (Normal) (G1 Evacuation Pause)"
    ],
    [
        1771530923728,
        "[2026-02-19T19:55:23.728+0000][1403.248s][info][gc          ] GC(236) Pause Young (Normal) (G1 Evacuation Pause) 76M->35M(89M) 2.645ms"
    ],
    [
        1771530924547,
        "[2026-02-19T19:55:24.547+0000][1365.684s][info][gc,start    ] GC(237) Pause Young (Normal) (G1 Evacuation Pause)"
    ],
    [
        1771530924549,
        "[2026-02-19T19:55:24.549+0000][1365.686s][info][gc          ] GC(237) Pause Young (Normal) (G1 Evacuation Pause) 76M->36M(89M) 2.067ms"
    ],
    [
        1771530925391,
        "[2026-02-19T19:55:25.390+0000][1404.910s][info][gc,start    ] GC(237) Pause Young (Normal) (G1 Evacuation Pause)"
    ],
    [
        1771530925393,
        "[2026-02-19T19:55:25.393+0000][1404.912s][info][gc          ] GC(237) Pause Young (Normal) (G1 Evacuation Pause) 76M->35M(89M) 2.730ms"
    ],
    [
        1771530926012,
        "[2026-02-19T19:55:26.012+0000][1367.149s][info][gc,start    ] GC(238) Pause Young (Normal) (G1 Evacuation Pause)"
    ],
    [
        1771530926016,
        "[2026-02-19T19:55:26.016+0000][1367.153s][info][gc          ] GC(238) Pause Young (Normal) (G1 Evacuation Pause) 76M->36M(89M) 3.913ms"
    ],
    [
        1771530926970,
        "[2026-02-19T19:55:26.970+0000][1406.489s][info][gc,start    ] GC(238) Pause Young (Normal) (G1 Evacuation Pause)"
    ],
    [
        1771530926973,
        "[2026-02-19T19:55:26.973+0000][1406.493s][info][gc          ] GC(238) Pause Young (Normal) (G1 Evacuation Pause) 76M->35M(89M) 3.424ms"
    ],
    [
        1771530927682,
        "[2026-02-19T19:55:27.682+0000][1368.819s][info][gc,start    ] GC(239) Pause Young (Normal) (G1 Evacuation Pause)"
    ],
    [
        1771530927685,
        "[2026-02-19T19:55:27.685+0000][1368.822s][info][gc          ] GC(239) Pause Young (Normal) (G1 Evacuation Pause) 76M->36M(89M) 2.996ms"
    ],
    [
        1771530928868,
        "[2026-02-19T19:55:28.868+0000][1408.388s][info][gc,start    ] GC(239) Pause Young (Normal) (G1 Evacuation Pause)"
    ],
    [
        1771530928872,
        "[2026-02-19T19:55:28.872+0000][1408.391s][info][gc          ] GC(239) Pause Young (Normal) (G1 Evacuation Pause) 76M->35M(89M) 3.699ms"
    ],
    [
        1771530929297,
        "[2026-02-19T19:55:29.297+0000][1370.434s][info][gc,start    ] GC(240) Pause Young (Normal) (G1 Evacuation Pause)"
    ],
    [
        1771530929300,
        "[2026-02-19T19:55:29.300+0000][1370.437s][info][gc          ] GC(240) Pause Young (Normal) (G1 Evacuation Pause) 76M->36M(89M) 2.374ms"
    ],
    [
        1771530930381,
        "[2026-02-19T19:55:30.381+0000][1409.901s][info][gc,start    ] GC(240) Pause Young (Normal) (G1 Evacuation Pause)"
    ],
    [
        1771530930384,
        "[2026-02-19T19:55:30.384+0000][1409.904s][info][gc          ] GC(240) Pause Young (Normal) (G1 Evacuation Pause) 76M->35M(89M) 3.104ms"
    ],
    [
        1771530930903,
        "[2026-02-19T19:55:30.903+0000][1372.040s][info][gc,start    ] GC(241) Pause Young (Normal) (G1 Evacuation Pause)"
    ],
    [
        1771530930905,
        "[2026-02-19T19:55:30.905+0000][1372.042s][info][gc          ] GC(241) Pause Young (Normal) (G1 Evacuation Pause) 76M->36M(89M) 1.955ms"
    ],
    [
        1771530931895,
        "[2026-02-19T19:55:31.895+0000][1411.414s][info][gc,start    ] GC(241) Pause Young (Normal) (G1 Evacuation Pause)"
    ],
    [
        1771530931898,
        "[2026-02-19T19:55:31.898+0000][1411.417s][info][gc          ] GC(241) Pause Young (Normal) (G1 Evacuation Pause) 76M->35M(89M) 3.253ms"
    ],
    [
        1771530932807,
        "[2026-02-19T19:55:32.807+0000][1373.944s][info][gc,start    ] GC(242) Pause Young (Normal) (G1 Evacuation Pause)"
    ],
    [
        1771530932810,
        "[2026-02-19T19:55:32.810+0000][1373.947s][info][gc          ] GC(242) Pause Young (Normal) (G1 Evacuation Pause) 76M->36M(89M) 3.533ms"
    ],
    [
        1771530933436,
        "[2026-02-19T19:55:33.436+0000][1412.955s][info][gc,start    ] GC(242) Pause Young (Normal) (G1 Evacuation Pause)"
    ],
    [
        1771530933439,
        "[2026-02-19T19:55:33.439+0000][1412.958s][info][gc          ] GC(242) Pause Young (Normal) (G1 Evacuation Pause) 76M->35M(89M) 2.833ms"
    ],
    [
        1771530934287,
        "[2026-02-19T19:55:34.287+0000][1375.424s][info][gc,start    ] GC(243) Pause Young (Normal) (G1 Evacuation Pause)"
    ],
    [
        1771530934290,
        "[2026-02-19T19:55:34.290+0000][1375.427s][info][gc          ] GC(243) Pause Young (Normal) (G1 Evacuation Pause) 76M->36M(89M) 2.674ms"
    ],
    [
        1771530934906,
        "[2026-02-19T19:55:34.906+0000][1414.425s][info][gc,start    ] GC(243) Pause Young (Normal) (G1 Evacuation Pause)"
    ],
    [
        1771530934908,
        "[2026-02-19T19:55:34.908+0000][1414.428s][info][gc          ] GC(243) Pause Young (Normal) (G1 Evacuation Pause) 76M->35M(89M) 2.734ms"
    ],
    [
        1771530935981,
        "[2026-02-19T19:55:35.981+0000][1377.118s][info][gc,start    ] GC(244) Pause Young (Normal) (G1 Evacuation Pause)"
    ],
    [
        1771530935984,
        "[2026-02-19T19:55:35.984+0000][1377.121s][info][gc          ] GC(244) Pause Young (Normal) (G1 Evacuation Pause) 76M->36M(89M) 2.835ms"
    ],
    [
        1771530936404,
        "[2026-02-19T19:55:36.404+0000][1415.923s][info][gc,start    ] GC(244) Pause Young (Normal) (G1 Evacuation Pause)"
    ],
    [
        1771530936406,
        "[2026-02-19T19:55:36.405+0000][1415.925s][info][gc          ] GC(244) Pause Young (Normal) (G1 Evacuation Pause) 76M->35M(89M) 1.819ms"
    ],
    [
        1771530937594,
        "[2026-02-19T19:55:37.593+0000][1378.730s][info][gc,start    ] GC(245) Pause Young (Normal) (G1 Evacuation Pause)"
    ],
    [
        1771530937596,
        "[2026-02-19T19:55:37.596+0000][1378.733s][info][gc          ] GC(245) Pause Young (Normal) (G1 Evacuation Pause) 76M->36M(89M) 2.747ms"
    ],
    [
        1771530938332,
        "[2026-02-19T19:55:38.332+0000][1417.851s][info][gc,start    ] GC(245) Pause Young (Normal) (G1 Evacuation Pause)"
    ],
    [
        1771530938335,
        "[2026-02-19T19:55:38.335+0000][1417.854s][info][gc          ] GC(245) Pause Young (Normal) (G1 Evacuation Pause) 76M->35M(89M) 2.999ms"
    ],
    [
        1771530939225,
        "[2026-02-19T19:55:39.225+0000][1380.362s][info][gc,start    ] GC(246) Pause Young (Normal) (G1 Evacuation Pause)"
    ],
    [
        1771530939229,
        "[2026-02-19T19:55:39.229+0000][1380.366s][info][gc          ] GC(246) Pause Young (Normal) (G1 Evacuation Pause) 76M->36M(89M) 3.513ms"
    ],
    [
        1771530939988,
        "[2026-02-19T19:55:39.988+0000][1419.507s][info][gc,start    ] GC(246) Pause Young (Normal) (G1 Evacuation Pause)"
    ],
    [
        1771530939991,
        "[2026-02-19T19:55:39.991+0000][1419.510s][info][gc          ] GC(246) Pause Young (Normal) (G1 Evacuation Pause) 76M->35M(89M) 2.850ms"
    ],
    [
        1771530940865,
        "[2026-02-19T19:55:40.865+0000][1382.002s][info][gc,start    ] GC(247) Pause Young (Normal) (G1 Evacuation Pause)"
    ],
    [
        1771530940868,
        "[2026-02-19T19:55:40.868+0000][1382.005s][info][gc          ] GC(247) Pause Young (Normal) (G1 Evacuation Pause) 77M->35M(89M) 2.858ms"
    ],
    [
        1771530941651,
        "[2026-02-19T19:55:41.651+0000][1421.170s][info][gc,start    ] GC(247) Pause Young (Normal) (G1 Evacuation Pause)"
    ],
    [
        1771530941652,
        "[2026-02-19T19:55:41.652+0000][1421.172s][info][gc          ] GC(247) Pause Young (Normal) (G1 Evacuation Pause) 76M->35M(89M) 1.706ms"
    ],
    [
        1771530942320,
        "[2026-02-19T19:55:42.320+0000][1383.457s][info][gc,start    ] GC(248) Pause Young (Normal) (G1 Evacuation Pause)"
    ],
    [
        1771530942323,
        "[2026-02-19T19:55:42.323+0000][1383.460s][info][gc          ] GC(248) Pause Young (Normal) (G1 Evacuation Pause) 76M->35M(89M) 2.804ms"
    ],
    [
        1771530943321,
        "[2026-02-19T19:55:43.321+0000][1422.840s][info][gc,start    ] GC(248) Pause Young (Normal) (G1 Evacuation Pause)"
    ],
    [
        1771530943324,
        "[2026-02-19T19:55:43.324+0000][1422.843s][info][gc          ] GC(248) Pause Young (Normal) (G1 Evacuation Pause) 76M->35M(89M) 2.665ms"
    ],
    [
        1771530944183,
        "[2026-02-19T19:55:44.183+0000][1385.320s][info][gc,start    ] GC(249) Pause Young (Normal) (G1 Evacuation Pause)"
    ],
    [
        1771530944185,
        "[2026-02-19T19:55:44.185+0000][1385.322s][info][gc          ] GC(249) Pause Young (Normal) (G1 Evacuation Pause) 76M->35M(89M) 2.777ms"
    ],
    [
        1771530945037,
        "[2026-02-19T19:55:45.037+0000][1424.556s][info][gc,start    ] GC(249) Pause Young (Normal) (G1 Evacuation Pause)"
    ],
    [
        1771530945040,
        "[2026-02-19T19:55:45.040+0000][1424.559s][info][gc          ] GC(249) Pause Young (Normal) (G1 Evacuation Pause) 76M->35M(89M) 3.310ms"
    ],
    [
        1771530946116,
        "[2026-02-19T19:55:46.115+0000][1387.252s][info][gc,start    ] GC(250) Pause Young (Normal) (G1 Evacuation Pause)"
    ],
    [
        1771530946117,
        "[2026-02-19T19:55:46.117+0000][1387.254s][info][gc          ] GC(250) Pause Young (Normal) (G1 Evacuation Pause) 76M->35M(89M) 1.645ms"
    ],
    [
        1771530946588,
        "[2026-02-19T19:55:46.588+0000][1426.107s][info][gc,start    ] GC(250) Pause Young (Normal) (G1 Evacuation Pause)"
    ],
    [
        1771530946591,
        "[2026-02-19T19:55:46.591+0000][1426.111s][info][gc          ] GC(250) Pause Young (Normal) (G1 Evacuation Pause) 76M->35M(89M) 3.490ms"
    ],
    [
        1771530947624,
        "[2026-02-19T19:55:47.624+0000][1388.761s][info][gc,start    ] GC(251) Pause Young (Normal) (G1 Evacuation Pause)"
    ],
    [
        1771530947626,
        "[2026-02-19T19:55:47.626+0000][1388.763s][info][gc          ] GC(251) Pause Young (Normal) (G1 Evacuation Pause) 76M->35M(89M) 2.003ms"
    ],
    [
        1771530948410,
        "[2026-02-19T19:55:48.409+0000][1427.929s][info][gc,start    ] GC(251) Pause Young (Normal) (G1 Evacuation Pause)"
    ],
    [
        1771530948412,
        "[2026-02-19T19:55:48.412+0000][1427.932s][info][gc          ] GC(251) Pause Young (Normal) (G1 Evacuation Pause) 76M->35M(89M) 2.841ms"
    ],
    [
        1771530949210,
        "[2026-02-19T19:55:49.210+0000][1390.347s][info][gc,start    ] GC(252) Pause Young (Normal) (G1 Evacuation Pause)"
    ],
    [
        1771530949213,
        "[2026-02-19T19:55:49.213+0000][1390.350s][info][gc          ] GC(252) Pause Young (Normal) (G1 Evacuation Pause) 76M->35M(89M) 2.836ms"
    ],
    [
        1771530949904,
        "[2026-02-19T19:55:49.903+0000][1429.423s][info][gc,start    ] GC(252) Pause Young (Normal) (G1 Evacuation Pause)"
    ],
    [
        1771530949905,
        "[2026-02-19T19:55:49.905+0000][1429.425s][info][gc          ] GC(252) Pause Young (Normal) (G1 Evacuation Pause) 76M->35M(89M) 1.708ms"
    ],
    [
        1771530951135,
        "[2026-02-19T19:55:51.134+0000][1392.271s][info][gc,start    ] GC(253) Pause Young (Normal) (G1 Evacuation Pause)"
    ],
    [
        1771530951137,
        "[2026-02-19T19:55:51.137+0000][1392.274s][info][gc          ] GC(253) Pause Young (Normal) (G1 Evacuation Pause) 76M->35M(89M) 2.592ms"
    ],
    [
        1771530951740,
        "[2026-02-19T19:55:51.739+0000][1431.259s][info][gc,start    ] GC(253) Pause Young (Normal) (G1 Evacuation Pause)"
    ],
    [
        1771530951743,
        "[2026-02-19T19:55:51.743+0000][1431.262s][info][gc          ] GC(253) Pause Young (Normal) (G1 Evacuation Pause) 76M->35M(89M) 3.105ms"
    ],
    [
        1771530952831,
        "[2026-02-19T19:55:52.831+0000][1393.968s][info][gc,start    ] GC(254) Pause Young (Normal) (G1 Evacuation Pause)"
    ],
    [
        1771530952833,
        "[2026-02-19T19:55:52.833+0000][1393.970s][info][gc          ] GC(254) Pause Young (Normal) (G1 Evacuation Pause) 76M->35M(89M) 2.666ms"
    ],
    [
        1771530953427,
        "[2026-02-19T19:55:53.426+0000][1432.946s][info][gc,start    ] GC(254) Pause Young (Normal) (G1 Evacuation Pause)"
    ],
    [
        1771530953429,
        "[2026-02-19T19:55:53.429+0000][1432.949s][info][gc          ] GC(254) Pause Young (Normal) (G1 Evacuation Pause) 76M->35M(89M) 2.659ms"
    ],
    [
        1771530954014,
        "[2026-02-19T19:55:54.014+0000][1395.151s][info][gc,start    ] GC(255) Pause Young (Normal) (G1 Evacuation Pause)"
    ],
    [
        1771530954017,
        "[2026-02-19T19:55:54.017+0000][1395.154s][info][gc          ] GC(255) Pause Young (Normal) (G1 Evacuation Pause) 76M->35M(89M) 2.776ms"
    ],
    [
        1771530955096,
        "[2026-02-19T19:55:55.096+0000][1434.616s][info][gc,start    ] GC(255) Pause Young (Normal) (G1 Evacuation Pause)"
    ],
    [
        1771530955099,
        "[2026-02-19T19:55:55.099+0000][1434.619s][info][gc          ] GC(255) Pause Young (Normal) (G1 Evacuation Pause) 76M->35M(89M) 2.983ms"
    ],
    [
        1771530955636,
        "[2026-02-19T19:55:55.636+0000][1396.773s][info][gc,start    ] GC(256) Pause Young (Normal) (G1 Evacuation Pause)"
    ],
    [
        1771530955639,
        "[2026-02-19T19:55:55.639+0000][1396.776s][info][gc          ] GC(256) Pause Young (Normal) (G1 Evacuation Pause) 76M->35M(89M) 3.158ms"
    ],
    [
        1771530956718,
        "[2026-02-19T19:55:56.718+0000][1436.237s][info][gc,start    ] GC(256) Pause Young (Normal) (G1 Evacuation Pause)"
    ],
    [
        1771530956721,
        "[2026-02-19T19:55:56.721+0000][1436.241s][info][gc          ] GC(256) Pause Young (Normal) (G1 Evacuation Pause) 76M->35M(89M) 3.369ms"
    ],
    [
        1771530957101,
        "[2026-02-19T19:55:57.101+0000][1398.238s][info][gc,start    ] GC(257) Pause Young (Normal) (G1 Evacuation Pause)"
    ],
    [
        1771530957104,
        "[2026-02-19T19:55:57.104+0000][1398.241s][info][gc          ] GC(257) Pause Young (Normal) (G1 Evacuation Pause) 76M->35M(89M) 2.969ms"
    ],
    [
        1771530958312,
        "[2026-02-19T19:55:58.312+0000][1437.831s][info][gc,start    ] GC(257) Pause Young (Normal) (G1 Evacuation Pause)"
    ],
    [
        1771530958315,
        "[2026-02-19T19:55:58.315+0000][1437.835s][info][gc          ] GC(257) Pause Young (Normal) (G1 Evacuation Pause) 76M->35M(89M) 3.530ms"
    ],
    [
        1771530958681,
        "[2026-02-19T19:55:58.681+0000][1399.818s][info][gc,start    ] GC(258) Pause Young (Normal) (G1 Evacuation Pause)"
    ],
    [
        1771530958683,
        "[2026-02-19T19:55:58.683+0000][1399.820s][info][gc          ] GC(258) Pause Young (Normal) (G1 Evacuation Pause) 76M->35M(89M) 1.954ms"
    ],
    [
        1771530959767,
        "[2026-02-19T19:55:59.767+0000][1439.286s][info][gc,start    ] GC(258) Pause Young (Normal) (G1 Evacuation Pause)"
    ],
    [
        1771530959770,
        "[2026-02-19T19:55:59.770+0000][1439.290s][info][gc          ] GC(258) Pause Young (Normal) (G1 Evacuation Pause) 76M->35M(89M) 3.534ms"
    ],
    [
        1771530960407,
        "[2026-02-19T19:56:00.407+0000][1401.544s][info][gc,start    ] GC(259) Pause Young (Normal) (G1 Evacuation Pause)"
    ],
    [
        1771530960409,
        "[2026-02-19T19:56:00.409+0000][1401.546s][info][gc          ] GC(259) Pause Young (Normal) (G1 Evacuation Pause) 76M->36M(89M) 2.328ms"
    ],
    [
        1771530961358,
        "[2026-02-19T19:56:01.357+0000][1440.877s][info][gc,start    ] GC(259) Pause Young (Normal) (G1 Evacuation Pause)"
    ],
    [
        1771530961366,
        "[2026-02-19T19:56:01.366+0000][1440.885s][info][gc          ] GC(259) Pause Young (Normal) (G1 Evacuation Pause) 76M->35M(89M) 8.480ms"
    ],
    [
        1771530961894,
        "[2026-02-19T19:56:01.894+0000][1403.031s][info][gc,start    ] GC(260) Pause Young (Normal) (G1 Evacuation Pause)"
    ],
    [
        1771530961907,
        "[2026-02-19T19:56:01.907+0000][1403.044s][info][gc          ] GC(260) Pause Young (Normal) (G1 Evacuation Pause) 77M->36M(89M) 13.245ms"
    ],
    [
        1771530962994,
        "[2026-02-19T19:56:02.994+0000][1442.514s][info][gc,start    ] GC(260) Pause Young (Normal) (G1 Evacuation Pause)"
    ],
    [
        1771530963005,
        "[2026-02-19T19:56:03.005+0000][1442.525s][info][gc          ] GC(260) Pause Young (Normal) (G1 Evacuation Pause) 76M->35M(89M) 10.961ms"
    ],
    [
        1771530963629,
        "[2026-02-19T19:56:03.629+0000][1404.766s][info][gc,start    ] GC(261) Pause Young (Normal) (G1 Evacuation Pause)"
    ],
    [
        1771530963632,
        "[2026-02-19T19:56:03.632+0000][1404.769s][info][gc          ] GC(261) Pause Young (Normal) (G1 Evacuation Pause) 77M->35M(89M) 3.128ms"
    ],
    [
        1771530964568,
        "[2026-02-19T19:56:04.568+0000][1444.087s][info][gc,start    ] GC(261) Pause Young (Normal) (G1 Evacuation Pause)"
    ],
    [
        1771530964572,
        "[2026-02-19T19:56:04.572+0000][1444.091s][info][gc          ] GC(261) Pause Young (Normal) (G1 Evacuation Pause) 76M->35M(89M) 3.830ms"
    ],
    [
        1771530965120,
        "[2026-02-19T19:56:05.120+0000][1406.257s][info][gc,start    ] GC(262) Pause Young (Normal) (G1 Evacuation Pause)"
    ],
    [
        1771530965123,
        "[2026-02-19T19:56:05.123+0000][1406.260s][info][gc          ] GC(262) Pause Young (Normal) (G1 Evacuation Pause) 76M->36M(89M) 2.840ms"
    ],
    [
        1771530966204,
        "[2026-02-19T19:56:06.203+0000][1445.723s][info][gc,start    ] GC(262) Pause Young (Normal) (G1 Evacuation Pause)"
    ],
    [
        1771530966206,
        "[2026-02-19T19:56:06.206+0000][1445.726s][info][gc          ] GC(262) Pause Young (Normal) (G1 Evacuation Pause) 76M->35M(89M) 2.871ms"
    ],
    [
        1771530966619,
        "[2026-02-19T19:56:06.619+0000][1407.756s][info][gc,start    ] GC(263) Pause Young (Normal) (G1 Evacuation Pause)"
    ],
    [
        1771530966621,
        "[2026-02-19T19:56:06.621+0000][1407.758s][info][gc          ] GC(263) Pause Young (Normal) (G1 Evacuation Pause) 77M->35M(89M) 1.797ms"
    ],
    [
        1771530967835,
        "[2026-02-19T19:56:07.835+0000][1447.354s][info][gc,start    ] GC(263) Pause Young (Normal) (G1 Evacuation Pause)"
    ],
    [
        1771530967837,
        "[2026-02-19T19:56:07.837+0000][1447.357s][info][gc          ] GC(263) Pause Young (Normal) (G1 Evacuation Pause) 76M->35M(89M) 2.061ms"
    ],
    [
        1771530967975,
        "[2026-02-19T19:56:07.975+0000][1409.112s][info][gc,start    ] GC(264) Pause Young (Normal) (G1 Evacuation Pause)"
    ],
    [
        1771530967978,
        "[2026-02-19T19:56:07.978+0000][1409.115s][info][gc          ] GC(264) Pause Young (Normal) (G1 Evacuation Pause) 76M->35M(89M) 2.613ms"
    ],
    [
        1771530969167,
        "[2026-02-19T19:56:09.166+0000][1448.686s][info][gc,start    ] GC(264) Pause Young (Normal) (G1 Evacuation Pause)"
    ],
    [
        1771530969169,
        "[2026-02-19T19:56:09.169+0000][1448.689s][info][gc          ] GC(264) Pause Young (Normal) (G1 Evacuation Pause) 76M->35M(89M) 2.952ms"
    ],
    [
        1771530969660,
        "[2026-02-19T19:56:09.660+0000][1410.797s][info][gc,start    ] GC(265) Pause Young (Normal) (G1 Evacuation Pause)"
    ],
    [
        1771530969662,
        "[2026-02-19T19:56:09.662+0000][1410.799s][info][gc          ] GC(265) Pause Young (Normal) (G1 Evacuation Pause) 76M->35M(89M) 1.957ms"
    ],
    [
        1771530970792,
        "[2026-02-19T19:56:10.792+0000][1450.311s][info][gc,start    ] GC(265) Pause Young (Normal) (G1 Evacuation Pause)"
    ],
    [
        1771530970795,
        "[2026-02-19T19:56:10.795+0000][1450.315s][info][gc          ] GC(265) Pause Young (Normal) (G1 Evacuation Pause) 76M->35M(89M) 3.619ms"
    ],
    [
        1771530971110,
        "[2026-02-19T19:56:11.110+0000][1412.247s][info][gc,start    ] GC(266) Pause Young (Normal) (G1 Evacuation Pause)"
    ],
    [
        1771530971113,
        "[2026-02-19T19:56:11.113+0000][1412.250s][info][gc          ] GC(266) Pause Young (Normal) (G1 Evacuation Pause) 76M->35M(89M) 2.670ms"
    ],
    [
        1771530972535,
        "[2026-02-19T19:56:12.535+0000][1452.055s][info][gc,start    ] GC(266) Pause Young (Normal) (G1 Evacuation Pause)"
    ],
    [
        1771530972539,
        "[2026-02-19T19:56:12.539+0000][1452.058s][info][gc          ] GC(266) Pause Young (Normal) (G1 Evacuation Pause) 76M->35M(89M) 3.372ms"
    ],
    [
        1771530972545,
        "[2026-02-19T19:56:12.545+0000][1413.682s][info][gc,start    ] GC(267) Pause Young (Normal) (G1 Evacuation Pause)"
    ],
    [
        1771530972549,
        "[2026-02-19T19:56:12.549+0000][1413.686s][info][gc          ] GC(267) Pause Young (Normal) (G1 Evacuation Pause) 76M->35M(89M) 3.488ms"
    ],
    [
        1771530974036,
        "[2026-02-19T19:56:14.036+0000][1415.173s][info][gc,start    ] GC(268) Pause Young (Normal) (G1 Evacuation Pause)"
    ],
    [
        1771530974039,
        "[2026-02-19T19:56:14.039+0000][1415.176s][info][gc          ] GC(268) Pause Young (Normal) (G1 Evacuation Pause) 76M->35M(89M) 2.946ms"
    ],
    [
        1771530974303,
        "[2026-02-19T19:56:14.303+0000][1453.822s][info][gc,start    ] GC(267) Pause Young (Normal) (G1 Evacuation Pause)"
    ],
    [
        1771530974306,
        "[2026-02-19T19:56:14.306+0000][1453.826s][info][gc          ] GC(267) Pause Young (Normal) (G1 Evacuation Pause) 76M->35M(89M) 3.535ms"
    ],
    [
        1771530975439,
        "[2026-02-19T19:56:15.439+0000][1416.576s][info][gc,start    ] GC(269) Pause Young (Normal) (G1 Evacuation Pause)"
    ],
    [
        1771530975442,
        "[2026-02-19T19:56:15.442+0000][1416.579s][info][gc          ] GC(269) Pause Young (Normal) (G1 Evacuation Pause) 76M->35M(89M) 2.604ms"
    ],
    [
        1771530975804,
        "[2026-02-19T19:56:15.804+0000][1455.324s][info][gc,start    ] GC(268) Pause Young (Normal) (G1 Evacuation Pause)"
    ],
    [
        1771530975807,
        "[2026-02-19T19:56:15.807+0000][1455.326s][info][gc          ] GC(268) Pause Young (Normal) (G1 Evacuation Pause) 76M->35M(89M) 2.450ms"
    ],
    [
        1771530976923,
        "[2026-02-19T19:56:16.923+0000][1418.060s][info][gc,start    ] GC(270) Pause Young (Normal) (G1 Evacuation Pause)"
    ],
    [
        1771530976926,
        "[2026-02-19T19:56:16.926+0000][1418.063s][info][gc          ] GC(270) Pause Young (Normal) (G1 Evacuation Pause) 76M->35M(89M) 2.354ms"
    ],
    [
        1771530977300,
        "[2026-02-19T19:56:17.300+0000][1456.819s][info][gc,start    ] GC(269) Pause Young (Normal) (G1 Evacuation Pause)"
    ],
    [
        1771530977303,
        "[2026-02-19T19:56:17.303+0000][1456.823s][info][gc          ] GC(269) Pause Young (Normal) (G1 Evacuation Pause) 76M->35M(89M) 3.320ms"
    ],
    [
        1771530978471,
        "[2026-02-19T19:56:18.471+0000][1419.608s][info][gc,start    ] GC(271) Pause Young (Normal) (G1 Evacuation Pause)"
    ],
    [
        1771530978474,
        "[2026-02-19T19:56:18.474+0000][1419.611s][info][gc          ] GC(271) Pause Young (Normal) (G1 Evacuation Pause) 76M->35M(89M) 2.585ms"
    ],
    [
        1771530978561,
        "[2026-02-19T19:56:18.561+0000][1458.080s][info][gc,start    ] GC(270) Pause Young (Normal) (G1 Evacuation Pause)"
    ],
    [
        1771530978564,
        "[2026-02-19T19:56:18.564+0000][1458.083s][info][gc          ] GC(270) Pause Young (Normal) (G1 Evacuation Pause) 76M->35M(89M) 3.280ms"
    ],
    [
        1771530980084,
        "[2026-02-19T19:56:20.084+0000][1459.604s][info][gc,start    ] GC(271) Pause Young (Normal) (G1 Evacuation Pause)"
    ],
    [
        1771530980086,
        "[2026-02-19T19:56:20.086+0000][1459.606s][info][gc          ] GC(271) Pause Young (Normal) (G1 Evacuation Pause) 76M->35M(89M) 2.204ms"
    ],
    [
        1771530980148,
        "[2026-02-19T19:56:20.148+0000][1421.285s][info][gc,start    ] GC(272) Pause Young (Normal) (G1 Evacuation Pause)"
    ],
    [
        1771530980151,
        "[2026-02-19T19:56:20.151+0000][1421.288s][info][gc          ] GC(272) Pause Young (Normal) (G1 Evacuation Pause) 76M->35M(89M) 3.030ms"
    ],
    [
        1771530981577,
        "[2026-02-19T19:56:21.577+0000][1461.097s][info][gc,start    ] GC(272) Pause Young (Normal) (G1 Evacuation Pause)"
    ],
    [
        1771530981581,
        "[2026-02-19T19:56:21.581+0000][1461.100s][info][gc          ] GC(272) Pause Young (Normal) (G1 Evacuation Pause) 76M->35M(89M) 3.191ms"
    ],
    [
        1771530981800,
        "[2026-02-19T19:56:21.800+0000][1422.937s][info][gc,start    ] GC(273) Pause Young (Normal) (G1 Evacuation Pause)"
    ],
    [
        1771530981802,
        "[2026-02-19T19:56:21.802+0000][1422.939s][info][gc          ] GC(273) Pause Young (Normal) (G1 Evacuation Pause) 76M->35M(89M) 2.252ms"
    ],
    [
        1771530983314,
        "[2026-02-19T19:56:23.314+0000][1462.833s][info][gc,start    ] GC(273) Pause Young (Normal) (G1 Evacuation Pause)"
    ],
    [
        1771530983317,
        "[2026-02-19T19:56:23.316+0000][1462.836s][info][gc          ] GC(273) Pause Young (Normal) (G1 Evacuation Pause) 76M->35M(89M) 2.716ms"
    ],
    [
        1771530983428,
        "[2026-02-19T19:56:23.428+0000][1424.565s][info][gc,start    ] GC(274) Pause Young (Normal) (G1 Evacuation Pause)"
    ],
    [
        1771530983431,
        "[2026-02-19T19:56:23.431+0000][1424.568s][info][gc          ] GC(274) Pause Young (Normal) (G1 Evacuation Pause) 76M->35M(89M) 2.844ms"
    ],
    [
        1771530985035,
        "[2026-02-19T19:56:25.035+0000][1464.554s][info][gc,start    ] GC(274) Pause Young (Normal) (G1 Evacuation Pause)"
    ],
    [
        1771530985037,
        "[2026-02-19T19:56:25.037+0000][1464.557s][info][gc          ] GC(274) Pause Young (Normal) (G1 Evacuation Pause) 76M->35M(89M) 2.451ms"
    ],
    [
        1771530985090,
        "[2026-02-19T19:56:25.090+0000][1426.227s][info][gc,start    ] GC(275) Pause Young (Normal) (G1 Evacuation Pause)"
    ],
    [
        1771530985092,
        "[2026-02-19T19:56:25.092+0000][1426.229s][info][gc          ] GC(275) Pause Young (Normal) (G1 Evacuation Pause) 76M->36M(89M) 2.002ms"
    ],
    [
        1771530986631,
        "[2026-02-19T19:56:26.631+0000][1427.768s][info][gc,start    ] GC(276) Pause Young (Normal) (G1 Evacuation Pause)"
    ],
    [
        1771530986633,
        "[2026-02-19T19:56:26.633+0000][1427.770s][info][gc          ] GC(276) Pause Young (Normal) (G1 Evacuation Pause) 77M->35M(89M) 2.094ms"
    ],
    [
        1771530986745,
        "[2026-02-19T19:56:26.744+0000][1466.264s][info][gc,start    ] GC(275) Pause Young (Normal) (G1 Evacuation Pause)"
    ],
    [
        1771530986747,
        "[2026-02-19T19:56:26.747+0000][1466.267s][info][gc          ] GC(275) Pause Young (Normal) (G1 Evacuation Pause) 76M->35M(89M) 2.621ms"
    ],
    [
        1771530988108,
        "[2026-02-19T19:56:28.108+0000][1429.245s][info][gc,start    ] GC(277) Pause Young (Normal) (G1 Evacuation Pause)"
    ],
    [
        1771530988111,
        "[2026-02-19T19:56:28.111+0000][1429.248s][info][gc          ] GC(277) Pause Young (Normal) (G1 Evacuation Pause) 76M->36M(89M) 2.795ms"
    ],
    [
        1771530988303,
        "[2026-02-19T19:56:28.303+0000][1467.822s][info][gc,start    ] GC(276) Pause Young (Normal) (G1 Evacuation Pause)"
    ],
    [
        1771530988305,
        "[2026-02-19T19:56:28.305+0000][1467.824s][info][gc          ] GC(276) Pause Young (Normal) (G1 Evacuation Pause) 76M->35M(89M) 1.796ms"
    ],
    [
        1771530989663,
        "[2026-02-19T19:56:29.663+0000][1430.800s][info][gc,start    ] GC(278) Pause Young (Normal) (G1 Evacuation Pause)"
    ],
    [
        1771530989667,
        "[2026-02-19T19:56:29.667+0000][1430.804s][info][gc          ] GC(278) Pause Young (Normal) (G1 Evacuation Pause) 77M->35M(89M) 3.410ms"
    ],
    [
        1771530989724,
        "[2026-02-19T19:56:29.723+0000][1469.243s][info][gc,start    ] GC(277) Pause Young (Normal) (G1 Evacuation Pause)"
    ],
    [
        1771530989726,
        "[2026-02-19T19:56:29.726+0000][1469.245s][info][gc          ] GC(277) Pause Young (Normal) (G1 Evacuation Pause) 76M->35M(89M) 2.045ms"
    ],
    [
        1771530991084,
        "[2026-02-19T19:56:31.084+0000][1432.221s][info][gc,start    ] GC(279) Pause Young (Normal) (G1 Evacuation Pause)"
    ],
    [
        1771530991087,
        "[2026-02-19T19:56:31.087+0000][1432.224s][info][gc          ] GC(279) Pause Young (Normal) (G1 Evacuation Pause) 76M->35M(89M) 3.097ms"
    ],
    [
        1771530991333,
        "[2026-02-19T19:56:31.333+0000][1470.852s][info][gc,start    ] GC(278) Pause Young (Normal) (G1 Evacuation Pause)"
    ],
    [
        1771530991335,
        "[2026-02-19T19:56:31.335+0000][1470.854s][info][gc          ] GC(278) Pause Young (Normal) (G1 Evacuation Pause) 76M->35M(89M) 2.080ms"
    ],
    [
        1771530992747,
        "[2026-02-19T19:56:32.747+0000][1433.884s][info][gc,start    ] GC(280) Pause Young (Normal) (G1 Evacuation Pause)"
    ],
    [
        1771530992750,
        "[2026-02-19T19:56:32.750+0000][1433.887s][info][gc          ] GC(280) Pause Young (Normal) (G1 Evacuation Pause) 76M->35M(89M) 3.190ms"
    ],
    [
        1771530992971,
        "[2026-02-19T19:56:32.971+0000][1472.490s][info][gc,start    ] GC(279) Pause Young (Normal) (G1 Evacuation Pause)"
    ],
    [
        1771530992974,
        "[2026-02-19T19:56:32.974+0000][1472.493s][info][gc          ] GC(279) Pause Young (Normal) (G1 Evacuation Pause) 76M->35M(89M) 3.268ms"
    ],
    [
        1771530994140,
        "[2026-02-19T19:56:34.140+0000][1435.277s][info][gc,start    ] GC(281) Pause Young (Normal) (G1 Evacuation Pause)"
    ],
    [
        1771530994142,
        "[2026-02-19T19:56:34.142+0000][1435.279s][info][gc          ] GC(281) Pause Young (Normal) (G1 Evacuation Pause) 76M->35M(89M) 1.991ms"
    ],
    [
        1771530994411,
        "[2026-02-19T19:56:34.411+0000][1473.931s][info][gc,start    ] GC(280) Pause Young (Normal) (G1 Evacuation Pause)"
    ],
    [
        1771530994415,
        "[2026-02-19T19:56:34.415+0000][1473.934s][info][gc          ] GC(280) Pause Young (Normal) (G1 Evacuation Pause) 76M->35M(89M) 3.426ms"
    ],
    [
        1771530995843,
        "[2026-02-19T19:56:35.843+0000][1436.980s][info][gc,start    ] GC(282) Pause Young (Normal) (G1 Evacuation Pause)"
    ],
    [
        1771530995846,
        "[2026-02-19T19:56:35.846+0000][1436.983s][info][gc          ] GC(282) Pause Young (Normal) (G1 Evacuation Pause) 76M->35M(89M) 3.135ms"
    ],
    [
        1771530996048,
        "[2026-02-19T19:56:36.048+0000][1475.568s][info][gc,start    ] GC(281) Pause Young (Normal) (G1 Evacuation Pause)"
    ],
    [
        1771530996051,
        "[2026-02-19T19:56:36.051+0000][1475.570s][info][gc          ] GC(281) Pause Young (Normal) (G1 Evacuation Pause) 76M->35M(89M) 2.436ms"
    ],
    [
        1771530997218,
        "[2026-02-19T19:56:37.218+0000][1438.355s][info][gc,start    ] GC(283) Pause Young (Normal) (G1 Evacuation Pause)"
    ],
    [
        1771530997221,
        "[2026-02-19T19:56:37.221+0000][1438.358s][info][gc          ] GC(283) Pause Young (Normal) (G1 Evacuation Pause) 76M->35M(89M) 2.985ms"
    ],
    [
        1771530997436,
        "[2026-02-19T19:56:37.436+0000][1476.955s][info][gc,start    ] GC(282) Pause Young (Normal) (G1 Evacuation Pause)"
    ],
    [
        1771530997438,
        "[2026-02-19T19:56:37.438+0000][1476.958s][info][gc          ] GC(282) Pause Young (Normal) (G1 Evacuation Pause) 76M->35M(89M) 2.622ms"
    ],
    [
        1771530998743,
        "[2026-02-19T19:56:38.743+0000][1439.880s][info][gc,start    ] GC(284) Pause Young (Normal) (G1 Evacuation Pause)"
    ],
    [
        1771530998745,
        "[2026-02-19T19:56:38.745+0000][1439.882s][info][gc          ] GC(284) Pause Young (Normal) (G1 Evacuation Pause) 76M->35M(89M) 2.129ms"
    ],
    [
        1771530999401,
        "[2026-02-19T19:56:39.401+0000][1478.921s][info][gc,start    ] GC(283) Pause Young (Normal) (G1 Evacuation Pause)"
    ],
    [
        1771530999404,
        "[2026-02-19T19:56:39.404+0000][1478.923s][info][gc          ] GC(283) Pause Young (Normal) (G1 Evacuation Pause) 76M->35M(89M) 2.719ms"
    ],
    [
        1771531000407,
        "[2026-02-19T19:56:40.407+0000][1441.544s][info][gc,start    ] GC(285) Pause Young (Normal) (G1 Evacuation Pause)"
    ],
    [
        1771531000411,
        "[2026-02-19T19:56:40.411+0000][1441.548s][info][gc          ] GC(285) Pause Young (Normal) (G1 Evacuation Pause) 76M->35M(89M) 3.373ms"
    ],
    [
        1771531000940,
        "[2026-02-19T19:56:40.940+0000][1480.460s][info][gc,start    ] GC(284) Pause Young (Normal) (G1 Evacuation Pause)"
    ],
    [
        1771531000943,
        "[2026-02-19T19:56:40.943+0000][1480.463s][info][gc          ] GC(284) Pause Young (Normal) (G1 Evacuation Pause) 76M->35M(89M) 2.949ms"
    ],
    [
        1771531002150,
        "[2026-02-19T19:56:42.150+0000][1443.287s][info][gc,start    ] GC(286) Pause Young (Normal) (G1 Evacuation Pause)"
    ],
    [
        1771531002153,
        "[2026-02-19T19:56:42.153+0000][1443.290s][info][gc          ] GC(286) Pause Young (Normal) (G1 Evacuation Pause) 76M->36M(89M) 3.180ms"
    ],
    [
        1771531002692,
        "[2026-02-19T19:56:42.692+0000][1482.211s][info][gc,start    ] GC(285) Pause Young (Normal) (G1 Evacuation Pause)"
    ],
    [
        1771531002695,
        "[2026-02-19T19:56:42.695+0000][1482.214s][info][gc          ] GC(285) Pause Young (Normal) (G1 Evacuation Pause) 76M->35M(89M) 3.098ms"
    ],
    [
        1771531003640,
        "[2026-02-19T19:56:43.640+0000][1444.777s][info][gc,start    ] GC(287) Pause Young (Normal) (G1 Evacuation Pause)"
    ],
    [
        1771531003641,
        "[2026-02-19T19:56:43.641+0000][1444.778s][info][gc          ] GC(287) Pause Young (Normal) (G1 Evacuation Pause) 77M->35M(89M) 1.910ms"
    ],
    [
        1771531004317,
        "[2026-02-19T19:56:44.316+0000][1483.836s][info][gc,start    ] GC(286) Pause Young (Normal) (G1 Evacuation Pause)"
    ],
    [
        1771531004319,
        "[2026-02-19T19:56:44.319+0000][1483.839s][info][gc          ] GC(286) Pause Young (Normal) (G1 Evacuation Pause) 76M->35M(89M) 2.615ms"
    ],
    [
        1771531005553,
        "[2026-02-19T19:56:45.553+0000][1446.690s][info][gc,start    ] GC(288) Pause Young (Normal) (G1 Evacuation Pause)"
    ],
    [
        1771531005556,
        "[2026-02-19T19:56:45.556+0000][1446.693s][info][gc          ] GC(288) Pause Young (Normal) (G1 Evacuation Pause) 76M->35M(89M) 2.928ms"
    ],
    [
        1771531006182,
        "[2026-02-19T19:56:46.182+0000][1485.701s][info][gc,start    ] GC(287) Pause Young (Normal) (G1 Evacuation Pause)"
    ],
    [
        1771531006184,
        "[2026-02-19T19:56:46.184+0000][1485.704s][info][gc          ] GC(287) Pause Young (Normal) (G1 Evacuation Pause) 76M->35M(89M) 2.516ms"
    ],
    [
        1771531007577,
        "[2026-02-19T19:56:47.576+0000][1448.714s][info][gc,start    ] GC(289) Pause Young (Normal) (G1 Evacuation Pause)"
    ],
    [
        1771531007579,
        "[2026-02-19T19:56:47.579+0000][1448.716s][info][gc          ] GC(289) Pause Young (Normal) (G1 Evacuation Pause) 76M->36M(89M) 2.838ms"
    ],
    [
        1771531007905,
        "[2026-02-19T19:56:47.905+0000][1487.424s][info][gc,start    ] GC(288) Pause Young (Normal) (G1 Evacuation Pause)"
    ],
    [
        1771531007907,
        "[2026-02-19T19:56:47.907+0000][1487.426s][info][gc          ] GC(288) Pause Young (Normal) (G1 Evacuation Pause) 76M->35M(89M) 2.035ms"
    ],
    [
        1771531009520,
        "[2026-02-19T19:56:49.520+0000][1450.657s][info][gc,start    ] GC(290) Pause Young (Normal) (G1 Evacuation Pause)"
    ],
    [
        1771531009523,
        "[2026-02-19T19:56:49.523+0000][1450.660s][info][gc          ] GC(290) Pause Young (Normal) (G1 Evacuation Pause) 76M->35M(89M) 3.367ms"
    ],
    [
        1771531009737,
        "[2026-02-19T19:56:49.737+0000][1489.256s][info][gc,start    ] GC(289) Pause Young (Normal) (G1 Evacuation Pause)"
    ],
    [
        1771531009740,
        "[2026-02-19T19:56:49.740+0000][1489.260s][info][gc          ] GC(289) Pause Young (Normal) (G1 Evacuation Pause) 76M->35M(89M) 3.292ms"
    ],
    [
        1771531011107,
        "[2026-02-19T19:56:51.107+0000][1452.244s][info][gc,start    ] GC(291) Pause Young (Normal) (G1 Evacuation Pause)"
    ],
    [
        1771531011110,
        "[2026-02-19T19:56:51.110+0000][1452.247s][info][gc          ] GC(291) Pause Young (Normal) (G1 Evacuation Pause) 75M->36M(89M) 2.338ms"
    ],
    [
        1771531011449,
        "[2026-02-19T19:56:51.449+0000][1490.968s][info][gc,start    ] GC(290) Pause Young (Normal) (G1 Evacuation Pause)"
    ],
    [
        1771531011452,
        "[2026-02-19T19:56:51.452+0000][1490.971s][info][gc          ] GC(290) Pause Young (Normal) (G1 Evacuation Pause) 76M->35M(89M) 3.189ms"
    ],
    [
        1771531012841,
        "[2026-02-19T19:56:52.841+0000][1453.978s][info][gc,start    ] GC(292) Pause Young (Normal) (G1 Evacuation Pause)"
    ],
    [
        1771531012843,
        "[2026-02-19T19:56:52.843+0000][1453.980s][info][gc          ] GC(292) Pause Young (Normal) (G1 Evacuation Pause) 76M->35M(89M) 1.910ms"
    ],
    [
        1771531013382,
        "[2026-02-19T19:56:53.382+0000][1492.902s][info][gc,start    ] GC(291) Pause Young (Normal) (G1 Evacuation Pause)"
    ],
    [
        1771531013385,
        "[2026-02-19T19:56:53.385+0000][1492.904s][info][gc          ] GC(291) Pause Young (Normal) (G1 Evacuation Pause) 76M->35M(89M) 2.412ms"
    ],
    [
        1771531014492,
        "[2026-02-19T19:56:54.492+0000][1455.629s][info][gc,start    ] GC(293) Pause Young (Normal) (G1 Evacuation Pause)"
    ],
    [
        1771531014494,
        "[2026-02-19T19:56:54.494+0000][1455.631s][info][gc          ] GC(293) Pause Young (Normal) (G1 Evacuation Pause) 75M->35M(89M) 2.146ms"
    ],
    [
        1771531015238,
        "[2026-02-19T19:56:55.238+0000][1494.758s][info][gc,start    ] GC(292) Pause Young (Normal) (G1 Evacuation Pause)"
    ],
    [
        1771531015241,
        "[2026-02-19T19:56:55.241+0000][1494.761s][info][gc          ] GC(292) Pause Young (Normal) (G1 Evacuation Pause) 76M->35M(89M) 2.878ms"
    ],
    [
        1771531016061,
        "[2026-02-19T19:56:56.061+0000][1457.198s][info][gc,start    ] GC(294) Pause Young (Normal) (G1 Evacuation Pause)"
    ],
    [
        1771531016063,
        "[2026-02-19T19:56:56.063+0000][1457.200s][info][gc          ] GC(294) Pause Young (Normal) (G1 Evacuation Pause) 75M->35M(89M) 2.560ms"
    ],
    [
        1771531017049,
        "[2026-02-19T19:56:57.049+0000][1496.568s][info][gc,start    ] GC(293) Pause Young (Normal) (G1 Evacuation Pause)"
    ],
    [
        1771531017053,
        "[2026-02-19T19:56:57.053+0000][1496.572s][info][gc          ] GC(293) Pause Young (Normal) (G1 Evacuation Pause) 76M->35M(89M) 3.789ms"
    ],
    [
        1771531018065,
        "[2026-02-19T19:56:58.065+0000][1459.202s][info][gc,start    ] GC(295) Pause Young (Normal) (G1 Evacuation Pause)"
    ],
    [
        1771531018067,
        "[2026-02-19T19:56:58.067+0000][1459.204s][info][gc          ] GC(295) Pause Young (Normal) (G1 Evacuation Pause) 75M->35M(89M) 2.037ms"
    ],
    [
        1771531019177,
        "[2026-02-19T19:56:59.177+0000][1498.696s][info][gc,start    ] GC(294) Pause Young (Normal) (G1 Evacuation Pause)"
    ],
    [
        1771531019179,
        "[2026-02-19T19:56:59.179+0000][1498.699s][info][gc          ] GC(294) Pause Young (Normal) (G1 Evacuation Pause) 76M->35M(89M) 2.898ms"
    ],
    [
        1771531019730,
        "[2026-02-19T19:56:59.729+0000][1460.867s][info][gc,start    ] GC(296) Pause Young (Normal) (G1 Evacuation Pause)"
    ],
    [
        1771531019732,
        "[2026-02-19T19:56:59.732+0000][1460.869s][info][gc          ] GC(296) Pause Young (Normal) (G1 Evacuation Pause) 75M->35M(89M) 2.539ms"
    ],
    [
        1771531021183,
        "[2026-02-19T19:57:01.183+0000][1500.702s][info][gc,start    ] GC(295) Pause Young (Normal) (G1 Evacuation Pause)"
    ],
    [
        1771531021186,
        "[2026-02-19T19:57:01.186+0000][1500.706s][info][gc          ] GC(295) Pause Young (Normal) (G1 Evacuation Pause) 76M->35M(89M) 3.468ms"
    ],
    [
        1771531021645,
        "[2026-02-19T19:57:01.645+0000][1462.782s][info][gc,start    ] GC(297) Pause Young (Normal) (G1 Evacuation Pause)"
    ],
    [
        1771531021654,
        "[2026-02-19T19:57:01.654+0000][1462.791s][info][gc          ] GC(297) Pause Young (Normal) (G1 Evacuation Pause) 75M->36M(89M) 8.559ms"
    ],
    [
        1771531023029,
        "[2026-02-19T19:57:03.029+0000][1502.549s][info][gc,start    ] GC(296) Pause Young (Normal) (G1 Evacuation Pause)"
    ],
    [
        1771531023043,
        "[2026-02-19T19:57:03.043+0000][1502.562s][info][gc          ] GC(296) Pause Young (Normal) (G1 Evacuation Pause) 76M->35M(89M) 13.698ms"
    ],
    [
        1771531023521,
        "[2026-02-19T19:57:03.521+0000][1464.658s][info][gc,start    ] GC(298) Pause Young (Normal) (G1 Evacuation Pause)"
    ],
    [
        1771531023523,
        "[2026-02-19T19:57:03.523+0000][1464.660s][info][gc          ] GC(298) Pause Young (Normal) (G1 Evacuation Pause) 76M->36M(89M) 1.888ms"
    ],
    [
        1771531025022,
        "[2026-02-19T19:57:05.022+0000][1504.542s][info][gc,start    ] GC(297) Pause Young (Normal) (G1 Evacuation Pause)"
    ],
    [
        1771531025025,
        "[2026-02-19T19:57:05.025+0000][1504.544s][info][gc          ] GC(297) Pause Young (Normal) (G1 Evacuation Pause) 76M->35M(89M) 2.661ms"
    ],
    [
        1771531025523,
        "[2026-02-19T19:57:05.523+0000][1466.660s][info][gc,start    ] GC(299) Pause Young (Normal) (G1 Evacuation Pause)"
    ],
    [
        1771531025525,
        "[2026-02-19T19:57:05.525+0000][1466.662s][info][gc          ] GC(299) Pause Young (Normal) (G1 Evacuation Pause) 76M->36M(89M) 2.145ms"
    ],
    [
        1771531027045,
        "[2026-02-19T19:57:07.045+0000][1506.565s][info][gc,start    ] GC(298) Pause Young (Normal) (G1 Evacuation Pause)"
    ],
    [
        1771531027056,
        "[2026-02-19T19:57:07.056+0000][1506.576s][info][gc          ] GC(298) Pause Young (Normal) (G1 Evacuation Pause) 76M->35M(89M) 11.381ms"
    ],
    [
        1771531027534,
        "[2026-02-19T19:57:07.534+0000][1468.671s][info][gc,start    ] GC(300) Pause Young (Normal) (G1 Evacuation Pause)"
    ],
    [
        1771531027537,
        "[2026-02-19T19:57:07.537+0000][1468.674s][info][gc          ] GC(300) Pause Young (Normal) (G1 Evacuation Pause) 76M->36M(89M) 3.025ms"
    ],
    [
        1771531029373,
        "[2026-02-19T19:57:09.373+0000][1508.893s][info][gc,start    ] GC(299) Pause Young (Normal) (G1 Evacuation Pause)"
    ],
    [
        1771531029376,
        "[2026-02-19T19:57:09.376+0000][1508.896s][info][gc          ] GC(299) Pause Young (Normal) (G1 Evacuation Pause) 76M->35M(89M) 2.728ms"
    ],
    [
        1771531029526,
        "[2026-02-19T19:57:09.526+0000][1470.663s][info][gc,start    ] GC(301) Pause Young (Normal) (G1 Evacuation Pause)"
    ],
    [
        1771531029528,
        "[2026-02-19T19:57:09.528+0000][1470.665s][info][gc          ] GC(301) Pause Young (Normal) (G1 Evacuation Pause) 76M->36M(89M) 2.010ms"
    ],
    [
        1771531031601,
        "[2026-02-19T19:57:11.601+0000][1511.121s][info][gc,start    ] GC(300) Pause Young (Normal) (G1 Evacuation Pause)"
    ],
    [
        1771531031603,
        "[2026-02-19T19:57:11.603+0000][1511.123s][info][gc          ] GC(300) Pause Young (Normal) (G1 Evacuation Pause) 76M->35M(89M) 2.010ms"
    ],
    [
        1771531031795,
        "[2026-02-19T19:57:11.795+0000][1472.932s][info][gc,start    ] GC(302) Pause Young (Normal) (G1 Evacuation Pause)"
    ],
    [
        1771531031800,
        "[2026-02-19T19:57:11.797+0000][1472.934s][info][gc          ] GC(302) Pause Young (Normal) (G1 Evacuation Pause) 76M->36M(89M) 2.369ms"
    ],
    [
        1771531034060,
        "[2026-02-19T19:57:14.060+0000][1475.197s][info][gc,start    ] GC(303) Pause Young (Normal) (G1 Evacuation Pause)"
    ],
    [
        1771531034063,
        "[2026-02-19T19:57:14.063+0000][1475.200s][info][gc          ] GC(303) Pause Young (Normal) (G1 Evacuation Pause) 76M->36M(89M) 2.852ms"
    ],
    [
        1771531034106,
        "[2026-02-19T19:57:14.106+0000][1513.625s][info][gc,start    ] GC(301) Pause Young (Normal) (G1 Evacuation Pause)"
    ],
    [
        1771531034108,
        "[2026-02-19T19:57:14.108+0000][1513.628s][info][gc          ] GC(301) Pause Young (Normal) (G1 Evacuation Pause) 76M->35M(89M) 2.633ms"
    ],
    [
        1771531036047,
        "[2026-02-19T19:57:16.047+0000][1477.184s][info][gc,start    ] GC(304) Pause Young (Normal) (G1 Evacuation Pause)"
    ],
    [
        1771531036049,
        "[2026-02-19T19:57:16.049+0000][1477.186s][info][gc          ] GC(304) Pause Young (Normal) (G1 Evacuation Pause) 76M->36M(89M) 2.567ms"
    ],
    [
        1771531036569,
        "[2026-02-19T19:57:16.569+0000][1516.088s][info][gc,start    ] GC(302) Pause Young (Normal) (G1 Evacuation Pause)"
    ],
    [
        1771531036572,
        "[2026-02-19T19:57:16.572+0000][1516.091s][info][gc          ] GC(302) Pause Young (Normal) (G1 Evacuation Pause) 76M->35M(89M) 3.239ms"
    ],
    [
        1771531038803,
        "[2026-02-19T19:57:18.803+0000][1479.940s][info][gc,start    ] GC(305) Pause Young (Normal) (G1 Evacuation Pause)"
    ],
    [
        1771531038807,
        "[2026-02-19T19:57:18.807+0000][1479.944s][info][gc          ] GC(305) Pause Young (Normal) (G1 Evacuation Pause) 76M->36M(89M) 4.218ms"
    ],
    [
        1771531039070,
        "[2026-02-19T19:57:19.069+0000][1518.589s][info][gc,start    ] GC(303) Pause Young (Normal) (G1 Evacuation Pause)"
    ],
    [
        1771531039071,
        "[2026-02-19T19:57:19.071+0000][1518.591s][info][gc          ] GC(303) Pause Young (Normal) (G1 Evacuation Pause) 76M->35M(89M) 1.888ms"
    ],
    [
        1771531041571,
        "[2026-02-19T19:57:21.571+0000][1521.090s][info][gc,start    ] GC(304) Pause Young (Normal) (G1 Evacuation Pause)"
    ],
    [
        1771531041574,
        "[2026-02-19T19:57:21.574+0000][1521.093s][info][gc          ] GC(304) Pause Young (Normal) (G1 Evacuation Pause) 76M->35M(89M) 2.865ms"
    ],
    [
        1771531041862,
        "[2026-02-19T19:57:21.862+0000][1482.999s][info][gc,start    ] GC(306) Pause Young (Normal) (G1 Evacuation Pause)"
    ],
    [
        1771531041864,
        "[2026-02-19T19:57:21.864+0000][1483.001s][info][gc          ] GC(306) Pause Young (Normal) (G1 Evacuation Pause) 76M->36M(89M) 1.779ms"
    ],
    [
        1771531044513,
        "[2026-02-19T19:57:24.513+0000][1524.032s][info][gc,start    ] GC(305) Pause Young (Normal) (G1 Evacuation Pause)"
    ],
    [
        1771531044515,
        "[2026-02-19T19:57:24.515+0000][1524.035s][info][gc          ] GC(305) Pause Young (Normal) (G1 Evacuation Pause) 76M->35M(89M) 2.437ms"
    ],
    [
        1771531044669,
        "[2026-02-19T19:57:24.668+0000][1485.805s][info][gc,start    ] GC(307) Pause Young (Normal) (G1 Evacuation Pause)"
    ],
    [
        1771531044672,
        "[2026-02-19T19:57:24.671+0000][1485.809s][info][gc          ] GC(307) Pause Young (Normal) (G1 Evacuation Pause) 76M->36M(89M) 3.052ms"
    ],
    [
        1771531047134,
        "[2026-02-19T19:57:27.134+0000][1488.271s][info][gc,start    ] GC(308) Pause Young (Normal) (G1 Evacuation Pause)"
    ],
    [
        1771531047136,
        "[2026-02-19T19:57:27.136+0000][1488.273s][info][gc          ] GC(308) Pause Young (Normal) (G1 Evacuation Pause) 76M->36M(89M) 1.852ms"
    ],
    [
        1771531047281,
        "[2026-02-19T19:57:27.281+0000][1526.801s][info][gc,start    ] GC(306) Pause Young (Normal) (G1 Evacuation Pause)"
    ],
    [
        1771531047285,
        "[2026-02-19T19:57:27.285+0000][1526.804s][info][gc          ] GC(306) Pause Young (Normal) (G1 Evacuation Pause) 76M->35M(89M) 3.388ms"
    ],
    [
        1771531049721,
        "[2026-02-19T19:57:29.721+0000][1490.858s][info][gc,start    ] GC(309) Pause Young (Normal) (G1 Evacuation Pause)"
    ],
    [
        1771531049723,
        "[2026-02-19T19:57:29.723+0000][1490.860s][info][gc          ] GC(309) Pause Young (Normal) (G1 Evacuation Pause) 76M->36M(89M) 2.328ms"
    ],
    [
        1771531049748,
        "[2026-02-19T19:57:29.747+0000][1529.267s][info][gc,start    ] GC(307) Pause Young (Normal) (G1 Evacuation Pause)"
    ],
    [
        1771531049749,
        "[2026-02-19T19:57:29.749+0000][1529.269s][info][gc          ] GC(307) Pause Young (Normal) (G1 Evacuation Pause) 76M->35M(89M) 1.901ms"
    ],
    [
        1771531052601,
        "[2026-02-19T19:57:32.601+0000][1532.121s][info][gc,start    ] GC(308) Pause Young (Normal) (G1 Evacuation Pause)"
    ],
    [
        1771531052604,
        "[2026-02-19T19:57:32.604+0000][1532.123s][info][gc          ] GC(308) Pause Young (Normal) (G1 Evacuation Pause) 76M->35M(89M) 2.525ms"
    ],
    [
        1771531053137,
        "[2026-02-19T19:57:33.137+0000][1494.274s][info][gc,start    ] GC(310) Pause Young (Normal) (G1 Evacuation Pause)"
    ],
    [
        1771531053139,
        "[2026-02-19T19:57:33.139+0000][1494.276s][info][gc          ] GC(310) Pause Young (Normal) (G1 Evacuation Pause) 76M->36M(89M) 2.752ms"
    ],
    [
        1771531055792,
        "[2026-02-19T19:57:35.792+0000][1535.312s][info][gc,start    ] GC(309) Pause Young (Normal) (G1 Evacuation Pause)"
    ],
    [
        1771531055794,
        "[2026-02-19T19:57:35.794+0000][1535.314s][info][gc          ] GC(309) Pause Young (Normal) (G1 Evacuation Pause) 76M->35M(89M) 2.209ms"
    ],
    [
        1771531055952,
        "[2026-02-19T19:57:35.952+0000][1497.089s][info][gc,start    ] GC(311) Pause Young (Normal) (G1 Evacuation Pause)"
    ],
    [
        1771531055955,
        "[2026-02-19T19:57:35.955+0000][1497.092s][info][gc          ] GC(311) Pause Young (Normal) (G1 Evacuation Pause) 76M->36M(89M) 3.155ms"
    ],
    [
        1771531059318,
        "[2026-02-19T19:57:39.318+0000][1538.838s][info][gc,start    ] GC(310) Pause Young (Normal) (G1 Evacuation Pause)"
    ],
    [
        1771531059320,
        "[2026-02-19T19:57:39.320+0000][1538.840s][info][gc          ] GC(310) Pause Young (Normal) (G1 Evacuation Pause) 76M->35M(89M) 2.310ms"
    ],
    [
        1771531060044,
        "[2026-02-19T19:57:40.044+0000][1501.181s][info][gc,start    ] GC(312) Pause Young (Normal) (G1 Evacuation Pause)"
    ],
    [
        1771531060047,
        "[2026-02-19T19:57:40.047+0000][1501.184s][info][gc          ] GC(312) Pause Young (Normal) (G1 Evacuation Pause) 76M->36M(89M) 2.532ms"
    ],
    [
        1771531062752,
        "[2026-02-19T19:57:42.752+0000][1542.271s][info][gc,start    ] GC(311) Pause Young (Normal) (G1 Evacuation Pause)"
    ],
    [
        1771531062753,
        "[2026-02-19T19:57:42.753+0000][1542.273s][info][gc          ] GC(311) Pause Young (Normal) (G1 Evacuation Pause) 76M->35M(89M) 1.612ms"
    ],
    [
        1771531064162,
        "[2026-02-19T19:57:44.162+0000][1505.299s][info][gc,start    ] GC(313) Pause Young (Normal) (G1 Evacuation Pause)"
    ],
    [
        1771531064164,
        "[2026-02-19T19:57:44.164+0000][1505.301s][info][gc          ] GC(313) Pause Young (Normal) (G1 Evacuation Pause) 76M->36M(89M) 1.769ms"
    ],
    [
        1771531066421,
        "[2026-02-19T19:57:46.421+0000][1545.941s][info][gc,start    ] GC(312) Pause Young (Normal) (G1 Evacuation Pause)"
    ],
    [
        1771531066423,
        "[2026-02-19T19:57:46.423+0000][1545.943s][info][gc          ] GC(312) Pause Young (Normal) (G1 Evacuation Pause) 76M->35M(89M) 2.097ms"
    ],
    [
        1771531068411,
        "[2026-02-19T19:57:48.411+0000][1509.548s][info][gc,start    ] GC(314) Pause Young (Normal) (G1 Evacuation Pause)"
    ],
    [
        1771531068413,
        "[2026-02-19T19:57:48.413+0000][1509.550s][info][gc          ] GC(314) Pause Young (Normal) (G1 Evacuation Pause) 76M->36M(89M) 2.314ms"
    ],
    [
        1771531070663,
        "[2026-02-19T19:57:50.663+0000][1550.182s][info][gc,start    ] GC(313) Pause Young (Normal) (G1 Evacuation Pause)"
    ],
    [
        1771531070664,
        "[2026-02-19T19:57:50.664+0000][1550.184s][info][gc          ] GC(313) Pause Young (Normal) (G1 Evacuation Pause) 76M->35M(89M) 1.413ms"
    ],
    [
        1771531072383,
        "[2026-02-19T19:57:52.383+0000][1513.520s][info][gc,start    ] GC(315) Pause Young (Normal) (G1 Evacuation Pause)"
    ],
    [
        1771531072386,
        "[2026-02-19T19:57:52.386+0000][1513.523s][info][gc          ] GC(315) Pause Young (Normal) (G1 Evacuation Pause) 76M->36M(89M) 2.848ms"
    ],
    [
        1771531075474,
        "[2026-02-19T19:57:55.474+0000][1554.993s][info][gc,start    ] GC(314) Pause Young (Normal) (G1 Evacuation Pause)"
    ],
    [
        1771531075477,
        "[2026-02-19T19:57:55.477+0000][1554.996s][info][gc          ] GC(314) Pause Young (Normal) (G1 Evacuation Pause) 76M->35M(89M) 2.733ms"
    ],
    [
        1771531077996,
        "[2026-02-19T19:57:57.996+0000][1519.133s][info][gc,start    ] GC(316) Pause Young (Normal) (G1 Evacuation Pause)"
    ],
    [
        1771531077998,
        "[2026-02-19T19:57:57.998+0000][1519.135s][info][gc          ] GC(316) Pause Young (Normal) (G1 Evacuation Pause) 76M->36M(89M) 2.173ms"
    ],
    [
        1771531081133,
        "[2026-02-19T19:58:01.133+0000][1560.652s][info][gc,start    ] GC(315) Pause Young (Normal) (G1 Evacuation Pause)"
    ],
    [
        1771531081136,
        "[2026-02-19T19:58:01.136+0000][1560.655s][info][gc          ] GC(315) Pause Young (Normal) (G1 Evacuation Pause) 76M->35M(89M) 3.271ms"
    ],
    [
        1771531083424,
        "[2026-02-19T19:58:03.424+0000][1524.561s][info][gc,start    ] GC(317) Pause Young (Normal) (G1 Evacuation Pause)"
    ],
    [
        1771531083428,
        "[2026-02-19T19:58:03.427+0000][1524.565s][info][gc          ] GC(317) Pause Young (Normal) (G1 Evacuation Pause) 76M->36M(89M) 3.068ms"
    ],
    [
        1771531087860,
        "[2026-02-19T19:58:07.860+0000][1567.379s][info][gc,start    ] GC(316) Pause Young (Normal) (G1 Evacuation Pause)"
    ],
    [
        1771531087862,
        "[2026-02-19T19:58:07.862+0000][1567.382s][info][gc          ] GC(316) Pause Young (Normal) (G1 Evacuation Pause) 76M->35M(89M) 2.672ms"
    ],
    [
        1771531090585,
        "[2026-02-19T19:58:10.584+0000][1531.722s][info][gc,start    ] GC(318) Pause Young (Normal) (G1 Evacuation Pause)"
    ],
    [
        1771531090588,
        "[2026-02-19T19:58:10.588+0000][1531.725s][info][gc          ] GC(318) Pause Young (Normal) (G1 Evacuation Pause) 76M->36M(89M) 3.027ms"
    ],
    [
        1771531099200,
        "[2026-02-19T19:58:19.200+0000][1578.720s][info][gc,start    ] GC(317) Pause Young (Normal) (G1 Evacuation Pause)"
    ],
    [
        1771531099203,
        "[2026-02-19T19:58:19.203+0000][1578.723s][info][gc          ] GC(317) Pause Young (Normal) (G1 Evacuation Pause) 76M->35M(89M) 3.091ms"
    ],
    [
        1771531102962,
        "[2026-02-19T19:58:22.961+0000][1544.098s][info][gc,start    ] GC(319) Pause Young (Normal) (G1 Evacuation Pause)"
    ],
    [
        1771531102964,
        "[2026-02-19T19:58:22.964+0000][1544.101s][info][gc          ] GC(319) Pause Young (Normal) (G1 Evacuation Pause) 76M->36M(89M) 2.938ms"
    ]
]
